Archive member included to satisfy reference by file (symbol)

/usr/lib/gcc/arm-none-eabi/13.2.1/../../../arm-none-eabi/lib/thumb/v7e-m+fp/hard/libm.a(libm_a-wf_sqrt.o)
                              CMakeFiles/BLDC_FOC.dir/Core/Src/FOC_Driver.c.obj (sqrtf)
/usr/lib/gcc/arm-none-eabi/13.2.1/../../../arm-none-eabi/lib/thumb/v7e-m+fp/hard/libm.a(libm_a-ef_sqrt.o)
                              /usr/lib/gcc/arm-none-eabi/13.2.1/../../../arm-none-eabi/lib/thumb/v7e-m+fp/hard/libm.a(libm_a-wf_sqrt.o) (__ieee754_sqrtf)
/usr/lib/gcc/arm-none-eabi/13.2.1/thumb/v7e-m+fp/hard/libgcc.a(_arm_addsubdf3.o)
                              CMakeFiles/BLDC_FOC.dir/Core/Src/main.c.obj (__aeabi_f2d)
/usr/lib/gcc/arm-none-eabi/13.2.1/thumb/v7e-m+fp/hard/libgcc.a(_arm_truncdfsf2.o)
                              CMakeFiles/BLDC_FOC.dir/Core/Src/main.c.obj (__aeabi_d2f)
/usr/lib/gcc/arm-none-eabi/13.2.1/thumb/v7e-m+fp/hard/libgcc.a(_aeabi_ldivmod.o)
                              cmake/stm32cubemx/CMakeFiles/STM32_Drivers.dir/__/__/Drivers/STM32G4xx_HAL_Driver/Src/stm32g4xx_hal_uart.c.obj (__aeabi_ldivmod)
/usr/lib/gcc/arm-none-eabi/13.2.1/thumb/v7e-m+fp/hard/libgcc.a(_aeabi_uldivmod.o)
                              cmake/stm32cubemx/CMakeFiles/STM32_Drivers.dir/__/__/Drivers/STM32G4xx_HAL_Driver/Src/stm32g4xx_hal_uart.c.obj (__aeabi_uldivmod)
/usr/lib/gcc/arm-none-eabi/13.2.1/thumb/v7e-m+fp/hard/libgcc.a(_udivmoddi4.o)
                              /usr/lib/gcc/arm-none-eabi/13.2.1/thumb/v7e-m+fp/hard/libgcc.a(_aeabi_ldivmod.o) (__udivmoddi4)
/usr/lib/gcc/arm-none-eabi/13.2.1/thumb/v7e-m+fp/hard/libgcc.a(_dvmd_tls.o)
                              /usr/lib/gcc/arm-none-eabi/13.2.1/thumb/v7e-m+fp/hard/libgcc.a(_aeabi_ldivmod.o) (__aeabi_ldiv0)
/usr/lib/gcc/arm-none-eabi/13.2.1/../../../arm-none-eabi/lib/thumb/v7e-m+fp/hard/libg_nano.a(libc_a-atof.o)
                              CMakeFiles/BLDC_FOC.dir/Core/Src/main.c.obj (atof)
/usr/lib/gcc/arm-none-eabi/13.2.1/../../../arm-none-eabi/lib/thumb/v7e-m+fp/hard/libg_nano.a(libc_a-strtod.o)
                              /usr/lib/gcc/arm-none-eabi/13.2.1/../../../arm-none-eabi/lib/thumb/v7e-m+fp/hard/libg_nano.a(libc_a-atof.o) (strtod)
/usr/lib/gcc/arm-none-eabi/13.2.1/../../../arm-none-eabi/lib/thumb/v7e-m+fp/hard/libg_nano.a(libc_a-impure.o)
                              /usr/lib/gcc/arm-none-eabi/13.2.1/../../../arm-none-eabi/lib/thumb/v7e-m+fp/hard/libg_nano.a(libc_a-strtod.o) (_impure_ptr)
/usr/lib/gcc/arm-none-eabi/13.2.1/../../../arm-none-eabi/lib/thumb/v7e-m+fp/hard/libg_nano.a(libc_a-gdtoa-gethex.o)
                              /usr/lib/gcc/arm-none-eabi/13.2.1/../../../arm-none-eabi/lib/thumb/v7e-m+fp/hard/libg_nano.a(libc_a-strtod.o) (__gethex)
/usr/lib/gcc/arm-none-eabi/13.2.1/../../../arm-none-eabi/lib/thumb/v7e-m+fp/hard/libg_nano.a(libc_a-init.o)
                              /usr/lib/gcc/arm-none-eabi/13.2.1/../../../arm-none-eabi/lib/thumb/v7e-m+fp/hard/crt0.o (__libc_init_array)
/usr/lib/gcc/arm-none-eabi/13.2.1/../../../arm-none-eabi/lib/thumb/v7e-m+fp/hard/libg_nano.a(libc_a-memset.o)
                              /usr/lib/gcc/arm-none-eabi/13.2.1/../../../arm-none-eabi/lib/thumb/v7e-m+fp/hard/crt0.o (memset)
/usr/lib/gcc/arm-none-eabi/13.2.1/../../../arm-none-eabi/lib/thumb/v7e-m+fp/hard/libg_nano.a(libc_a-errno.o)
                              CMakeFiles/BLDC_FOC.dir/Core/Src/sysmem.c.obj (__errno)
/usr/lib/gcc/arm-none-eabi/13.2.1/../../../arm-none-eabi/lib/thumb/v7e-m+fp/hard/libg_nano.a(libc_a-locale.o)
                              /usr/lib/gcc/arm-none-eabi/13.2.1/../../../arm-none-eabi/lib/thumb/v7e-m+fp/hard/libg_nano.a(libc_a-strtod.o) (__global_locale)
/usr/lib/gcc/arm-none-eabi/13.2.1/../../../arm-none-eabi/lib/thumb/v7e-m+fp/hard/libg_nano.a(libc_a-wctomb_r.o)
                              /usr/lib/gcc/arm-none-eabi/13.2.1/../../../arm-none-eabi/lib/thumb/v7e-m+fp/hard/libg_nano.a(libc_a-locale.o) (__ascii_wctomb)
/usr/lib/gcc/arm-none-eabi/13.2.1/../../../arm-none-eabi/lib/thumb/v7e-m+fp/hard/libg_nano.a(libc_a-memcpy.o)
                              /usr/lib/gcc/arm-none-eabi/13.2.1/../../../arm-none-eabi/lib/thumb/v7e-m+fp/hard/libg_nano.a(libc_a-strtod.o) (memcpy)
/usr/lib/gcc/arm-none-eabi/13.2.1/../../../arm-none-eabi/lib/thumb/v7e-m+fp/hard/libg_nano.a(libc_a-strncmp.o)
                              /usr/lib/gcc/arm-none-eabi/13.2.1/../../../arm-none-eabi/lib/thumb/v7e-m+fp/hard/libg_nano.a(libc_a-strtod.o) (strncmp)
/usr/lib/gcc/arm-none-eabi/13.2.1/../../../arm-none-eabi/lib/thumb/v7e-m+fp/hard/libg_nano.a(libc_a-strcmp.o)
                              /usr/lib/gcc/arm-none-eabi/13.2.1/../../../arm-none-eabi/lib/thumb/v7e-m+fp/hard/libg_nano.a(libc_a-locale.o) (strcmp)
/usr/lib/gcc/arm-none-eabi/13.2.1/../../../arm-none-eabi/lib/thumb/v7e-m+fp/hard/libg_nano.a(libc_a-exit.o)
                              /usr/lib/gcc/arm-none-eabi/13.2.1/../../../arm-none-eabi/lib/thumb/v7e-m+fp/hard/crt0.o (exit)
[...]
Memory Configuration

Name             Origin             Length             Attributes
RAM              0x20000000         0x00008000         xrw
FLASH            0x08000000         0x00020000         xr
*default*        0x00000000         0xffffffff

Linker script and memory map

LOAD /usr/lib/gcc/arm-none-eabi/13.2.1/thumb/v7e-m+fp/hard/crti.o
LOAD /usr/lib/gcc/arm-none-eabi/13.2.1/thumb/v7e-m+fp/hard/crtbegin.o
LOAD /usr/lib/gcc/arm-none-eabi/13.2.1/../../../arm-none-eabi/lib/thumb/v7e-m+fp/hard/crt0.o
LOAD cmake/stm32cubemx/CMakeFiles/STM32_Drivers.dir/__/__/Core/Src/system_stm32g4xx.c.obj
LOAD cmake/stm32cubemx/CMakeFiles/STM32_Drivers.dir/__/__/Drivers/STM32G4xx_HAL_Driver/Src/stm32g4xx_hal_adc.c.obj
LOAD cmake/stm32cubemx/CMakeFiles/STM32_Drivers.dir/__/__/Drivers/STM32G4xx_HAL_Driver/Src/stm32g4xx_hal_adc_ex.c.obj
LOAD cmake/stm32cubemx/CMakeFiles/STM32_Drivers.dir/__/__/Drivers/STM32G4xx_HAL_Driver/Src/stm32g4xx_ll_adc.c.obj
LOAD cmake/stm32cubemx/CMakeFiles/STM32_Drivers.dir/__/__/Drivers/STM32G4xx_HAL_Driver/Src/stm32g4xx_hal.c.obj
LOAD cmake/stm32cubemx/CMakeFiles/STM32_Drivers.dir/__/__/Drivers/STM32G4xx_HAL_Driver/Src/stm32g4xx_hal_rcc.c.obj
LOAD cmake/stm32cubemx/CMakeFiles/STM32_Drivers.dir/__/__/Drivers/STM32G4xx_HAL_Driver/Src/stm32g4xx_hal_rcc_ex.c.obj
LOAD cmake/stm32cubemx/CMakeFiles/STM32_Drivers.dir/__/__/Drivers/STM32G4xx_HAL_Driver/Src/stm32g4xx_hal_flash.c.obj
LOAD cmake/stm32cubemx/CMakeFiles/STM32_Drivers.dir/__/__/Drivers/STM32G4xx_HAL_Driver/Src/stm32g4xx_hal_flash_ex.c.obj
LOAD cmake/stm32cubemx/CMakeFiles/STM32_Drivers.dir/__/__/Drivers/STM32G4xx_HAL_Driver/Src/stm32g4xx_hal_flash_ramfunc.c.obj
LOAD cmake/stm32cubemx/CMakeFiles/STM32_Drivers.dir/__/__/Drivers/STM32G4xx_HAL_Driver/Src/stm32g4xx_hal_gpio.c.obj
LOAD cmake/stm32cubemx/CMakeFiles/STM32_Drivers.dir/__/__/Drivers/STM32G4xx_HAL_Driver/Src/stm32g4xx_hal_exti.c.obj
LOAD cmake/stm32cubemx/CMakeFiles/STM32_Drivers.dir/__/__/Drivers/STM32G4xx_HAL_Driver/Src/stm32g4xx_hal_dma.c.obj
LOAD cmake/stm32cubemx/CMakeFiles/STM32_Drivers.dir/__/__/Drivers/STM32G4xx_HAL_Driver/Src/stm32g4xx_hal_dma_ex.c.obj
LOAD cmake/stm32cubemx/CMakeFiles/STM32_Drivers.dir/__/__/Drivers/STM32G4xx_HAL_Driver/Src/stm32g4xx_hal_pwr.c.obj
LOAD cmake/stm32cubemx/CMakeFiles/STM32_Drivers.dir/__/__/Drivers/STM32G4xx_HAL_Driver/Src/stm32g4xx_hal_pwr_ex.c.obj
LOAD cmake/stm32cubemx/CMakeFiles/STM32_Drivers.dir/__/__/Drivers/STM32G4xx_HAL_Driver/Src/stm32g4xx_hal_cortex.c.obj
LOAD cmake/stm32cubemx/CMakeFiles/STM32_Drivers.dir/__/__/Drivers/STM32G4xx_HAL_Driver/Src/stm32g4xx_hal_cordic.c.obj
LOAD cmake/stm32cubemx/CMakeFiles/STM32_Drivers.dir/__/__/Drivers/STM32G4xx_HAL_Driver/Src/stm32g4xx_hal_fdcan.c.obj
LOAD cmake/stm32cubemx/CMakeFiles/STM32_Drivers.dir/__/__/Drivers/STM32G4xx_HAL_Driver/Src/stm32g4xx_hal_fmac.c.obj
LOAD cmake/stm32cubemx/CMakeFiles/STM32_Drivers.dir/__/__/Drivers/STM32G4xx_HAL_Driver/Src/stm32g4xx_hal_tim.c.obj
LOAD cmake/stm32cubemx/CMakeFiles/STM32_Drivers.dir/__/__/Drivers/STM32G4xx_HAL_Driver/Src/stm32g4xx_hal_tim_ex.c.obj
LOAD cmake/stm32cubemx/CMakeFiles/STM32_Drivers.dir/__/__/Drivers/STM32G4xx_HAL_Driver/Src/stm32g4xx_hal_uart.c.obj
LOAD cmake/stm32cubemx/CMakeFiles/STM32_Drivers.dir/__/__/Drivers/STM32G4xx_HAL_Driver/Src/stm32g4xx_hal_uart_ex.c.obj
LOAD CMakeFiles/BLDC_FOC.dir/Core/Src/main.c.obj
LOAD CMakeFiles/BLDC_FOC.dir/Core/Src/gpio.c.obj
LOAD CMakeFiles/BLDC_FOC.dir/Core/Src/adc.c.obj
LOAD CMakeFiles/BLDC_FOC.dir/Core/Src/cordic.c.obj
LOAD CMakeFiles/BLDC_FOC.dir/Core/Src/fdcan.c.obj
LOAD CMakeFiles/BLDC_FOC.dir/Core/Src/fmac.c.obj
LOAD CMakeFiles/BLDC_FOC.dir/Core/Src/tim.c.obj
LOAD CMakeFiles/BLDC_FOC.dir/Core/Src/usart.c.obj
LOAD CMakeFiles/BLDC_FOC.dir/Core/Src/FOC_Driver.c.obj
LOAD CMakeFiles/BLDC_FOC.dir/Core/Src/Hall.c.obj
LOAD CMakeFiles/BLDC_FOC.dir/Core/Src/stm32g4xx_it.c.obj
LOAD CMakeFiles/BLDC_FOC.dir/Core/Src/stm32g4xx_hal_msp.c.obj
LOAD CMakeFiles/BLDC_FOC.dir/Core/Src/sysmem.c.obj
LOAD CMakeFiles/BLDC_FOC.dir/Core/Src/syscalls.c.obj
LOAD CMakeFiles/BLDC_FOC.dir/startup_stm32g431xx.s.obj
LOAD /usr/lib/gcc/arm-none-eabi/13.2.1/../../../arm-none-eabi/lib/thumb/v7e-m+fp/hard/libm.a
START GROUP
LOAD /usr/lib/gcc/arm-none-eabi/13.2.1/thumb/v7e-m+fp/hard/libgcc.a
LOAD /usr/lib/gcc/arm-none-eabi/13.2.1/../../../arm-none-eabi/lib/thumb/v7e-m+fp/hard/libg_nano.a
LOAD /usr/lib/gcc/arm-none-eabi/13.2.1/../../../arm-none-eabi/lib/thumb/v7e-m+fp/hard/libc_nano.a
END GROUP
START GROUP
LOAD /usr/lib/gcc/arm-none-eabi/13.2.1/thumb/v7e-m+fp/hard/libgcc.a
LOAD /usr/lib/gcc/arm-none-eabi/13.2.1/../../../arm-none-eabi/lib/thumb/v7e-m+fp/hard/libc_nano.a
END GROUP
LOAD /usr/lib/gcc/arm-none-eabi/13.2.1/thumb/v7e-m+fp/hard/crtend.o
LOAD /usr/lib/gcc/arm-none-eabi/13.2.1/thumb/v7e-m+fp/hard/crtn.o
                0x20008000                        _estack = (ORIGIN (RAM) + LENGTH (RAM))
                0x00000200                        _Min_Heap_Size = 0x200
                0x00000400                        _Min_Stack_Size = 0x400

.isr_vector     0x08000000      0x1d8
                0x08000000                        . = ALIGN (0x4)
 *(.isr_vector)
 .isr_vector    0x08000000      0x1d8 CMakeFiles/BLDC_FOC.dir/startup_stm32g431xx.s.obj
                0x08000000                g_pfnVectors
                0x080001d8                        . = ALIGN (0x4)

.text           0x080001e0     0xa450
                0x080001e0                        . = ALIGN (0x4)
 *(.text)
 .text          0x080001e0       0x88 /usr/lib/gcc/arm-none-eabi/13.2.1/thumb/v7e-m+fp/hard/crtbegin.o
 .text          0x08000268      0x378 /usr/lib/gcc/arm-none-eabi/13.2.1/thumb/v7e-m+fp/hard/libgcc.a(_arm_addsubdf3.o)
                0x08000268                __aeabi_drsub
                0x08000270                __aeabi_dsub
                0x08000270                __subdf3
                0x08000274                __adddf3
                0x08000274                __aeabi_dadd
                0x080004ec                __aeabi_ui2d
                0x080004ec                __floatunsidf
                0x0800050c                __floatsidf
                0x0800050c                __aeabi_i2d
                0x08000530                __extendsfdf2
                0x08000530                __aeabi_f2d
                0x08000574                __aeabi_ul2d
                0x08000574                __floatundidf
                0x08000584                __floatdidf
                0x08000584                __aeabi_l2d
 .text          0x080005e0       0xa0 /usr/lib/gcc/arm-none-eabi/13.2.1/thumb/v7e-m+fp/hard/libgcc.a(_arm_truncdfsf2.o)
                0x080005e0                __aeabi_d2f
                0x080005e0                __truncdfsf2
 .text          0x08000680       0x30 /usr/lib/gcc/arm-none-eabi/13.2.1/thumb/v7e-m+fp/hard/libgcc.a(_aeabi_uldivmod.o)
                0x08000680                __aeabi_uldivmod
 .text          0x080006b0      0x2bc /usr/lib/gcc/arm-none-eabi/13.2.1/thumb/v7e-m+fp/hard/libgcc.a(_udivmoddi4.o)
                0x080006b0                __udivmoddi4
 .text          0x0800096c        0x4 /usr/lib/gcc/arm-none-eabi/13.2.1/thumb/v7e-m+fp/hard/libgcc.a(_dvmd_tls.o)
                0x0800096c                __aeabi_ldiv0
                0x0800096c                __aeabi_idiv0
 .text          0x08000970        0x8 /usr/lib/gcc/arm-none-eabi/13.2.1/../../../arm-none-eabi/lib/thumb/v7e-m+fp/hard/libg_nano.a(libc_a-atof.o)
                0x08000970                atof
 .text          0x08000978     0x11bc /usr/lib/gcc/arm-none-eabi/13.2.1/../../../arm-none-eabi/lib/thumb/v7e-m+fp/hard/libg_nano.a(libc_a-strtod.o)
                0x08000978                _strtod_l
                0x0800196c                _strtod_r
                0x08001978                strtod_l
                0x08001994                strtod
                0x080019b4                strtof_l
                0x08001a64                strtof
 .text          0x08001b34      0x630 /usr/lib/gcc/arm-none-eabi/13.2.1/../../../arm-none-eabi/lib/thumb/v7e-m+fp/hard/libg_nano.a(libc_a-gdtoa-gethex.o)
                0x08001bd8                __gethex
 .text          0x08002164       0x50 /usr/lib/gcc/arm-none-eabi/13.2.1/../../../arm-none-eabi/lib/thumb/v7e-m+fp/hard/libg_nano.a(libc_a-init.o)
                0x08002164                __libc_init_array
 .text          0x080021b4       0xa4 /usr/lib/gcc/arm-none-eabi/13.2.1/../../../arm-none-eabi/lib/thumb/v7e-m+fp/hard/libg_nano.a(libc_a-memset.o)
                0x080021b4                memset
 .text          0x08002258        0xc /usr/lib/gcc/arm-none-eabi/13.2.1/../../../arm-none-eabi/lib/thumb/v7e-m+fp/hard/libg_nano.a(libc_a-errno.o)
                0x08002258                __errno
 .text          0x08002264       0x30 /usr/lib/gcc/arm-none-eabi/13.2.1/../../../arm-none-eabi/lib/thumb/v7e-m+fp/hard/libg_nano.a(libc_a-wctomb_r.o)
                0x08002264                _wctomb_r
                0x08002278                __ascii_wctomb
 .text          0x08002294      0x134 /usr/lib/gcc/arm-none-eabi/13.2.1/../../../arm-none-eabi/lib/thumb/v7e-m+fp/hard/libg_nano.a(libc_a-memcpy.o)
                0x08002294                memcpy
 .text          0x080023c8       0x8c /usr/lib/gcc/arm-none-eabi/13.2.1/../../../arm-none-eabi/lib/thumb/v7e-m+fp/hard/libg_nano.a(libc_a-strncmp.o)
                0x080023c8                strncmp
 .text          0x08002454      0x114 /usr/lib/gcc/arm-none-eabi/13.2.1/../../../arm-none-eabi/lib/thumb/v7e-m+fp/hard/libg_nano.a(libc_a-snprintf.o)
                0x08002454                _sniprintf_r
                0x08002454                _snprintf_r
                0x080024d8                snprintf
                0x080024d8                sniprintf
 .text          0x08002568      0x204 /usr/lib/gcc/arm-none-eabi/13.2.1/../../../arm-none-eabi/lib/thumb/v7e-m+fp/hard/libg_nano.a(libc_a-gdtoa-hexnan.o)
                0x08002568                __match
                0x080025a0                __hexnan
 *fill*         0x0800276c        0x4 
 .text          0x08002770       0x10 /usr/lib/gcc/arm-none-eabi/13.2.1/../../../arm-none-eabi/lib/thumb/v7e-m+fp/hard/libg_nano.a(libm_a-s_nan.o)
                0x08002770                nan
 .text          0x08002780        0xc /usr/lib/gcc/arm-none-eabi/13.2.1/../../../arm-none-eabi/lib/thumb/v7e-m+fp/hard/libg_nano.a(libm_a-sf_nan.o)
                0x08002780                nanf
 .text          0x0800278c       0x4c /usr/lib/gcc/arm-none-eabi/13.2.1/../../../arm-none-eabi/lib/thumb/v7e-m+fp/hard/libg_nano.a(libc_a-assert.o)
                0x0800278c                __assert_func
                0x080027cc                __assert
 .text          0x080027d8      0xb10 /usr/lib/gcc/arm-none-eabi/13.2.1/../../../arm-none-eabi/lib/thumb/v7e-m+fp/hard/libg_nano.a(libc_a-mprec.o)
                0x080027d8                _Balloc
                0x08002858                _Bfree
                0x080028a0                __multadd
                0x0800293c                __s2b
                0x080029f0                __hi0bits
                0x08002a34                __lo0bits
                0x08002a94                __i2b
                0x08002ac0                __multiply
                0x08002c2c                __pow5mult
                0x08002d0c                __lshift
                0x08002df4                __mcmp
                0x08002e38                __mdiff
                0x08002fb0                __ulp
                0x08003014                __b2d
                0x080030d0                __d2b
                0x08003190                __ratio
                0x080031f0                _mprec_log10
                0x08003230                __copybits
                0x0800328c                __any_on
 .text          0x080032e8      0x400 /usr/lib/gcc/arm-none-eabi/13.2.1/../../../arm-none-eabi/lib/thumb/v7e-m+fp/hard/libg_nano.a(libc_a-nano-svfprintf.o)
                0x080032e8                __ssputs_r
                0x080033a8                __ssprint_r
                0x080034b0                _svfprintf_r
                0x080034b0                _svfiprintf_r
 .text          0x080036e8       0x40 /usr/lib/gcc/arm-none-eabi/13.2.1/../../../arm-none-eabi/lib/thumb/v7e-m+fp/hard/libg_nano.a(libc_a-mbtowc_r.o)
                0x080036e8                _mbtowc_r
                0x080036fc                __ascii_mbtowc
 .text          0x08003728      0x224 /usr/lib/gcc/arm-none-eabi/13.2.1/../../../arm-none-eabi/lib/thumb/v7e-m+fp/hard/libg_nano.a(libc_a-findfp.o)
                0x08003858                __sfp
                0x080038fc                __sinit
                0x0800391c                __sfp_lock_acquire
                0x08003920                __sfp_lock_release
                0x08003924                __fp_lock_all
                0x08003938                __fp_unlock_all
 .text          0x0800394c       0x10 /usr/lib/gcc/arm-none-eabi/13.2.1/../../../arm-none-eabi/lib/thumb/v7e-m+fp/hard/libg_nano.a(libc_a-abort.o)
                0x0800394c                abort
 .text          0x0800395c      0x1a8 /usr/lib/gcc/arm-none-eabi/13.2.1/../../../arm-none-eabi/lib/thumb/v7e-m+fp/hard/libg_nano.a(libc_a-fflush.o)
                0x0800395c                __sflush_r
                0x08003a80                _fflush_r
                0x08003ab8                fflush
 .text          0x08003b04       0x28 /usr/lib/gcc/arm-none-eabi/13.2.1/../../../arm-none-eabi/lib/thumb/v7e-m+fp/hard/libg_nano.a(libc_a-callocr.o)
                0x08003b04                _calloc_r
 .text          0x08003b2c      0x148 /usr/lib/gcc/arm-none-eabi/13.2.1/../../../arm-none-eabi/lib/thumb/v7e-m+fp/hard/libg_nano.a(libc_a-mallocr.o)
                0x08003b74                _malloc_r
 .text          0x08003c74       0xbc /usr/lib/gcc/arm-none-eabi/13.2.1/../../../arm-none-eabi/lib/thumb/v7e-m+fp/hard/libg_nano.a(libc_a-freer.o)
                0x08003c74                _free_r
 .text          0x08003d30      0x100 /usr/lib/gcc/arm-none-eabi/13.2.1/../../../arm-none-eabi/lib/thumb/v7e-m+fp/hard/libg_nano.a(libc_a-memmove.o)
                0x08003d30                memmove
 .text          0x08003e30       0x44 /usr/lib/gcc/arm-none-eabi/13.2.1/../../../arm-none-eabi/lib/thumb/v7e-m+fp/hard/libg_nano.a(libc_a-fwalk.o)
                0x08003e30                _fwalk_sglue
 *fill*         0x08003e74        0xc 
 .text          0x08003e80       0xa0 /usr/lib/gcc/arm-none-eabi/13.2.1/../../../arm-none-eabi/lib/thumb/v7e-m+fp/hard/libg_nano.a(libc_a-memchr.o)
                0x08003e80                memchr
 .text          0x08003f20       0x20 /usr/lib/gcc/arm-none-eabi/13.2.1/../../../arm-none-eabi/lib/thumb/v7e-m+fp/hard/libg_nano.a(libc_a-malloc.o)
                0x08003f20                malloc
                0x08003f30                free
 .text          0x08003f40       0x44 /usr/lib/gcc/arm-none-eabi/13.2.1/../../../arm-none-eabi/lib/thumb/v7e-m+fp/hard/libg_nano.a(libc_a-fprintf.o)
                0x08003f40                _fprintf_r
                0x08003f40                _fiprintf_r
                0x08003f5c                fprintf
                0x08003f5c                fiprintf
 .text          0x08003f84       0x64 /usr/lib/gcc/arm-none-eabi/13.2.1/../../../arm-none-eabi/lib/thumb/v7e-m+fp/hard/libg_nano.a(libc_a-reallocr.o)
                0x08003f84                _realloc_r
 .text          0x08003fe8      0x3a8 /usr/lib/gcc/arm-none-eabi/13.2.1/../../../arm-none-eabi/lib/thumb/v7e-m+fp/hard/libg_nano.a(libc_a-nano-vfprintf_i.o)
                0x08003fe8                _printf_common
                0x0800410c                _printf_i
 .text          0x08004390        0x8 /usr/lib/gcc/arm-none-eabi/13.2.1/../../../arm-none-eabi/lib/thumb/v7e-m+fp/hard/libg_nano.a(libc_a-mlock.o)
                0x08004390                __malloc_lock
                0x08004394                __malloc_unlock
 .text          0x08004398      0x314 /usr/lib/gcc/arm-none-eabi/13.2.1/../../../arm-none-eabi/lib/thumb/v7e-m+fp/hard/libg_nano.a(libc_a-nano-vfprintf.o)
                0x080043d4                __sfputs_r
                0x08004404                __sprint_r
                0x08004424                _vfiprintf_r
                0x08004424                _vfprintf_r
                0x08004690                vfiprintf
                0x08004690                vfprintf
 .text          0x080046ac       0xa0 /usr/lib/gcc/arm-none-eabi/13.2.1/../../../arm-none-eabi/lib/thumb/v7e-m+fp/hard/libg_nano.a(libc_a-wbuf.o)
                0x080046ac                __swbuf_r
                0x08004734                __swbuf
 .text          0x0800474c       0x24 /usr/lib/gcc/arm-none-eabi/13.2.1/../../../arm-none-eabi/lib/thumb/v7e-m+fp/hard/libg_nano.a(libc_a-sbrkr.o)
                0x0800474c                _sbrk_r
 .text          0x08004770       0x94 /usr/lib/gcc/arm-none-eabi/13.2.1/../../../arm-none-eabi/lib/thumb/v7e-m+fp/hard/libg_nano.a(libc_a-stdio.o)
                0x08004770                __sread
                0x08004794                __seofread
                0x08004798                __swrite
                0x080047d8                __sseek
                0x080047fc                __sclose
 .text          0x08004804       0x10 /usr/lib/gcc/arm-none-eabi/13.2.1/../../../arm-none-eabi/lib/thumb/v7e-m+fp/hard/libg_nano.a(libc_a-msizer.o)
                0x08004804                _malloc_usable_size_r
 .text          0x08004814      0x300 /usr/lib/gcc/arm-none-eabi/13.2.1/../../../arm-none-eabi/lib/thumb/v7e-m+fp/hard/libg_nano.a(libc_a-fvwrite.o)
                0x08004814                __sfvwrite_r
 .text          0x08004b14      0x260 /usr/lib/gcc/arm-none-eabi/13.2.1/../../../arm-none-eabi/lib/thumb/v7e-m+fp/hard/libg_nano.a(libc_a-signal.o)
                0x08004b14                _init_signal_r
                0x08004b40                _signal_r
                0x08004b8c                _raise_r
                0x08004bdc                __sigtramp_r
                0x08004c3c                raise
                0x08004c90                signal
                0x08004cdc                _init_signal
                0x08004d10                __sigtramp
 .text          0x08004d74       0x24 /usr/lib/gcc/arm-none-eabi/13.2.1/../../../arm-none-eabi/lib/thumb/v7e-m+fp/hard/libg_nano.a(libc_a-closer.o)
                0x08004d74                _close_r
 .text          0x08004d98       0xc4 /usr/lib/gcc/arm-none-eabi/13.2.1/../../../arm-none-eabi/lib/thumb/v7e-m+fp/hard/libg_nano.a(libc_a-wsetup.o)
                0x08004d98                __swsetup_r
 .text          0x08004e5c       0x2c /usr/lib/gcc/arm-none-eabi/13.2.1/../../../arm-none-eabi/lib/thumb/v7e-m+fp/hard/libg_nano.a(libc_a-readr.o)
                0x08004e5c                _read_r
 .text          0x08004e88      0x114 /usr/lib/gcc/arm-none-eabi/13.2.1/../../../arm-none-eabi/lib/thumb/v7e-m+fp/hard/libg_nano.a(libc_a-makebuf.o)
                0x08004e88                __smakebuf_r
                0x08004f4c                __swhatbuf_r
 .text          0x08004f9c       0x2c /usr/lib/gcc/arm-none-eabi/13.2.1/../../../arm-none-eabi/lib/thumb/v7e-m+fp/hard/libg_nano.a(libc_a-lseekr.o)
                0x08004f9c                _lseek_r
 .text          0x08004fc8       0x2c /usr/lib/gcc/arm-none-eabi/13.2.1/../../../arm-none-eabi/lib/thumb/v7e-m+fp/hard/libg_nano.a(libc_a-writer.o)
                0x08004fc8                _write_r
 .text          0x08004ff4       0x24 /usr/lib/gcc/arm-none-eabi/13.2.1/../../../arm-none-eabi/lib/thumb/v7e-m+fp/hard/libg_nano.a(libc_a-isattyr.o)
                0x08004ff4                _isatty_r
 .text          0x08005018       0x30 /usr/lib/gcc/arm-none-eabi/13.2.1/../../../arm-none-eabi/lib/thumb/v7e-m+fp/hard/libg_nano.a(libc_a-signalr.o)
                0x08005018                _kill_r
                0x08005044                _getpid_r
 .text          0x08005048       0x2c /usr/lib/gcc/arm-none-eabi/13.2.1/../../../arm-none-eabi/lib/thumb/v7e-m+fp/hard/libg_nano.a(libc_a-fstatr.o)
                0x08005048                _fstat_r
 .text          0x08005074      0x424 /usr/lib/gcc/arm-none-eabi/13.2.1/thumb/v7e-m+fp/hard/libgcc.a(_arm_muldivdf3.o)
                0x08005074                __aeabi_dmul
                0x08005074                __muldf3
                0x080052c8                __aeabi_ddiv
                0x080052c8                __divdf3
 .text          0x08005498      0x110 /usr/lib/gcc/arm-none-eabi/13.2.1/thumb/v7e-m+fp/hard/libgcc.a(_arm_cmpdf2.o)
                0x08005498                __gtdf2
                0x08005498                __gedf2
                0x080054a0                __ltdf2
                0x080054a0                __ledf2
                0x080054a8                __cmpdf2
                0x080054a8                __eqdf2
                0x080054a8                __nedf2
                0x08005524                __aeabi_cdrcmple
                0x08005534                __aeabi_cdcmple
                0x08005534                __aeabi_cdcmpeq
                0x08005544                __aeabi_dcmpeq
                0x08005558                __aeabi_dcmplt
                0x0800556c                __aeabi_dcmple
                0x08005580                __aeabi_dcmpge
                0x08005594                __aeabi_dcmpgt
 .text          0x080055a8       0x2c /usr/lib/gcc/arm-none-eabi/13.2.1/thumb/v7e-m+fp/hard/libgcc.a(_arm_unorddf2.o)
                0x080055a8                __aeabi_dcmpun
                0x080055a8                __unorddf2
 .text          0x080055d4       0x40 /usr/lib/gcc/arm-none-eabi/13.2.1/thumb/v7e-m+fp/hard/libgcc.a(_arm_fixunsdfsi.o)
                0x080055d4                __fixunsdfsi
                0x080055d4                __aeabi_d2uiz
 .text          0x08005614       0x30 /usr/lib/gcc/arm-none-eabi/13.2.1/thumb/v7e-m+fp/hard/libgcc.a(_fixdfdi.o)
                0x08005614                __aeabi_d2lz
                0x08005614                __fixdfdi
 .text          0x08005644       0x3c /usr/lib/gcc/arm-none-eabi/13.2.1/thumb/v7e-m+fp/hard/libgcc.a(_fixunsdfdi.o)
                0x08005644                __aeabi_d2ulz
                0x08005644                __fixunsdfdi
 *(.text*)
 .text.SystemInit
                0x08005680       0x14 cmake/stm32cubemx/CMakeFiles/STM32_Drivers.dir/__/__/Core/Src/system_stm32g4xx.c.obj
                0x08005680                SystemInit
 .text.LL_ADC_SetChannelSamplingTime
                0x08005694       0x20 cmake/stm32cubemx/CMakeFiles/STM32_Drivers.dir/__/__/Drivers/STM32G4xx_HAL_Driver/Src/stm32g4xx_hal_adc.c.obj
 .text.LL_ADC_IsEnabled
                0x080056b4        0x8 cmake/stm32cubemx/CMakeFiles/STM32_Drivers.dir/__/__/Drivers/STM32G4xx_HAL_Driver/Src/stm32g4xx_hal_adc.c.obj
 .text.LL_ADC_REG_IsConversionOngoing
                0x080056bc        0x8 cmake/stm32cubemx/CMakeFiles/STM32_Drivers.dir/__/__/Drivers/STM32G4xx_HAL_Driver/Src/stm32g4xx_hal_adc.c.obj
 .text.HAL_ADC_Init
                0x080056c4      0x1e0 cmake/stm32cubemx/CMakeFiles/STM32_Drivers.dir/__/__/Drivers/STM32G4xx_HAL_Driver/Src/stm32g4xx_hal_adc.c.obj
                0x080056c4                HAL_ADC_Init
 .text.HAL_ADC_ConfigChannel
                0x080058a4      0x3a8 cmake/stm32cubemx/CMakeFiles/STM32_Drivers.dir/__/__/Drivers/STM32G4xx_HAL_Driver/Src/stm32g4xx_hal_adc.c.obj
                0x080058a4                HAL_ADC_ConfigChannel
 .text.ADC_Enable
                0x08005c4c       0xb4 cmake/stm32cubemx/CMakeFiles/STM32_Drivers.dir/__/__/Drivers/STM32G4xx_HAL_Driver/Src/stm32g4xx_hal_adc.c.obj
                0x08005c4c                ADC_Enable
 .text.ADC_Disable
                0x08005d00       0x6a cmake/stm32cubemx/CMakeFiles/STM32_Drivers.dir/__/__/Drivers/STM32G4xx_HAL_Driver/Src/stm32g4xx_hal_adc.c.obj
                0x08005d00                ADC_Disable
 .text.LL_ADC_SetChannelSamplingTime
                0x08005d6a       0x20 cmake/stm32cubemx/CMakeFiles/STM32_Drivers.dir/__/__/Drivers/STM32G4xx_HAL_Driver/Src/stm32g4xx_hal_adc_ex.c.obj
 .text.LL_ADC_IsEnabled
                0x08005d8a        0x8 cmake/stm32cubemx/CMakeFiles/STM32_Drivers.dir/__/__/Drivers/STM32G4xx_HAL_Driver/Src/stm32g4xx_hal_adc_ex.c.obj
 .text.LL_ADC_REG_IsConversionOngoing
                0x08005d92        0x8 cmake/stm32cubemx/CMakeFiles/STM32_Drivers.dir/__/__/Drivers/STM32G4xx_HAL_Driver/Src/stm32g4xx_hal_adc_ex.c.obj
 .text.LL_ADC_INJ_IsConversionOngoing
                0x08005d9a        0x8 cmake/stm32cubemx/CMakeFiles/STM32_Drivers.dir/__/__/Drivers/STM32G4xx_HAL_Driver/Src/stm32g4xx_hal_adc_ex.c.obj
 *fill*         0x08005da2        0x2 
 .text.HAL_ADCEx_Calibration_Start
                0x08005da4       0x98 cmake/stm32cubemx/CMakeFiles/STM32_Drivers.dir/__/__/Drivers/STM32G4xx_HAL_Driver/Src/stm32g4xx_hal_adc_ex.c.obj
                0x08005da4                HAL_ADCEx_Calibration_Start
 .text.HAL_ADCEx_InjectedStart_IT
                0x08005e3c      0x104 cmake/stm32cubemx/CMakeFiles/STM32_Drivers.dir/__/__/Drivers/STM32G4xx_HAL_Driver/Src/stm32g4xx_hal_adc_ex.c.obj
                0x08005e3c                HAL_ADCEx_InjectedStart_IT
 .text.HAL_ADCEx_InjectedConfigChannel
                0x08005f40      0x48c cmake/stm32cubemx/CMakeFiles/STM32_Drivers.dir/__/__/Drivers/STM32G4xx_HAL_Driver/Src/stm32g4xx_hal_adc_ex.c.obj
                0x08005f40                HAL_ADCEx_InjectedConfigChannel
 .text.HAL_ADCEx_MultiModeConfigChannel
                0x080063cc       0xd0 cmake/stm32cubemx/CMakeFiles/STM32_Drivers.dir/__/__/Drivers/STM32G4xx_HAL_Driver/Src/stm32g4xx_hal_adc_ex.c.obj
                0x080063cc                HAL_ADCEx_MultiModeConfigChannel
 .text.HAL_InitTick
                0x0800649c       0x4c cmake/stm32cubemx/CMakeFiles/STM32_Drivers.dir/__/__/Drivers/STM32G4xx_HAL_Driver/Src/stm32g4xx_hal.c.obj
                0x0800649c                HAL_InitTick
 .text.HAL_Init
                0x080064e8       0x1e cmake/stm32cubemx/CMakeFiles/STM32_Drivers.dir/__/__/Drivers/STM32G4xx_HAL_Driver/Src/stm32g4xx_hal.c.obj
                0x080064e8                HAL_Init
 *fill*         0x08006506        0x2 
 .text.HAL_IncTick
                0x08006508       0x18 cmake/stm32cubemx/CMakeFiles/STM32_Drivers.dir/__/__/Drivers/STM32G4xx_HAL_Driver/Src/stm32g4xx_hal.c.obj
                0x08006508                HAL_IncTick
 .text.HAL_GetTick
                0x08006520        0xc cmake/stm32cubemx/CMakeFiles/STM32_Drivers.dir/__/__/Drivers/STM32G4xx_HAL_Driver/Src/stm32g4xx_hal.c.obj
                0x08006520                HAL_GetTick
 .text.HAL_Delay
                0x0800652c       0x28 cmake/stm32cubemx/CMakeFiles/STM32_Drivers.dir/__/__/Drivers/STM32G4xx_HAL_Driver/Src/stm32g4xx_hal.c.obj
                0x0800652c                HAL_Delay
 .text.HAL_RCC_OscConfig
                0x08006554      0x418 cmake/stm32cubemx/CMakeFiles/STM32_Drivers.dir/__/__/Drivers/STM32G4xx_HAL_Driver/Src/stm32g4xx_hal_rcc.c.obj
                0x08006554                HAL_RCC_OscConfig
 .text.HAL_RCC_GetSysClockFreq
                0x0800696c       0x6c cmake/stm32cubemx/CMakeFiles/STM32_Drivers.dir/__/__/Drivers/STM32G4xx_HAL_Driver/Src/stm32g4xx_hal_rcc.c.obj
                0x0800696c                HAL_RCC_GetSysClockFreq
 .text.HAL_RCC_ClockConfig
                0x080069d8      0x1e8 cmake/stm32cubemx/CMakeFiles/STM32_Drivers.dir/__/__/Drivers/STM32G4xx_HAL_Driver/Src/stm32g4xx_hal_rcc.c.obj
                0x080069d8                HAL_RCC_ClockConfig
 .text.HAL_RCC_GetPCLK1Freq
                0x08006bc0       0x24 cmake/stm32cubemx/CMakeFiles/STM32_Drivers.dir/__/__/Drivers/STM32G4xx_HAL_Driver/Src/stm32g4xx_hal_rcc.c.obj
                0x08006bc0                HAL_RCC_GetPCLK1Freq
 .text.HAL_RCC_GetPCLK2Freq
                0x08006be4       0x24 cmake/stm32cubemx/CMakeFiles/STM32_Drivers.dir/__/__/Drivers/STM32G4xx_HAL_Driver/Src/stm32g4xx_hal_rcc.c.obj
                0x08006be4                HAL_RCC_GetPCLK2Freq
 .text.HAL_RCCEx_PeriphCLKConfig
                0x08006c08      0x278 cmake/stm32cubemx/CMakeFiles/STM32_Drivers.dir/__/__/Drivers/STM32G4xx_HAL_Driver/Src/stm32g4xx_hal_rcc_ex.c.obj
                0x08006c08                HAL_RCCEx_PeriphCLKConfig
 .text.HAL_GPIO_Init
                0x08006e80      0x19c cmake/stm32cubemx/CMakeFiles/STM32_Drivers.dir/__/__/Drivers/STM32G4xx_HAL_Driver/Src/stm32g4xx_hal_gpio.c.obj
                0x08006e80                HAL_GPIO_Init
 .text.HAL_GPIO_ReadPin
                0x0800701c        0xc cmake/stm32cubemx/CMakeFiles/STM32_Drivers.dir/__/__/Drivers/STM32G4xx_HAL_Driver/Src/stm32g4xx_hal_gpio.c.obj
                0x0800701c                HAL_GPIO_ReadPin
 .text.HAL_GPIO_WritePin
                0x08007028        0xa cmake/stm32cubemx/CMakeFiles/STM32_Drivers.dir/__/__/Drivers/STM32G4xx_HAL_Driver/Src/stm32g4xx_hal_gpio.c.obj
                0x08007028                HAL_GPIO_WritePin
 .text.HAL_GPIO_TogglePin
                0x08007032       0x12 cmake/stm32cubemx/CMakeFiles/STM32_Drivers.dir/__/__/Drivers/STM32G4xx_HAL_Driver/Src/stm32g4xx_hal_gpio.c.obj
                0x08007032                HAL_GPIO_TogglePin
 .text.HAL_PWREx_ControlVoltageScaling
                0x08007044       0xb0 cmake/stm32cubemx/CMakeFiles/STM32_Drivers.dir/__/__/Drivers/STM32G4xx_HAL_Driver/Src/stm32g4xx_hal_pwr_ex.c.obj
                0x08007044                HAL_PWREx_ControlVoltageScaling
 .text.HAL_PWREx_DisableUCPDDeadBattery
                0x080070f4       0x10 cmake/stm32cubemx/CMakeFiles/STM32_Drivers.dir/__/__/Drivers/STM32G4xx_HAL_Driver/Src/stm32g4xx_hal_pwr_ex.c.obj
                0x080070f4                HAL_PWREx_DisableUCPDDeadBattery
 .text.HAL_NVIC_SetPriorityGrouping
                0x08007104       0x24 cmake/stm32cubemx/CMakeFiles/STM32_Drivers.dir/__/__/Drivers/STM32G4xx_HAL_Driver/Src/stm32g4xx_hal_cortex.c.obj
                0x08007104                HAL_NVIC_SetPriorityGrouping
 .text.HAL_NVIC_SetPriority
                0x08007128       0x64 cmake/stm32cubemx/CMakeFiles/STM32_Drivers.dir/__/__/Drivers/STM32G4xx_HAL_Driver/Src/stm32g4xx_hal_cortex.c.obj
                0x08007128                HAL_NVIC_SetPriority
 .text.HAL_NVIC_EnableIRQ
                0x0800718c       0x1c cmake/stm32cubemx/CMakeFiles/STM32_Drivers.dir/__/__/Drivers/STM32G4xx_HAL_Driver/Src/stm32g4xx_hal_cortex.c.obj
                0x0800718c                HAL_NVIC_EnableIRQ
 .text.HAL_SYSTICK_Config
                0x080071a8       0x28 cmake/stm32cubemx/CMakeFiles/STM32_Drivers.dir/__/__/Drivers/STM32G4xx_HAL_Driver/Src/stm32g4xx_hal_cortex.c.obj
                0x080071a8                HAL_SYSTICK_Config
 .text.HAL_CORDIC_Init
                0x080071d0       0x32 cmake/stm32cubemx/CMakeFiles/STM32_Drivers.dir/__/__/Drivers/STM32G4xx_HAL_Driver/Src/stm32g4xx_hal_cordic.c.obj
                0x080071d0                HAL_CORDIC_Init
 *fill*         0x08007202        0x2 
 .text.HAL_FDCAN_Init
                0x08007204      0x1c4 cmake/stm32cubemx/CMakeFiles/STM32_Drivers.dir/__/__/Drivers/STM32G4xx_HAL_Driver/Src/stm32g4xx_hal_fdcan.c.obj
                0x08007204                HAL_FDCAN_Init
 .text.HAL_FDCAN_ConfigFilter
                0x080073c8       0x50 cmake/stm32cubemx/CMakeFiles/STM32_Drivers.dir/__/__/Drivers/STM32G4xx_HAL_Driver/Src/stm32g4xx_hal_fdcan.c.obj
                0x080073c8                HAL_FDCAN_ConfigFilter
 .text.HAL_FDCAN_ConfigGlobalFilter
                0x08007418       0x38 cmake/stm32cubemx/CMakeFiles/STM32_Drivers.dir/__/__/Drivers/STM32G4xx_HAL_Driver/Src/stm32g4xx_hal_fdcan.c.obj
                0x08007418                HAL_FDCAN_ConfigGlobalFilter
 .text.HAL_FDCAN_Start
                0x08007450       0x2c cmake/stm32cubemx/CMakeFiles/STM32_Drivers.dir/__/__/Drivers/STM32G4xx_HAL_Driver/Src/stm32g4xx_hal_fdcan.c.obj
                0x08007450                HAL_FDCAN_Start
 .text.HAL_FDCAN_AddMessageToTxFifoQ
                0x0800747c       0xc8 cmake/stm32cubemx/CMakeFiles/STM32_Drivers.dir/__/__/Drivers/STM32G4xx_HAL_Driver/Src/stm32g4xx_hal_fdcan.c.obj
                0x0800747c                HAL_FDCAN_AddMessageToTxFifoQ
 .text.HAL_FDCAN_GetRxMessage
                0x08007544      0x104 cmake/stm32cubemx/CMakeFiles/STM32_Drivers.dir/__/__/Drivers/STM32G4xx_HAL_Driver/Src/stm32g4xx_hal_fdcan.c.obj
                0x08007544                HAL_FDCAN_GetRxMessage
 .text.HAL_FDCAN_ActivateNotification
                0x08007648       0xda cmake/stm32cubemx/CMakeFiles/STM32_Drivers.dir/__/__/Drivers/STM32G4xx_HAL_Driver/Src/stm32g4xx_hal_fdcan.c.obj
                0x08007648                HAL_FDCAN_ActivateNotification
 .text.HAL_FDCAN_TxEventFifoCallback
                0x08007722        0x2 cmake/stm32cubemx/CMakeFiles/STM32_Drivers.dir/__/__/Drivers/STM32G4xx_HAL_Driver/Src/stm32g4xx_hal_fdcan.c.obj
                0x08007722                HAL_FDCAN_TxEventFifoCallback
 .text.HAL_FDCAN_RxFifo1Callback
                0x08007724        0x2 cmake/stm32cubemx/CMakeFiles/STM32_Drivers.dir/__/__/Drivers/STM32G4xx_HAL_Driver/Src/stm32g4xx_hal_fdcan.c.obj
                0x08007724                HAL_FDCAN_RxFifo1Callback
 .text.HAL_FDCAN_TxFifoEmptyCallback
                0x08007726        0x2 cmake/stm32cubemx/CMakeFiles/STM32_Drivers.dir/__/__/Drivers/STM32G4xx_HAL_Driver/Src/stm32g4xx_hal_fdcan.c.obj
                0x08007726                HAL_FDCAN_TxFifoEmptyCallback
 .text.HAL_FDCAN_TxBufferCompleteCallback
                0x08007728        0x2 cmake/stm32cubemx/CMakeFiles/STM32_Drivers.dir/__/__/Drivers/STM32G4xx_HAL_Driver/Src/stm32g4xx_hal_fdcan.c.obj
                0x08007728                HAL_FDCAN_TxBufferCompleteCallback
 .text.HAL_FDCAN_TxBufferAbortCallback
                0x0800772a        0x2 cmake/stm32cubemx/CMakeFiles/STM32_Drivers.dir/__/__/Drivers/STM32G4xx_HAL_Driver/Src/stm32g4xx_hal_fdcan.c.obj
                0x0800772a                HAL_FDCAN_TxBufferAbortCallback
 .text.HAL_FDCAN_TimestampWraparoundCallback
                0x0800772c        0x2 cmake/stm32cubemx/CMakeFiles/STM32_Drivers.dir/__/__/Drivers/STM32G4xx_HAL_Driver/Src/stm32g4xx_hal_fdcan.c.obj
                0x0800772c                HAL_FDCAN_TimestampWraparoundCallback
 .text.HAL_FDCAN_TimeoutOccurredCallback
                0x0800772e        0x2 cmake/stm32cubemx/CMakeFiles/STM32_Drivers.dir/__/__/Drivers/STM32G4xx_HAL_Driver/Src/stm32g4xx_hal_fdcan.c.obj
                0x0800772e                HAL_FDCAN_TimeoutOccurredCallback
 .text.HAL_FDCAN_HighPriorityMessageCallback
                0x08007730        0x2 cmake/stm32cubemx/CMakeFiles/STM32_Drivers.dir/__/__/Drivers/STM32G4xx_HAL_Driver/Src/stm32g4xx_hal_fdcan.c.obj
                0x08007730                HAL_FDCAN_HighPriorityMessageCallback
 .text.HAL_FDCAN_ErrorCallback
                0x08007732        0x2 cmake/stm32cubemx/CMakeFiles/STM32_Drivers.dir/__/__/Drivers/STM32G4xx_HAL_Driver/Src/stm32g4xx_hal_fdcan.c.obj
                0x08007732                HAL_FDCAN_ErrorCallback
 .text.HAL_FDCAN_ErrorStatusCallback
                0x08007734        0x2 cmake/stm32cubemx/CMakeFiles/STM32_Drivers.dir/__/__/Drivers/STM32G4xx_HAL_Driver/Src/stm32g4xx_hal_fdcan.c.obj
                0x08007734                HAL_FDCAN_ErrorStatusCallback
 .text.HAL_FDCAN_IRQHandler
                0x08007736      0x160 cmake/stm32cubemx/CMakeFiles/STM32_Drivers.dir/__/__/Drivers/STM32G4xx_HAL_Driver/Src/stm32g4xx_hal_fdcan.c.obj
                0x08007736                HAL_FDCAN_IRQHandler
 .text.FMAC_ReadDataIncrementPtr
                0x08007896       0x80 cmake/stm32cubemx/CMakeFiles/STM32_Drivers.dir/__/__/Drivers/STM32G4xx_HAL_Driver/Src/stm32g4xx_hal_fmac.c.obj
 .text.FMAC_WriteDataIncrementPtr
                0x08007916       0x7c cmake/stm32cubemx/CMakeFiles/STM32_Drivers.dir/__/__/Drivers/STM32G4xx_HAL_Driver/Src/stm32g4xx_hal_fmac.c.obj
 .text.FMAC_Reset
                0x08007992       0x3a cmake/stm32cubemx/CMakeFiles/STM32_Drivers.dir/__/__/Drivers/STM32G4xx_HAL_Driver/Src/stm32g4xx_hal_fmac.c.obj
 .text.HAL_FMAC_Init
                0x080079cc       0x64 cmake/stm32cubemx/CMakeFiles/STM32_Drivers.dir/__/__/Drivers/STM32G4xx_HAL_Driver/Src/stm32g4xx_hal_fmac.c.obj
                0x080079cc                HAL_FMAC_Init
 .text.HAL_FMAC_ErrorCallback
                0x08007a30        0x2 cmake/stm32cubemx/CMakeFiles/STM32_Drivers.dir/__/__/Drivers/STM32G4xx_HAL_Driver/Src/stm32g4xx_hal_fmac.c.obj
                0x08007a30                HAL_FMAC_ErrorCallback
 .text.HAL_FMAC_GetDataCallback
                0x08007a32        0x2 cmake/stm32cubemx/CMakeFiles/STM32_Drivers.dir/__/__/Drivers/STM32G4xx_HAL_Driver/Src/stm32g4xx_hal_fmac.c.obj
                0x08007a32                HAL_FMAC_GetDataCallback
 .text.HAL_FMAC_OutputDataReadyCallback
                0x08007a34        0x2 cmake/stm32cubemx/CMakeFiles/STM32_Drivers.dir/__/__/Drivers/STM32G4xx_HAL_Driver/Src/stm32g4xx_hal_fmac.c.obj
                0x08007a34                HAL_FMAC_OutputDataReadyCallback
 .text.HAL_FMAC_IRQHandler
                0x08007a36       0xd8 cmake/stm32cubemx/CMakeFiles/STM32_Drivers.dir/__/__/Drivers/STM32G4xx_HAL_Driver/Src/stm32g4xx_hal_fmac.c.obj
                0x08007a36                HAL_FMAC_IRQHandler
 *fill*         0x08007b0e        0x2 
 .text.TIM_OC1_SetConfig
                0x08007b10       0x78 cmake/stm32cubemx/CMakeFiles/STM32_Drivers.dir/__/__/Drivers/STM32G4xx_HAL_Driver/Src/stm32g4xx_hal_tim.c.obj
 .text.TIM_OC3_SetConfig
                0x08007b88       0x84 cmake/stm32cubemx/CMakeFiles/STM32_Drivers.dir/__/__/Drivers/STM32G4xx_HAL_Driver/Src/stm32g4xx_hal_tim.c.obj
 .text.TIM_OC4_SetConfig
                0x08007c0c       0x84 cmake/stm32cubemx/CMakeFiles/STM32_Drivers.dir/__/__/Drivers/STM32G4xx_HAL_Driver/Src/stm32g4xx_hal_tim.c.obj
 .text.TIM_OC5_SetConfig
                0x08007c90       0x68 cmake/stm32cubemx/CMakeFiles/STM32_Drivers.dir/__/__/Drivers/STM32G4xx_HAL_Driver/Src/stm32g4xx_hal_tim.c.obj
 .text.TIM_OC6_SetConfig
                0x08007cf8       0x68 cmake/stm32cubemx/CMakeFiles/STM32_Drivers.dir/__/__/Drivers/STM32G4xx_HAL_Driver/Src/stm32g4xx_hal_tim.c.obj
 .text.TIM_TI1_ConfigInputStage
                0x08007d60       0x54 cmake/stm32cubemx/CMakeFiles/STM32_Drivers.dir/__/__/Drivers/STM32G4xx_HAL_Driver/Src/stm32g4xx_hal_tim.c.obj
 .text.TIM_TI2_ConfigInputStage
                0x08007db4       0x40 cmake/stm32cubemx/CMakeFiles/STM32_Drivers.dir/__/__/Drivers/STM32G4xx_HAL_Driver/Src/stm32g4xx_hal_tim.c.obj
 .text.HAL_TIM_PWM_MspInit
                0x08007df4        0x2 cmake/stm32cubemx/CMakeFiles/STM32_Drivers.dir/__/__/Drivers/STM32G4xx_HAL_Driver/Src/stm32g4xx_hal_tim.c.obj
                0x08007df4                HAL_TIM_PWM_MspInit
 .text.HAL_TIM_ReadCapturedValue
                0x08007df6       0x2c cmake/stm32cubemx/CMakeFiles/STM32_Drivers.dir/__/__/Drivers/STM32G4xx_HAL_Driver/Src/stm32g4xx_hal_tim.c.obj
                0x08007df6                HAL_TIM_ReadCapturedValue
 .text.HAL_TIM_PeriodElapsedCallback
                0x08007e22        0x2 cmake/stm32cubemx/CMakeFiles/STM32_Drivers.dir/__/__/Drivers/STM32G4xx_HAL_Driver/Src/stm32g4xx_hal_tim.c.obj
                0x08007e22                HAL_TIM_PeriodElapsedCallback
 .text.HAL_TIM_OC_DelayElapsedCallback
                0x08007e24        0x2 cmake/stm32cubemx/CMakeFiles/STM32_Drivers.dir/__/__/Drivers/STM32G4xx_HAL_Driver/Src/stm32g4xx_hal_tim.c.obj
                0x08007e24                HAL_TIM_OC_DelayElapsedCallback
 .text.HAL_TIM_PWM_PulseFinishedCallback
                0x08007e26        0x2 cmake/stm32cubemx/CMakeFiles/STM32_Drivers.dir/__/__/Drivers/STM32G4xx_HAL_Driver/Src/stm32g4xx_hal_tim.c.obj
                0x08007e26                HAL_TIM_PWM_PulseFinishedCallback
 .text.HAL_TIM_TriggerCallback
                0x08007e28        0x2 cmake/stm32cubemx/CMakeFiles/STM32_Drivers.dir/__/__/Drivers/STM32G4xx_HAL_Driver/Src/stm32g4xx_hal_tim.c.obj
                0x08007e28                HAL_TIM_TriggerCallback
 .text.HAL_TIM_IRQHandler
                0x08007e2a      0x19e cmake/stm32cubemx/CMakeFiles/STM32_Drivers.dir/__/__/Drivers/STM32G4xx_HAL_Driver/Src/stm32g4xx_hal_tim.c.obj
                0x08007e2a                HAL_TIM_IRQHandler
 .text.TIM_Base_SetConfig
                0x08007fc8       0xa0 cmake/stm32cubemx/CMakeFiles/STM32_Drivers.dir/__/__/Drivers/STM32G4xx_HAL_Driver/Src/stm32g4xx_hal_tim.c.obj
                0x08007fc8                TIM_Base_SetConfig
 .text.HAL_TIM_Base_Init
                0x08008068       0x60 cmake/stm32cubemx/CMakeFiles/STM32_Drivers.dir/__/__/Drivers/STM32G4xx_HAL_Driver/Src/stm32g4xx_hal_tim.c.obj
                0x08008068                HAL_TIM_Base_Init
 .text.HAL_TIM_PWM_Init
                0x080080c8       0x60 cmake/stm32cubemx/CMakeFiles/STM32_Drivers.dir/__/__/Drivers/STM32G4xx_HAL_Driver/Src/stm32g4xx_hal_tim.c.obj
                0x080080c8                HAL_TIM_PWM_Init
 .text.TIM_OC2_SetConfig
                0x08008128       0x84 cmake/stm32cubemx/CMakeFiles/STM32_Drivers.dir/__/__/Drivers/STM32G4xx_HAL_Driver/Src/stm32g4xx_hal_tim.c.obj
                0x08008128                TIM_OC2_SetConfig
 .text.HAL_TIM_PWM_ConfigChannel
                0x080081ac       0xf8 cmake/stm32cubemx/CMakeFiles/STM32_Drivers.dir/__/__/Drivers/STM32G4xx_HAL_Driver/Src/stm32g4xx_hal_tim.c.obj
                0x080081ac                HAL_TIM_PWM_ConfigChannel
 .text.TIM_TI1_SetConfig
                0x080082a4       0x90 cmake/stm32cubemx/CMakeFiles/STM32_Drivers.dir/__/__/Drivers/STM32G4xx_HAL_Driver/Src/stm32g4xx_hal_tim.c.obj
                0x080082a4                TIM_TI1_SetConfig
 .text.TIM_ETR_SetConfig
                0x08008334       0x14 cmake/stm32cubemx/CMakeFiles/STM32_Drivers.dir/__/__/Drivers/STM32G4xx_HAL_Driver/Src/stm32g4xx_hal_tim.c.obj
                0x08008334                TIM_ETR_SetConfig
 .text.HAL_TIM_ConfigClockSource
                0x08008348      0x128 cmake/stm32cubemx/CMakeFiles/STM32_Drivers.dir/__/__/Drivers/STM32G4xx_HAL_Driver/Src/stm32g4xx_hal_tim.c.obj
                0x08008348                HAL_TIM_ConfigClockSource
 .text.TIM_CCxChannelCmd
                0x08008470       0x1c cmake/stm32cubemx/CMakeFiles/STM32_Drivers.dir/__/__/Drivers/STM32G4xx_HAL_Driver/Src/stm32g4xx_hal_tim.c.obj
                0x08008470                TIM_CCxChannelCmd
 .text.HAL_TIM_OC_Start
                0x0800848c      0x10c cmake/stm32cubemx/CMakeFiles/STM32_Drivers.dir/__/__/Drivers/STM32G4xx_HAL_Driver/Src/stm32g4xx_hal_tim.c.obj
                0x0800848c                HAL_TIM_OC_Start
 .text.HAL_TIM_PWM_Start
                0x08008598        0x4 cmake/stm32cubemx/CMakeFiles/STM32_Drivers.dir/__/__/Drivers/STM32G4xx_HAL_Driver/Src/stm32g4xx_hal_tim.c.obj
                0x08008598                HAL_TIM_PWM_Start
 .text.TIM_CCxNChannelCmd
                0x0800859c       0x1c cmake/stm32cubemx/CMakeFiles/STM32_Drivers.dir/__/__/Drivers/STM32G4xx_HAL_Driver/Src/stm32g4xx_hal_tim_ex.c.obj
 .text.HAL_TIMEx_HallSensor_Init
                0x080085b8       0xce cmake/stm32cubemx/CMakeFiles/STM32_Drivers.dir/__/__/Drivers/STM32G4xx_HAL_Driver/Src/stm32g4xx_hal_tim_ex.c.obj
                0x080085b8                HAL_TIMEx_HallSensor_Init
 *fill*         0x08008686        0x2 
 .text.HAL_TIMEx_HallSensor_Start_IT
                0x08008688       0xa4 cmake/stm32cubemx/CMakeFiles/STM32_Drivers.dir/__/__/Drivers/STM32G4xx_HAL_Driver/Src/stm32g4xx_hal_tim_ex.c.obj
                0x08008688                HAL_TIMEx_HallSensor_Start_IT
 .text.HAL_TIMEx_OCN_Start
                0x0800872c       0xb0 cmake/stm32cubemx/CMakeFiles/STM32_Drivers.dir/__/__/Drivers/STM32G4xx_HAL_Driver/Src/stm32g4xx_hal_tim_ex.c.obj
                0x0800872c                HAL_TIMEx_OCN_Start
 .text.HAL_TIMEx_PWMN_Start
                0x080087dc        0x4 cmake/stm32cubemx/CMakeFiles/STM32_Drivers.dir/__/__/Drivers/STM32G4xx_HAL_Driver/Src/stm32g4xx_hal_tim_ex.c.obj
                0x080087dc                HAL_TIMEx_PWMN_Start
 .text.HAL_TIMEx_MasterConfigSynchronization
                0x080087e0       0x88 cmake/stm32cubemx/CMakeFiles/STM32_Drivers.dir/__/__/Drivers/STM32G4xx_HAL_Driver/Src/stm32g4xx_hal_tim_ex.c.obj
                0x080087e0                HAL_TIMEx_MasterConfigSynchronization
 .text.HAL_TIMEx_ConfigBreakDeadTime
                0x08008868       0x94 cmake/stm32cubemx/CMakeFiles/STM32_Drivers.dir/__/__/Drivers/STM32G4xx_HAL_Driver/Src/stm32g4xx_hal_tim_ex.c.obj
                0x08008868                HAL_TIMEx_ConfigBreakDeadTime
 .text.HAL_TIMEx_CommutCallback
                0x080088fc        0x2 cmake/stm32cubemx/CMakeFiles/STM32_Drivers.dir/__/__/Drivers/STM32G4xx_HAL_Driver/Src/stm32g4xx_hal_tim_ex.c.obj
                0x080088fc                HAL_TIMEx_CommutCallback
 .text.HAL_TIMEx_BreakCallback
                0x080088fe        0x2 cmake/stm32cubemx/CMakeFiles/STM32_Drivers.dir/__/__/Drivers/STM32G4xx_HAL_Driver/Src/stm32g4xx_hal_tim_ex.c.obj
                0x080088fe                HAL_TIMEx_BreakCallback
 .text.HAL_TIMEx_Break2Callback
                0x08008900        0x2 cmake/stm32cubemx/CMakeFiles/STM32_Drivers.dir/__/__/Drivers/STM32G4xx_HAL_Driver/Src/stm32g4xx_hal_tim_ex.c.obj
                0x08008900                HAL_TIMEx_Break2Callback
 .text.HAL_TIMEx_EncoderIndexCallback
                0x08008902        0x2 cmake/stm32cubemx/CMakeFiles/STM32_Drivers.dir/__/__/Drivers/STM32G4xx_HAL_Driver/Src/stm32g4xx_hal_tim_ex.c.obj
                0x08008902                HAL_TIMEx_EncoderIndexCallback
 .text.HAL_TIMEx_DirectionChangeCallback
                0x08008904        0x2 cmake/stm32cubemx/CMakeFiles/STM32_Drivers.dir/__/__/Drivers/STM32G4xx_HAL_Driver/Src/stm32g4xx_hal_tim_ex.c.obj
                0x08008904                HAL_TIMEx_DirectionChangeCallback
 .text.HAL_TIMEx_IndexErrorCallback
                0x08008906        0x2 cmake/stm32cubemx/CMakeFiles/STM32_Drivers.dir/__/__/Drivers/STM32G4xx_HAL_Driver/Src/stm32g4xx_hal_tim_ex.c.obj
                0x08008906                HAL_TIMEx_IndexErrorCallback
 .text.HAL_TIMEx_TransitionErrorCallback
                0x08008908        0x2 cmake/stm32cubemx/CMakeFiles/STM32_Drivers.dir/__/__/Drivers/STM32G4xx_HAL_Driver/Src/stm32g4xx_hal_tim_ex.c.obj
                0x08008908                HAL_TIMEx_TransitionErrorCallback
 *fill*         0x0800890a        0x2 
 .text.UART_EndRxTransfer
                0x0800890c       0x58 cmake/stm32cubemx/CMakeFiles/STM32_Drivers.dir/__/__/Drivers/STM32G4xx_HAL_Driver/Src/stm32g4xx_hal_uart.c.obj
 .text.UART_TxISR_8BIT.part.0
                0x08008964       0x26 cmake/stm32cubemx/CMakeFiles/STM32_Drivers.dir/__/__/Drivers/STM32G4xx_HAL_Driver/Src/stm32g4xx_hal_uart.c.obj
 .text.UART_TxISR_8BIT
                0x0800898a       0x30 cmake/stm32cubemx/CMakeFiles/STM32_Drivers.dir/__/__/Drivers/STM32G4xx_HAL_Driver/Src/stm32g4xx_hal_uart.c.obj
 .text.UART_TxISR_16BIT
                0x080089ba       0x34 cmake/stm32cubemx/CMakeFiles/STM32_Drivers.dir/__/__/Drivers/STM32G4xx_HAL_Driver/Src/stm32g4xx_hal_uart.c.obj
 .text.UART_TxISR_8BIT_FIFOEN
                0x080089ee       0x66 cmake/stm32cubemx/CMakeFiles/STM32_Drivers.dir/__/__/Drivers/STM32G4xx_HAL_Driver/Src/stm32g4xx_hal_uart.c.obj
 .text.UART_TxISR_16BIT_FIFOEN
                0x08008a54       0x6a cmake/stm32cubemx/CMakeFiles/STM32_Drivers.dir/__/__/Drivers/STM32G4xx_HAL_Driver/Src/stm32g4xx_hal_uart.c.obj
 *fill*         0x08008abe        0x2 
 .text.HAL_UART_Transmit_IT
                0x08008ac0       0xac cmake/stm32cubemx/CMakeFiles/STM32_Drivers.dir/__/__/Drivers/STM32G4xx_HAL_Driver/Src/stm32g4xx_hal_uart.c.obj
                0x08008ac0                HAL_UART_Transmit_IT
 .text.HAL_UART_ErrorCallback
                0x08008b6c        0x2 cmake/stm32cubemx/CMakeFiles/STM32_Drivers.dir/__/__/Drivers/STM32G4xx_HAL_Driver/Src/stm32g4xx_hal_uart.c.obj
                0x08008b6c                HAL_UART_ErrorCallback
 .text.HAL_UARTEx_RxEventCallback
                0x08008b6e        0x2 cmake/stm32cubemx/CMakeFiles/STM32_Drivers.dir/__/__/Drivers/STM32G4xx_HAL_Driver/Src/stm32g4xx_hal_uart.c.obj
                0x08008b6e                HAL_UARTEx_RxEventCallback
 .text.UART_RxISR_8BIT
                0x08008b70       0xcc cmake/stm32cubemx/CMakeFiles/STM32_Drivers.dir/__/__/Drivers/STM32G4xx_HAL_Driver/Src/stm32g4xx_hal_uart.c.obj
 .text.UART_RxISR_16BIT
                0x08008c3c       0xc4 cmake/stm32cubemx/CMakeFiles/STM32_Drivers.dir/__/__/Drivers/STM32G4xx_HAL_Driver/Src/stm32g4xx_hal_uart.c.obj
 .text.UART_RxISR_8BIT_FIFOEN
                0x08008d00      0x1a0 cmake/stm32cubemx/CMakeFiles/STM32_Drivers.dir/__/__/Drivers/STM32G4xx_HAL_Driver/Src/stm32g4xx_hal_uart.c.obj
 .text.UART_RxISR_16BIT_FIFOEN
                0x08008ea0      0x198 cmake/stm32cubemx/CMakeFiles/STM32_Drivers.dir/__/__/Drivers/STM32G4xx_HAL_Driver/Src/stm32g4xx_hal_uart.c.obj
 .text.UART_SetConfig
                0x08009038      0x230 cmake/stm32cubemx/CMakeFiles/STM32_Drivers.dir/__/__/Drivers/STM32G4xx_HAL_Driver/Src/stm32g4xx_hal_uart.c.obj
                0x08009038                UART_SetConfig
 .text.UART_AdvFeatureConfig
                0x08009268       0xa8 cmake/stm32cubemx/CMakeFiles/STM32_Drivers.dir/__/__/Drivers/STM32G4xx_HAL_Driver/Src/stm32g4xx_hal_uart.c.obj
                0x08009268                UART_AdvFeatureConfig
 .text.UART_WaitOnFlagUntilTimeout
                0x08009310       0x90 cmake/stm32cubemx/CMakeFiles/STM32_Drivers.dir/__/__/Drivers/STM32G4xx_HAL_Driver/Src/stm32g4xx_hal_uart.c.obj
                0x08009310                UART_WaitOnFlagUntilTimeout
 .text.UART_CheckIdleState
                0x080093a0       0xb6 cmake/stm32cubemx/CMakeFiles/STM32_Drivers.dir/__/__/Drivers/STM32G4xx_HAL_Driver/Src/stm32g4xx_hal_uart.c.obj
                0x080093a0                UART_CheckIdleState
 .text.HAL_UART_Init
                0x08009456       0x60 cmake/stm32cubemx/CMakeFiles/STM32_Drivers.dir/__/__/Drivers/STM32G4xx_HAL_Driver/Src/stm32g4xx_hal_uart.c.obj
                0x08009456                HAL_UART_Init
 *fill*         0x080094b6        0x2 
 .text.UART_Start_Receive_IT
                0x080094b8      0x110 cmake/stm32cubemx/CMakeFiles/STM32_Drivers.dir/__/__/Drivers/STM32G4xx_HAL_Driver/Src/stm32g4xx_hal_uart.c.obj
                0x080094b8                UART_Start_Receive_IT
 .text.HAL_UART_Receive_IT
                0x080095c8       0x44 cmake/stm32cubemx/CMakeFiles/STM32_Drivers.dir/__/__/Drivers/STM32G4xx_HAL_Driver/Src/stm32g4xx_hal_uart.c.obj
                0x080095c8                HAL_UART_Receive_IT
 .text.UARTEx_SetNbDataToProcess
                0x0800960c       0x44 cmake/stm32cubemx/CMakeFiles/STM32_Drivers.dir/__/__/Drivers/STM32G4xx_HAL_Driver/Src/stm32g4xx_hal_uart_ex.c.obj
 .text.HAL_UARTEx_DisableFifoMode
                0x08009650       0x36 cmake/stm32cubemx/CMakeFiles/STM32_Drivers.dir/__/__/Drivers/STM32G4xx_HAL_Driver/Src/stm32g4xx_hal_uart_ex.c.obj
                0x08009650                HAL_UARTEx_DisableFifoMode
 .text.HAL_UARTEx_SetTxFifoThreshold
                0x08009686       0x40 cmake/stm32cubemx/CMakeFiles/STM32_Drivers.dir/__/__/Drivers/STM32G4xx_HAL_Driver/Src/stm32g4xx_hal_uart_ex.c.obj
                0x08009686                HAL_UARTEx_SetTxFifoThreshold
 .text.HAL_UARTEx_SetRxFifoThreshold
                0x080096c6       0x40 cmake/stm32cubemx/CMakeFiles/STM32_Drivers.dir/__/__/Drivers/STM32G4xx_HAL_Driver/Src/stm32g4xx_hal_uart_ex.c.obj
                0x080096c6                HAL_UARTEx_SetRxFifoThreshold
 .text.SystemClock_Config
                0x08009706       0x68 CMakeFiles/BLDC_FOC.dir/Core/Src/main.c.obj
                0x08009706                SystemClock_Config
 *fill*         0x0800976e        0x2 
 .text.HAL_FDCAN_RxFifo0Callback
                0x08009770       0x78 CMakeFiles/BLDC_FOC.dir/Core/Src/main.c.obj
                0x08009770                HAL_FDCAN_RxFifo0Callback
 .text.FDCAN_Send_Telemetry
                0x080097e8       0xbc CMakeFiles/BLDC_FOC.dir/Core/Src/main.c.obj
                0x080097e8                FDCAN_Send_Telemetry
 .text.HAL_UART_RxCpltCallback
                0x080098a4       0x64 CMakeFiles/BLDC_FOC.dir/Core/Src/main.c.obj
                0x080098a4                HAL_UART_RxCpltCallback
 .text.Process_Debug_Command
                0x08009908       0x8c CMakeFiles/BLDC_FOC.dir/Core/Src/main.c.obj
                0x08009908                Process_Debug_Command
 .text.startup.main
                0x08009994      0x1dc CMakeFiles/BLDC_FOC.dir/Core/Src/main.c.obj
                0x08009994                main
 .text.Error_Handler
                0x08009b70        0x4 CMakeFiles/BLDC_FOC.dir/Core/Src/main.c.obj
                0x08009b70                Error_Handler
 .text.MX_GPIO_Init
                0x08009b74       0xb0 CMakeFiles/BLDC_FOC.dir/Core/Src/gpio.c.obj
                0x08009b74                MX_GPIO_Init
 .text.MX_ADC1_Init
                0x08009c24      0x100 CMakeFiles/BLDC_FOC.dir/Core/Src/adc.c.obj
                0x08009c24                MX_ADC1_Init
 .text.HAL_ADC_MspInit
                0x08009d24       0x80 CMakeFiles/BLDC_FOC.dir/Core/Src/adc.c.obj
                0x08009d24                HAL_ADC_MspInit
 .text.MX_CORDIC_Init
                0x08009da4       0x20 CMakeFiles/BLDC_FOC.dir/Core/Src/cordic.c.obj
                0x08009da4                MX_CORDIC_Init
 .text.HAL_CORDIC_MspInit
                0x08009dc4       0x2c CMakeFiles/BLDC_FOC.dir/Core/Src/cordic.c.obj
                0x08009dc4                HAL_CORDIC_MspInit
 .text.MX_FDCAN1_Init
                0x08009df0       0x4c CMakeFiles/BLDC_FOC.dir/Core/Src/fdcan.c.obj
                0x08009df0                MX_FDCAN1_Init
 .text.HAL_FDCAN_MspInit
                0x08009e3c       0x9c CMakeFiles/BLDC_FOC.dir/Core/Src/fdcan.c.obj
                0x08009e3c                HAL_FDCAN_MspInit
 .text.MX_FMAC_Init
                0x08009ed8       0x20 CMakeFiles/BLDC_FOC.dir/Core/Src/fmac.c.obj
                0x08009ed8                MX_FMAC_Init
 .text.HAL_FMAC_MspInit
                0x08009ef8       0x40 CMakeFiles/BLDC_FOC.dir/Core/Src/fmac.c.obj
                0x08009ef8                HAL_FMAC_MspInit
 .text.MX_TIM3_Init
                0x08009f38       0x60 CMakeFiles/BLDC_FOC.dir/Core/Src/tim.c.obj
                0x08009f38                MX_TIM3_Init
 .text.HAL_TIM_Base_MspInit
                0x08009f98       0x28 CMakeFiles/BLDC_FOC.dir/Core/Src/tim.c.obj
                0x08009f98                HAL_TIM_Base_MspInit
 .text.HAL_TIMEx_HallSensor_MspInit
                0x08009fc0       0x98 CMakeFiles/BLDC_FOC.dir/Core/Src/tim.c.obj
                0x08009fc0                HAL_TIMEx_HallSensor_MspInit
 .text.HAL_TIM_MspPostInit
                0x0800a058       0x94 CMakeFiles/BLDC_FOC.dir/Core/Src/tim.c.obj
                0x0800a058                HAL_TIM_MspPostInit
 .text.MX_TIM1_Init
                0x0800a0ec      0x10c CMakeFiles/BLDC_FOC.dir/Core/Src/tim.c.obj
                0x0800a0ec                MX_TIM1_Init
 .text.MX_USART3_UART_Init
                0x0800a1f8       0x64 CMakeFiles/BLDC_FOC.dir/Core/Src/usart.c.obj
                0x0800a1f8                MX_USART3_UART_Init
 .text.HAL_UART_MspInit
                0x0800a25c       0x84 CMakeFiles/BLDC_FOC.dir/Core/Src/usart.c.obj
                0x0800a25c                HAL_UART_MspInit
 .text.FOC_Driver_Init
                0x0800a2e0       0x4e CMakeFiles/BLDC_FOC.dir/Core/Src/FOC_Driver.c.obj
                0x0800a2e0                FOC_Driver_Init
 *fill*         0x0800a32e        0x2 
 .text.HALL_Init
                0x0800a330       0x6c CMakeFiles/BLDC_FOC.dir/Core/Src/Hall.c.obj
                0x0800a330                HALL_Init
 .text.HAL_TIM_IC_CaptureCallback
                0x0800a39c      0x10c CMakeFiles/BLDC_FOC.dir/Core/Src/Hall.c.obj
                0x0800a39c                HAL_TIM_IC_CaptureCallback
 .text.NMI_Handler
                0x0800a4a8        0x2 CMakeFiles/BLDC_FOC.dir/Core/Src/stm32g4xx_it.c.obj
                0x0800a4a8                NMI_Handler
 .text.HardFault_Handler
                0x0800a4aa        0x2 CMakeFiles/BLDC_FOC.dir/Core/Src/stm32g4xx_it.c.obj
                0x0800a4aa                HardFault_Handler
 .text.MemManage_Handler
                0x0800a4ac        0x2 CMakeFiles/BLDC_FOC.dir/Core/Src/stm32g4xx_it.c.obj
                0x0800a4ac                MemManage_Handler
 .text.BusFault_Handler
                0x0800a4ae        0x2 CMakeFiles/BLDC_FOC.dir/Core/Src/stm32g4xx_it.c.obj
                0x0800a4ae                BusFault_Handler
 .text.UsageFault_Handler
                0x0800a4b0        0x2 CMakeFiles/BLDC_FOC.dir/Core/Src/stm32g4xx_it.c.obj
                0x0800a4b0                UsageFault_Handler
 .text.SVC_Handler
                0x0800a4b2        0x2 CMakeFiles/BLDC_FOC.dir/Core/Src/stm32g4xx_it.c.obj
                0x0800a4b2                SVC_Handler
 .text.DebugMon_Handler
                0x0800a4b4        0x2 CMakeFiles/BLDC_FOC.dir/Core/Src/stm32g4xx_it.c.obj
                0x0800a4b4                DebugMon_Handler
 .text.PendSV_Handler
                0x0800a4b6        0x2 CMakeFiles/BLDC_FOC.dir/Core/Src/stm32g4xx_it.c.obj
                0x0800a4b6                PendSV_Handler
 .text.SysTick_Handler
                0x0800a4b8        0x4 CMakeFiles/BLDC_FOC.dir/Core/Src/stm32g4xx_it.c.obj
                0x0800a4b8                SysTick_Handler
 .text.FDCAN1_IT0_IRQHandler
                0x0800a4bc        0xc CMakeFiles/BLDC_FOC.dir/Core/Src/stm32g4xx_it.c.obj
                0x0800a4bc                FDCAN1_IT0_IRQHandler
 .text.TIM3_IRQHandler
                0x0800a4c8        0xc CMakeFiles/BLDC_FOC.dir/Core/Src/stm32g4xx_it.c.obj
                0x0800a4c8                TIM3_IRQHandler
 .text.FMAC_IRQHandler
                0x0800a4d4        0xc CMakeFiles/BLDC_FOC.dir/Core/Src/stm32g4xx_it.c.obj
                0x0800a4d4                FMAC_IRQHandler
 .text.HAL_MspInit
                0x0800a4e0       0x34 CMakeFiles/BLDC_FOC.dir/Core/Src/stm32g4xx_hal_msp.c.obj
                0x0800a4e0                HAL_MspInit
 .text._sbrk    0x0800a514       0x40 CMakeFiles/BLDC_FOC.dir/Core/Src/sysmem.c.obj
                0x0800a514                _sbrk
 .text._getpid  0x0800a554        0x4 CMakeFiles/BLDC_FOC.dir/Core/Src/syscalls.c.obj
                0x0800a554                _getpid
 .text._kill    0x0800a558       0x10 CMakeFiles/BLDC_FOC.dir/Core/Src/syscalls.c.obj
                0x0800a558                _kill
 .text._exit    0x0800a568        0xc CMakeFiles/BLDC_FOC.dir/Core/Src/syscalls.c.obj
                0x0800a568                _exit
 .text._read    0x0800a574       0x1c CMakeFiles/BLDC_FOC.dir/Core/Src/syscalls.c.obj
                0x0800a574                _read
 .text._write   0x0800a590       0x1c CMakeFiles/BLDC_FOC.dir/Core/Src/syscalls.c.obj
                0x0800a590                _write
 .text._close   0x0800a5ac        0x6 CMakeFiles/BLDC_FOC.dir/Core/Src/syscalls.c.obj
                0x0800a5ac                _close
 .text._fstat   0x0800a5b2        0xa CMakeFiles/BLDC_FOC.dir/Core/Src/syscalls.c.obj
                0x0800a5b2                _fstat
 .text._isatty  0x0800a5bc        0x4 CMakeFiles/BLDC_FOC.dir/Core/Src/syscalls.c.obj
                0x0800a5bc                _isatty
 .text._lseek   0x0800a5c0        0x4 CMakeFiles/BLDC_FOC.dir/Core/Src/syscalls.c.obj
                0x0800a5c0                _lseek
 .text.Reset_Handler
                0x0800a5c4       0x50 CMakeFiles/BLDC_FOC.dir/startup_stm32g431xx.s.obj
                0x0800a5c4                Reset_Handler
 .text.Default_Handler
                0x0800a614        0x2 CMakeFiles/BLDC_FOC.dir/startup_stm32g431xx.s.obj
                0x0800a614                RTC_Alarm_IRQHandler
                0x0800a614                EXTI2_IRQHandler
                0x0800a614                TIM8_TRG_COM_IRQHandler
                0x0800a614                TIM8_CC_IRQHandler
                0x0800a614                TIM1_CC_IRQHandler
                0x0800a614                USB_HP_IRQHandler
                0x0800a614                CORDIC_IRQHandler
                0x0800a614                EXTI3_IRQHandler
                0x0800a614                I2C3_ER_IRQHandler
                0x0800a614                EXTI0_IRQHandler
                0x0800a614                I2C2_EV_IRQHandler
                0x0800a614                FPU_IRQHandler
                0x0800a614                FDCAN1_IT1_IRQHandler
                0x0800a614                TIM1_UP_TIM16_IRQHandler
                0x0800a614                ADC1_2_IRQHandler
                0x0800a614                SPI1_IRQHandler
                0x0800a614                TIM6_DAC_IRQHandler
                0x0800a614                TIM8_UP_IRQHandler
                0x0800a614                DMA2_Channel2_IRQHandler
                0x0800a614                DMA1_Channel4_IRQHandler
                0x0800a614                USART3_IRQHandler
                0x0800a614                TIM4_IRQHandler
                0x0800a614                DMA2_Channel1_IRQHandler
                0x0800a614                I2C1_EV_IRQHandler
                0x0800a614                DMA1_Channel6_IRQHandler
                0x0800a614                UART4_IRQHandler
                0x0800a614                DMA2_Channel4_IRQHandler
                0x0800a614                RCC_IRQHandler
                0x0800a614                DMA1_Channel1_IRQHandler
                0x0800a614                Default_Handler
                0x0800a614                RTC_TAMP_LSECSS_IRQHandler
                0x0800a614                EXTI15_10_IRQHandler
                0x0800a614                TIM7_IRQHandler
                0x0800a614                UCPD1_IRQHandler
                0x0800a614                I2C3_EV_IRQHandler
                0x0800a614                EXTI9_5_IRQHandler
                0x0800a614                RTC_WKUP_IRQHandler
                0x0800a614                PVD_PVM_IRQHandler
                0x0800a614                SPI2_IRQHandler
                0x0800a614                DMA2_Channel5_IRQHandler
                0x0800a614                CRS_IRQHandler
                0x0800a614                DMA1_Channel5_IRQHandler
                0x0800a614                USB_LP_IRQHandler
                0x0800a614                EXTI4_IRQHandler
                0x0800a614                RNG_IRQHandler
                0x0800a614                TIM1_TRG_COM_TIM17_IRQHandler
                0x0800a614                DMA1_Channel3_IRQHandler
                0x0800a614                WWDG_IRQHandler
                0x0800a614                LPUART1_IRQHandler
                0x0800a614                DMA2_Channel6_IRQHandler
                0x0800a614                TIM2_IRQHandler
                0x0800a614                COMP1_2_3_IRQHandler
                0x0800a614                EXTI1_IRQHandler
                0x0800a614                USART2_IRQHandler
                0x0800a614                I2C2_ER_IRQHandler
                0x0800a614                DMA1_Channel2_IRQHandler
                0x0800a614                TIM8_BRK_IRQHandler
                0x0800a614                FLASH_IRQHandler
                0x0800a614                USART1_IRQHandler
                0x0800a614                SPI3_IRQHandler
                0x0800a614                I2C1_ER_IRQHandler
                0x0800a614                LPTIM1_IRQHandler
                0x0800a614                DMAMUX_OVR_IRQHandler
                0x0800a614                USBWakeUp_IRQHandler
                0x0800a614                SAI1_IRQHandler
                0x0800a614                DMA2_Channel3_IRQHandler
                0x0800a614                COMP4_IRQHandler
                0x0800a614                TIM1_BRK_TIM15_IRQHandler
 *(.glue_7)
 .glue_7        0x0800a616        0x0 linker stubs
 *(.glue_7t)
 .glue_7t       0x0800a616        0x0 linker stubs
 *(.eh_frame)
 *fill*         0x0800a616        0x2 
 .eh_frame      0x0800a618        0x0 /usr/lib/gcc/arm-none-eabi/13.2.1/thumb/v7e-m+fp/hard/crtbegin.o
 *(.init)
 .init          0x0800a618        0x4 /usr/lib/gcc/arm-none-eabi/13.2.1/thumb/v7e-m+fp/hard/crti.o
                0x0800a618                _init
 .init          0x0800a61c        0x8 /usr/lib/gcc/arm-none-eabi/13.2.1/thumb/v7e-m+fp/hard/crtn.o
 *(.fini)
 .fini          0x0800a624        0x4 /usr/lib/gcc/arm-none-eabi/13.2.1/thumb/v7e-m+fp/hard/crti.o
                0x0800a624                _fini
 .fini          0x0800a628        0x8 /usr/lib/gcc/arm-none-eabi/13.2.1/thumb/v7e-m+fp/hard/crtn.o
                0x0800a630                        . = ALIGN (0x4)
                0x0800a630                        _etext = .

.vfp11_veneer   0x0800a630        0x0
 .vfp11_veneer  0x0800a630        0x0 linker stubs

.v4_bx          0x0800a630        0x0
 .v4_bx         0x0800a630        0x0 linker stubs

.iplt           0x0800a630        0x0
 .iplt          0x0800a630        0x0 /usr/lib/gcc/arm-none-eabi/13.2.1/thumb/v7e-m+fp/hard/crtbegin.o

.rodata         0x0800a630      0x524
                0x0800a630                        . = ALIGN (0x4)
 *(.rodata)
 .rodata        0x0800a630       0x50 /usr/lib/gcc/arm-none-eabi/13.2.1/../../../arm-none-eabi/lib/thumb/v7e-m+fp/hard/libg_nano.a(libc_a-strtod.o)
 .rodata        0x0800a680      0x100 /usr/lib/gcc/arm-none-eabi/13.2.1/../../../arm-none-eabi/lib/thumb/v7e-m+fp/hard/libg_nano.a(libc_a-gdtoa-gethex.o)
                0x0800a680                __hexdig
 .rodata        0x0800a780      0x101 /usr/lib/gcc/arm-none-eabi/13.2.1/../../../arm-none-eabi/lib/thumb/v7e-m+fp/hard/libg_nano.a(libc_a-ctype_.o)
                0x0800a780                _ctype_
 *fill*         0x0800a881        0x7 
 .rodata        0x0800a888      0x128 /usr/lib/gcc/arm-none-eabi/13.2.1/../../../arm-none-eabi/lib/thumb/v7e-m+fp/hard/libg_nano.a(libc_a-mprec.o)
                0x0800a898                __mprec_tens
                0x0800a960                __mprec_tinytens
                0x0800a988                __mprec_bigtens
 *(.rodata*)
 .rodata.APBPrescTable
                0x0800a9b0        0x8 cmake/stm32cubemx/CMakeFiles/STM32_Drivers.dir/__/__/Core/Src/system_stm32g4xx.c.obj
                0x0800a9b0                APBPrescTable
 .rodata.AHBPrescTable
                0x0800a9b8       0x10 cmake/stm32cubemx/CMakeFiles/STM32_Drivers.dir/__/__/Core/Src/system_stm32g4xx.c.obj
                0x0800a9b8                AHBPrescTable
 .rodata.DLCtoBytes
                0x0800a9c8       0x10 cmake/stm32cubemx/CMakeFiles/STM32_Drivers.dir/__/__/Drivers/STM32G4xx_HAL_Driver/Src/stm32g4xx_hal_fdcan.c.obj
 .rodata.UARTPrescTable
                0x0800a9d8       0x18 cmake/stm32cubemx/CMakeFiles/STM32_Drivers.dir/__/__/Drivers/STM32G4xx_HAL_Driver/Src/stm32g4xx_hal_uart.c.obj
                0x0800a9d8                UARTPrescTable
 .rodata.denominator.0
                0x0800a9f0        0x8 cmake/stm32cubemx/CMakeFiles/STM32_Drivers.dir/__/__/Drivers/STM32G4xx_HAL_Driver/Src/stm32g4xx_hal_uart_ex.c.obj
 .rodata.numerator.1
                0x0800a9f8        0x8 cmake/stm32cubemx/CMakeFiles/STM32_Drivers.dir/__/__/Drivers/STM32G4xx_HAL_Driver/Src/stm32g4xx_hal_uart_ex.c.obj
 .rodata.main.str1.1
                0x0800aa00       0x1f CMakeFiles/BLDC_FOC.dir/Core/Src/main.c.obj
 .rodata.HALL_SECTOR_MAP
                0x0800aa1f        0x8 CMakeFiles/BLDC_FOC.dir/Core/Src/Hall.c.obj
                0x0800aa1f                HALL_SECTOR_MAP
 *fill*         0x0800aa27        0x1 
 .rodata.str1.4
                0x0800aa28      0x129 /usr/lib/gcc/arm-none-eabi/13.2.1/../../../arm-none-eabi/lib/thumb/v7e-m+fp/hard/libg_nano.a(libc_a-strtod.o)
                                 0x15 (size before relaxing)
 .rodata.str1.4
                0x0800ab51       0x4c /usr/lib/gcc/arm-none-eabi/13.2.1/../../../arm-none-eabi/lib/thumb/v7e-m+fp/hard/libg_nano.a(libc_a-gdtoa-gethex.o)
 .rodata.str1.4
                0x0800ab51       0x12 /usr/lib/gcc/arm-none-eabi/13.2.1/../../../arm-none-eabi/lib/thumb/v7e-m+fp/hard/libg_nano.a(libc_a-locale.o)
 .rodata.str1.4
                0x0800ab51       0x43 /usr/lib/gcc/arm-none-eabi/13.2.1/../../../arm-none-eabi/lib/thumb/v7e-m+fp/hard/libg_nano.a(libc_a-assert.o)
 .rodata.str1.4
                0x0800ab51       0x59 /usr/lib/gcc/arm-none-eabi/13.2.1/../../../arm-none-eabi/lib/thumb/v7e-m+fp/hard/libg_nano.a(libc_a-mprec.o)
 .rodata.str1.4
                0x0800ab51       0x13 /usr/lib/gcc/arm-none-eabi/13.2.1/../../../arm-none-eabi/lib/thumb/v7e-m+fp/hard/libg_nano.a(libc_a-nano-svfprintf.o)
 .rodata.str1.4
                0x0800ab51       0x25 /usr/lib/gcc/arm-none-eabi/13.2.1/../../../arm-none-eabi/lib/thumb/v7e-m+fp/hard/libg_nano.a(libc_a-nano-vfprintf_i.o)
 .rodata.str1.4
                0x0800ab51       0x13 /usr/lib/gcc/arm-none-eabi/13.2.1/../../../arm-none-eabi/lib/thumb/v7e-m+fp/hard/libg_nano.a(libc_a-nano-vfprintf.o)
                0x0800abac                        . = ALIGN (0x4)
 *fill*         0x0800ab51        0x3 

.ARM.extab      0x0800ab54        0x0
                0x0800ab54                        . = ALIGN (0x4)
 *(.ARM.extab* .gnu.linkonce.armextab.*)
                0x0800ab54                        . = ALIGN (0x4)

.ARM            0x0800ab54        0x8
                0x0800ab54                        . = ALIGN (0x4)
                0x0800ab54                        __exidx_start = .
 *(.ARM.exidx*)
 .ARM.exidx     0x0800ab54        0x8 /usr/lib/gcc/arm-none-eabi/13.2.1/thumb/v7e-m+fp/hard/libgcc.a(_udivmoddi4.o)
 .ARM.exidx     0x0800ab5c        0x0 /usr/lib/gcc/arm-none-eabi/13.2.1/../../../arm-none-eabi/lib/thumb/v7e-m+fp/hard/libg_nano.a(libc_a-memcpy.o)
                                  0x8 (size before relaxing)
 .ARM.exidx     0x0800ab5c        0x0 /usr/lib/gcc/arm-none-eabi/13.2.1/../../../arm-none-eabi/lib/thumb/v7e-m+fp/hard/libg_nano.a(libc_a-memchr.o)
                                  0x8 (size before relaxing)
                0x0800ab5c                        __exidx_end = .
                0x0800ab5c                        . = ALIGN (0x4)

.preinit_array  0x0800ab5c        0x0
                0x0800ab5c                        . = ALIGN (0x4)
                0x0800ab5c                        PROVIDE (__preinit_array_start = .)
 *(.preinit_array*)
                0x0800ab5c                        PROVIDE (__preinit_array_end = .)
                0x0800ab5c                        . = ALIGN (0x4)

.init_array     0x0800ab5c        0x4
                0x0800ab5c                        . = ALIGN (0x4)
                0x0800ab5c                        PROVIDE (__init_array_start = .)
 *(SORT_BY_NAME(.init_array.*))
 *(.init_array*)
 .init_array    0x0800ab5c        0x4 /usr/lib/gcc/arm-none-eabi/13.2.1/thumb/v7e-m+fp/hard/crtbegin.o
                0x0800ab60                        PROVIDE (__init_array_end = .)
                0x0800ab60                        . = ALIGN (0x4)

.fini_array     0x0800ab60        0x4
                0x0800ab60                        . = ALIGN (0x4)
                0x0800ab60                        PROVIDE (__fini_array_start = .)
 *(SORT_BY_NAME(.fini_array.*))
 *(.fini_array*)
 .fini_array    0x0800ab60        0x4 /usr/lib/gcc/arm-none-eabi/13.2.1/thumb/v7e-m+fp/hard/crtbegin.o
                0x0800ab64                        PROVIDE (__fini_array_end = .)
                0x0800ab64                        . = ALIGN (0x4)
                0x0800ab64                        _sidata = LOADADDR (.data)

.rel.dyn        0x0800ab64        0x0
 .rel.iplt      0x0800ab64        0x0 /usr/lib/gcc/arm-none-eabi/13.2.1/thumb/v7e-m+fp/hard/crtbegin.o

.data           0x20000000      0x1d8 load address 0x0800ab64
                0x20000000                        . = ALIGN (0x4)
                0x20000000                        _sdata = .
 *(.data)
 .data          0x20000000       0x50 /usr/lib/gcc/arm-none-eabi/13.2.1/../../../arm-none-eabi/lib/thumb/v7e-m+fp/hard/libg_nano.a(libc_a-impure.o)
                0x20000000                _impure_ptr
                0x20000004                _impure_data
 .data          0x20000050      0x16c /usr/lib/gcc/arm-none-eabi/13.2.1/../../../arm-none-eabi/lib/thumb/v7e-m+fp/hard/libg_nano.a(libc_a-locale.o)
                0x20000050                __global_locale
 .data          0x200001bc        0xc /usr/lib/gcc/arm-none-eabi/13.2.1/../../../arm-none-eabi/lib/thumb/v7e-m+fp/hard/libg_nano.a(libc_a-findfp.o)
                0x200001bc                __sglue
 *(.data*)
 .data.SystemCoreClock
                0x200001c8        0x4 cmake/stm32cubemx/CMakeFiles/STM32_Drivers.dir/__/__/Core/Src/system_stm32g4xx.c.obj
                0x200001c8                SystemCoreClock
 .data.uwTickFreq
                0x200001cc        0x4 cmake/stm32cubemx/CMakeFiles/STM32_Drivers.dir/__/__/Drivers/STM32G4xx_HAL_Driver/Src/stm32g4xx_hal.c.obj
                0x200001cc                uwTickFreq
 .data.uwTickPrio
                0x200001d0        0x4 cmake/stm32cubemx/CMakeFiles/STM32_Drivers.dir/__/__/Drivers/STM32G4xx_HAL_Driver/Src/stm32g4xx_hal.c.obj
                0x200001d0                uwTickPrio
 .data.direction
                0x200001d4        0x1 CMakeFiles/BLDC_FOC.dir/Core/Src/Hall.c.obj
                0x200001d4                direction
 *(.RamFunc)
 *(.RamFunc*)
                0x200001d8                        . = ALIGN (0x4)
 *fill*         0x200001d5        0x3 

.tm_clone_table
                0x200001d8        0x0 load address 0x0800ad3c
 .tm_clone_table
                0x200001d8        0x0 /usr/lib/gcc/arm-none-eabi/13.2.1/thumb/v7e-m+fp/hard/crtbegin.o
 .tm_clone_table
                0x200001d8        0x0 /usr/lib/gcc/arm-none-eabi/13.2.1/thumb/v7e-m+fp/hard/crtend.o

.igot.plt       0x200001d8        0x0 load address 0x0800ad3c
 .igot.plt      0x200001d8        0x0 /usr/lib/gcc/arm-none-eabi/13.2.1/thumb/v7e-m+fp/hard/crtbegin.o

.tdata          0x200001d8        0x0 load address 0x0800ad3c
 *(.tdata .tdata.* .gnu.linkonce.td.*)
                0x200001d8                        . = ALIGN (0x4)
                0x200001d8                        _edata = .
                [!provide]                        PROVIDE (__data_end = .)
                [!provide]                        PROVIDE (__tdata_end = .)
                [!provide]                        PROVIDE (__tdata_start = ADDR (.tdata))
                [!provide]                        PROVIDE (__tdata_size = (__tdata_end - __tdata_start))
                [!provide]                        PROVIDE (__data_start = ADDR (.data))
                [!provide]                        PROVIDE (__data_size = (__data_end - __data_start))
                [!provide]                        PROVIDE (__tdata_source = LOADADDR (.tdata))
                [!provide]                        PROVIDE (__tdata_source_end = (LOADADDR (.tdata) + SIZEOF (.tdata)))
                [!provide]                        PROVIDE (__tdata_source_size = (__tdata_source_end - __tdata_source))
                [!provide]                        PROVIDE (__data_source = LOADADDR (.data))
                [!provide]                        PROVIDE (__data_source_end = __tdata_source_end)
                [!provide]                        PROVIDE (__data_source_size = (__data_source_end - __data_source))

.tbss           0x200001d8        0x0 load address 0x0800ad3c
                0x200001d8                        _sbss = .
                0x200001d8                        __bss_start__ = _sbss
 *(.tbss .tbss.*)
                0x200001d8                        . = ALIGN (0x4)
                [!provide]                        PROVIDE (__tbss_end = .)
                [!provide]                        PROVIDE (__tbss_start = ADDR (.tbss))
                [!provide]                        PROVIDE (__tbss_size = (__tbss_end - __tbss_start))
                [!provide]                        PROVIDE (__tbss_offset = (ADDR (.tbss) - ADDR (.tdata)))
                [!provide]                        PROVIDE (__tls_base = __tdata_start)
                [!provide]                        PROVIDE (__tls_end = __tbss_end)
                [!provide]                        PROVIDE (__tls_size = (__tls_end - __tls_base))
                [!provide]                        PROVIDE (__tls_align = MAX (ALIGNOF (.tdata), ALIGNOF (.tbss)))
                [!provide]                        PROVIDE (__tls_size_align = (((__tls_size + __tls_align) - 0x1) & ~ ((__tls_align - 0x1))))
                [!provide]                        PROVIDE (__arm32_tls_tcb_offset = MAX (0x8, __tls_align))
                [!provide]                        PROVIDE (__arm64_tls_tcb_offset = MAX (0x10, __tls_align))

.bss            0x200001d8      0x4c8 load address 0x0800ad3c
 *(.bss)
 .bss           0x200001d8       0x1c /usr/lib/gcc/arm-none-eabi/13.2.1/thumb/v7e-m+fp/hard/crtbegin.o
 .bss           0x200001f4      0x13c /usr/lib/gcc/arm-none-eabi/13.2.1/../../../arm-none-eabi/lib/thumb/v7e-m+fp/hard/libg_nano.a(libc_a-findfp.o)
                0x200001f4                __sf
                0x2000032c                __stdio_exit_handler
 .bss           0x20000330        0x8 /usr/lib/gcc/arm-none-eabi/13.2.1/../../../arm-none-eabi/lib/thumb/v7e-m+fp/hard/libg_nano.a(libc_a-mallocr.o)
                0x20000330                __malloc_sbrk_start
                0x20000334                __malloc_free_list
 .bss           0x20000338        0x4 /usr/lib/gcc/arm-none-eabi/13.2.1/../../../arm-none-eabi/lib/thumb/v7e-m+fp/hard/libg_nano.a(libc_a-reent.o)
                0x20000338                errno
 *(.bss*)
 .bss.uwTick    0x2000033c        0x4 cmake/stm32cubemx/CMakeFiles/STM32_Drivers.dir/__/__/Drivers/STM32G4xx_HAL_Driver/Src/stm32g4xx_hal.c.obj
                0x2000033c                uwTick
 .bss.command_ready
                0x20000340        0x1 CMakeFiles/BLDC_FOC.dir/Core/Src/main.c.obj
                0x20000340                command_ready
 .bss.rx_index  0x20000341        0x1 CMakeFiles/BLDC_FOC.dir/Core/Src/main.c.obj
                0x20000341                rx_index
 .bss.rx_buffer
                0x20000342       0x40 CMakeFiles/BLDC_FOC.dir/Core/Src/main.c.obj
                0x20000342                rx_buffer
 .bss.rx_byte   0x20000382        0x1 CMakeFiles/BLDC_FOC.dir/Core/Src/main.c.obj
                0x20000382                rx_byte
 *fill*         0x20000383        0x1 
 .bss.motor1    0x20000384       0xa8 CMakeFiles/BLDC_FOC.dir/Core/Src/main.c.obj
                0x20000384                motor1
 .bss.hadc1     0x2000042c       0x6c CMakeFiles/BLDC_FOC.dir/Core/Src/adc.c.obj
                0x2000042c                hadc1
 .bss.hcordic   0x20000498       0x28 CMakeFiles/BLDC_FOC.dir/Core/Src/cordic.c.obj
                0x20000498                hcordic
 .bss.hfdcan1   0x200004c0       0x64 CMakeFiles/BLDC_FOC.dir/Core/Src/fdcan.c.obj
                0x200004c0                hfdcan1
 .bss.hfmac     0x20000524       0x38 CMakeFiles/BLDC_FOC.dir/Core/Src/fmac.c.obj
                0x20000524                hfmac
 .bss.htim3     0x2000055c       0x4c CMakeFiles/BLDC_FOC.dir/Core/Src/tim.c.obj
                0x2000055c                htim3
 .bss.htim1     0x200005a8       0x4c CMakeFiles/BLDC_FOC.dir/Core/Src/tim.c.obj
                0x200005a8                htim1
 .bss.huart3    0x200005f4       0x94 CMakeFiles/BLDC_FOC.dir/Core/Src/usart.c.obj
                0x200005f4                huart3
 .bss.sector_duration
                0x20000688        0x4 CMakeFiles/BLDC_FOC.dir/Core/Src/Hall.c.obj
                0x20000688                sector_duration
 .bss.last_capture_time
                0x2000068c        0x4 CMakeFiles/BLDC_FOC.dir/Core/Src/Hall.c.obj
                0x2000068c                last_capture_time
 .bss.Electrical_Angle
                0x20000690        0x4 CMakeFiles/BLDC_FOC.dir/Core/Src/Hall.c.obj
                0x20000690                Electrical_Angle
 .bss.sector    0x20000694        0x1 CMakeFiles/BLDC_FOC.dir/Core/Src/Hall.c.obj
                0x20000694                sector
 *fill*         0x20000695        0x3 
 .bss.HALL_htim
                0x20000698        0x4 CMakeFiles/BLDC_FOC.dir/Core/Src/Hall.c.obj
 .bss.__sbrk_heap_end
                0x2000069c        0x4 CMakeFiles/BLDC_FOC.dir/Core/Src/sysmem.c.obj
 *(COMMON)
                0x200006a0                        . = ALIGN (0x4)
                0x200006a0                        _ebss = .
                0x200006a0                        __bss_end__ = _ebss
                [!provide]                        PROVIDE (__bss_end = .)
                [!provide]                        PROVIDE (__non_tls_bss_start = ADDR (.bss))
                [!provide]                        PROVIDE (__bss_start = __tbss_start)
                [!provide]                        PROVIDE (__bss_size = (__bss_end - __bss_start))

._user_heap_stack
                0x200006a0      0x600 load address 0x0800ad3c
                0x200006a0                        . = ALIGN (0x8)
                [!provide]                        PROVIDE (end = .)
                0x200006a0                        PROVIDE (_end = .)
                0x200008a0                        . = (. + _Min_Heap_Size)
 *fill*         0x200006a0      0x200 
                0x20000ca0                        . = (. + _Min_Stack_Size)
 *fill*         0x200008a0      0x400 
                0x20000ca0                        . = ALIGN (0x8)

/DISCARD/
 libc.a:*(*)
 libm.a:*(*)
 libgcc.a:*(*)
OUTPUT(BLDC_FOC.elf elf32-littlearm)
LOAD linker stubs

.ARM.attributes
                0x00000000       0x30
 .ARM.attributes
                0x00000000       0x22 /usr/lib/gcc/arm-none-eabi/13.2.1/thumb/v7e-m+fp/hard/crti.o
 .ARM.attributes
                0x00000022       0x34 /usr/lib/gcc/arm-none-eabi/13.2.1/thumb/v7e-m+fp/hard/crtbegin.o
 .ARM.attributes
                0x00000056       0x34 cmake/stm32cubemx/CMakeFiles/STM32_Drivers.dir/__/__/Core/Src/system_stm32g4xx.c.obj
 .ARM.attributes
                0x0000008a       0x34 cmake/stm32cubemx/CMakeFiles/STM32_Drivers.dir/__/__/Drivers/STM32G4xx_HAL_Driver/Src/stm32g4xx_hal_adc.c.obj
 .ARM.attributes
                0x000000be       0x34 cmake/stm32cubemx/CMakeFiles/STM32_Drivers.dir/__/__/Drivers/STM32G4xx_HAL_Driver/Src/stm32g4xx_hal_adc_ex.c.obj
 .ARM.attributes
                0x000000f2       0x34 cmake/stm32cubemx/CMakeFiles/STM32_Drivers.dir/__/__/Drivers/STM32G4xx_HAL_Driver/Src/stm32g4xx_hal.c.obj
 .ARM.attributes
                0x00000126       0x34 cmake/stm32cubemx/CMakeFiles/STM32_Drivers.dir/__/__/Drivers/STM32G4xx_HAL_Driver/Src/stm32g4xx_hal_rcc.c.obj
 .ARM.attributes
                0x0000015a       0x34 cmake/stm32cubemx/CMakeFiles/STM32_Drivers.dir/__/__/Drivers/STM32G4xx_HAL_Driver/Src/stm32g4xx_hal_rcc_ex.c.obj
 .ARM.attributes
                0x0000018e       0x34 cmake/stm32cubemx/CMakeFiles/STM32_Drivers.dir/__/__/Drivers/STM32G4xx_HAL_Driver/Src/stm32g4xx_hal_gpio.c.obj
 .ARM.attributes
                0x000001c2       0x34 cmake/stm32cubemx/CMakeFiles/STM32_Drivers.dir/__/__/Drivers/STM32G4xx_HAL_Driver/Src/stm32g4xx_hal_pwr_ex.c.obj
 .ARM.attributes
                0x000001f6       0x34 cmake/stm32cubemx/CMakeFiles/STM32_Drivers.dir/__/__/Drivers/STM32G4xx_HAL_Driver/Src/stm32g4xx_hal_cortex.c.obj
 .ARM.attributes
                0x0000022a       0x34 cmake/stm32cubemx/CMakeFiles/STM32_Drivers.dir/__/__/Drivers/STM32G4xx_HAL_Driver/Src/stm32g4xx_hal_cordic.c.obj
 .ARM.attributes
                0x0000025e       0x34 cmake/stm32cubemx/CMakeFiles/STM32_Drivers.dir/__/__/Drivers/STM32G4xx_HAL_Driver/Src/stm32g4xx_hal_fdcan.c.obj
 .ARM.attributes
                0x00000292       0x34 cmake/stm32cubemx/CMakeFiles/STM32_Drivers.dir/__/__/Drivers/STM32G4xx_HAL_Driver/Src/stm32g4xx_hal_fmac.c.obj
 .ARM.attributes
                0x000002c6       0x34 cmake/stm32cubemx/CMakeFiles/STM32_Drivers.dir/__/__/Drivers/STM32G4xx_HAL_Driver/Src/stm32g4xx_hal_tim.c.obj
 .ARM.attributes
                0x000002fa       0x34 cmake/stm32cubemx/CMakeFiles/STM32_Drivers.dir/__/__/Drivers/STM32G4xx_HAL_Driver/Src/stm32g4xx_hal_tim_ex.c.obj
 .ARM.attributes
                0x0000032e       0x34 cmake/stm32cubemx/CMakeFiles/STM32_Drivers.dir/__/__/Drivers/STM32G4xx_HAL_Driver/Src/stm32g4xx_hal_uart.c.obj
 .ARM.attributes
                0x00000362       0x34 cmake/stm32cubemx/CMakeFiles/STM32_Drivers.dir/__/__/Drivers/STM32G4xx_HAL_Driver/Src/stm32g4xx_hal_uart_ex.c.obj
 .ARM.attributes
                0x00000396       0x34 CMakeFiles/BLDC_FOC.dir/Core/Src/main.c.obj
 .ARM.attributes
                0x000003ca       0x34 CMakeFiles/BLDC_FOC.dir/Core/Src/gpio.c.obj
 .ARM.attributes
                0x000003fe       0x34 CMakeFiles/BLDC_FOC.dir/Core/Src/adc.c.obj
 .ARM.attributes
                0x00000432       0x34 CMakeFiles/BLDC_FOC.dir/Core/Src/cordic.c.obj
 .ARM.attributes
                0x00000466       0x34 CMakeFiles/BLDC_FOC.dir/Core/Src/fdcan.c.obj
 .ARM.attributes
                0x0000049a       0x34 CMakeFiles/BLDC_FOC.dir/Core/Src/fmac.c.obj
 .ARM.attributes
                0x000004ce       0x34 CMakeFiles/BLDC_FOC.dir/Core/Src/tim.c.obj
 .ARM.attributes
                0x00000502       0x34 CMakeFiles/BLDC_FOC.dir/Core/Src/usart.c.obj
 .ARM.attributes
                0x00000536       0x34 CMakeFiles/BLDC_FOC.dir/Core/Src/FOC_Driver.c.obj
 .ARM.attributes
                0x0000056a       0x34 CMakeFiles/BLDC_FOC.dir/Core/Src/Hall.c.obj
 .ARM.attributes
                0x0000059e       0x34 CMakeFiles/BLDC_FOC.dir/Core/Src/stm32g4xx_it.c.obj
 .ARM.attributes
                0x000005d2       0x34 CMakeFiles/BLDC_FOC.dir/Core/Src/stm32g4xx_hal_msp.c.obj
 .ARM.attributes
                0x00000606       0x34 CMakeFiles/BLDC_FOC.dir/Core/Src/sysmem.c.obj
 .ARM.attributes
                0x0000063a       0x34 CMakeFiles/BLDC_FOC.dir/Core/Src/syscalls.c.obj
 .ARM.attributes
                0x0000066e       0x21 CMakeFiles/BLDC_FOC.dir/startup_stm32g431xx.s.obj
 .ARM.attributes
                0x0000068f       0x22 /usr/lib/gcc/arm-none-eabi/13.2.1/thumb/v7e-m+fp/hard/libgcc.a(_arm_addsubdf3.o)
 .ARM.attributes
                0x000006b1       0x22 /usr/lib/gcc/arm-none-eabi/13.2.1/thumb/v7e-m+fp/hard/libgcc.a(_arm_truncdfsf2.o)
 .ARM.attributes
                0x000006d3       0x22 /usr/lib/gcc/arm-none-eabi/13.2.1/thumb/v7e-m+fp/hard/libgcc.a(_aeabi_uldivmod.o)
 .ARM.attributes
                0x000006f5       0x34 /usr/lib/gcc/arm-none-eabi/13.2.1/thumb/v7e-m+fp/hard/libgcc.a(_udivmoddi4.o)
 .ARM.attributes
                0x00000729       0x22 /usr/lib/gcc/arm-none-eabi/13.2.1/thumb/v7e-m+fp/hard/libgcc.a(_dvmd_tls.o)
 .ARM.attributes
                0x0000074b       0x34 /usr/lib/gcc/arm-none-eabi/13.2.1/../../../arm-none-eabi/lib/thumb/v7e-m+fp/hard/libg_nano.a(libc_a-atof.o)
 .ARM.attributes
                0x0000077f       0x34 /usr/lib/gcc/arm-none-eabi/13.2.1/../../../arm-none-eabi/lib/thumb/v7e-m+fp/hard/libg_nano.a(libc_a-strtod.o)
 .ARM.attributes
                0x000007b3       0x34 /usr/lib/gcc/arm-none-eabi/13.2.1/../../../arm-none-eabi/lib/thumb/v7e-m+fp/hard/libg_nano.a(libc_a-impure.o)
 .ARM.attributes
                0x000007e7       0x34 /usr/lib/gcc/arm-none-eabi/13.2.1/../../../arm-none-eabi/lib/thumb/v7e-m+fp/hard/libg_nano.a(libc_a-gdtoa-gethex.o)
 .ARM.attributes
                0x0000081b       0x34 /usr/lib/gcc/arm-none-eabi/13.2.1/../../../arm-none-eabi/lib/thumb/v7e-m+fp/hard/libg_nano.a(libc_a-init.o)
 .ARM.attributes
                0x0000084f       0x34 /usr/lib/gcc/arm-none-eabi/13.2.1/../../../arm-none-eabi/lib/thumb/v7e-m+fp/hard/libg_nano.a(libc_a-memset.o)
 .ARM.attributes
                0x00000883       0x34 /usr/lib/gcc/arm-none-eabi/13.2.1/../../../arm-none-eabi/lib/thumb/v7e-m+fp/hard/libg_nano.a(libc_a-errno.o)
 .ARM.attributes
                0x000008b7       0x34 /usr/lib/gcc/arm-none-eabi/13.2.1/../../../arm-none-eabi/lib/thumb/v7e-m+fp/hard/libg_nano.a(libc_a-locale.o)
 .ARM.attributes
                0x000008eb       0x34 /usr/lib/gcc/arm-none-eabi/13.2.1/../../../arm-none-eabi/lib/thumb/v7e-m+fp/hard/libg_nano.a(libc_a-wctomb_r.o)
 .ARM.attributes
                0x0000091f       0x20 /usr/lib/gcc/arm-none-eabi/13.2.1/../../../arm-none-eabi/lib/thumb/v7e-m+fp/hard/libg_nano.a(libc_a-memcpy.o)
 .ARM.attributes
                0x0000093f       0x34 /usr/lib/gcc/arm-none-eabi/13.2.1/../../../arm-none-eabi/lib/thumb/v7e-m+fp/hard/libg_nano.a(libc_a-strncmp.o)
 .ARM.attributes
                0x00000973       0x34 /usr/lib/gcc/arm-none-eabi/13.2.1/../../../arm-none-eabi/lib/thumb/v7e-m+fp/hard/libg_nano.a(libc_a-ctype_.o)
 .ARM.attributes
                0x000009a7       0x34 /usr/lib/gcc/arm-none-eabi/13.2.1/../../../arm-none-eabi/lib/thumb/v7e-m+fp/hard/libg_nano.a(libc_a-snprintf.o)
 .ARM.attributes
                0x000009db       0x34 /usr/lib/gcc/arm-none-eabi/13.2.1/../../../arm-none-eabi/lib/thumb/v7e-m+fp/hard/libg_nano.a(libc_a-gdtoa-hexnan.o)
 .ARM.attributes
                0x00000a0f       0x34 /usr/lib/gcc/arm-none-eabi/13.2.1/../../../arm-none-eabi/lib/thumb/v7e-m+fp/hard/libg_nano.a(libm_a-s_nan.o)
 .ARM.attributes
                0x00000a43       0x34 /usr/lib/gcc/arm-none-eabi/13.2.1/../../../arm-none-eabi/lib/thumb/v7e-m+fp/hard/libg_nano.a(libm_a-sf_nan.o)
 .ARM.attributes
                0x00000a77       0x34 /usr/lib/gcc/arm-none-eabi/13.2.1/../../../arm-none-eabi/lib/thumb/v7e-m+fp/hard/libg_nano.a(libc_a-assert.o)
 .ARM.attributes
                0x00000aab       0x34 /usr/lib/gcc/arm-none-eabi/13.2.1/../../../arm-none-eabi/lib/thumb/v7e-m+fp/hard/libg_nano.a(libc_a-mprec.o)
 .ARM.attributes
                0x00000adf       0x34 /usr/lib/gcc/arm-none-eabi/13.2.1/../../../arm-none-eabi/lib/thumb/v7e-m+fp/hard/libg_nano.a(libc_a-nano-svfprintf.o)
 .ARM.attributes
                0x00000b13       0x34 /usr/lib/gcc/arm-none-eabi/13.2.1/../../../arm-none-eabi/lib/thumb/v7e-m+fp/hard/libg_nano.a(libc_a-mbtowc_r.o)
 .ARM.attributes
                0x00000b47       0x34 /usr/lib/gcc/arm-none-eabi/13.2.1/../../../arm-none-eabi/lib/thumb/v7e-m+fp/hard/libg_nano.a(libc_a-findfp.o)
 .ARM.attributes
                0x00000b7b       0x34 /usr/lib/gcc/arm-none-eabi/13.2.1/../../../arm-none-eabi/lib/thumb/v7e-m+fp/hard/libg_nano.a(libc_a-abort.o)
 .ARM.attributes
                0x00000baf       0x34 /usr/lib/gcc/arm-none-eabi/13.2.1/../../../arm-none-eabi/lib/thumb/v7e-m+fp/hard/libg_nano.a(libc_a-fflush.o)
 .ARM.attributes
                0x00000be3       0x34 /usr/lib/gcc/arm-none-eabi/13.2.1/../../../arm-none-eabi/lib/thumb/v7e-m+fp/hard/libg_nano.a(libc_a-callocr.o)
 .ARM.attributes
                0x00000c17       0x34 /usr/lib/gcc/arm-none-eabi/13.2.1/../../../arm-none-eabi/lib/thumb/v7e-m+fp/hard/libg_nano.a(libc_a-mallocr.o)
 .ARM.attributes
                0x00000c4b       0x34 /usr/lib/gcc/arm-none-eabi/13.2.1/../../../arm-none-eabi/lib/thumb/v7e-m+fp/hard/libg_nano.a(libc_a-freer.o)
 .ARM.attributes
                0x00000c7f       0x34 /usr/lib/gcc/arm-none-eabi/13.2.1/../../../arm-none-eabi/lib/thumb/v7e-m+fp/hard/libg_nano.a(libc_a-memmove.o)
 .ARM.attributes
                0x00000cb3       0x34 /usr/lib/gcc/arm-none-eabi/13.2.1/../../../arm-none-eabi/lib/thumb/v7e-m+fp/hard/libg_nano.a(libc_a-fwalk.o)
 .ARM.attributes
                0x00000ce7       0x1c /usr/lib/gcc/arm-none-eabi/13.2.1/../../../arm-none-eabi/lib/thumb/v7e-m+fp/hard/libg_nano.a(libc_a-memchr.o)
 .ARM.attributes
                0x00000d03       0x34 /usr/lib/gcc/arm-none-eabi/13.2.1/../../../arm-none-eabi/lib/thumb/v7e-m+fp/hard/libg_nano.a(libc_a-malloc.o)
 .ARM.attributes
                0x00000d37       0x34 /usr/lib/gcc/arm-none-eabi/13.2.1/../../../arm-none-eabi/lib/thumb/v7e-m+fp/hard/libg_nano.a(libc_a-fprintf.o)
 .ARM.attributes
                0x00000d6b       0x34 /usr/lib/gcc/arm-none-eabi/13.2.1/../../../arm-none-eabi/lib/thumb/v7e-m+fp/hard/libg_nano.a(libc_a-reallocr.o)
 .ARM.attributes
                0x00000d9f       0x34 /usr/lib/gcc/arm-none-eabi/13.2.1/../../../arm-none-eabi/lib/thumb/v7e-m+fp/hard/libg_nano.a(libc_a-nano-vfprintf_i.o)
 .ARM.attributes
                0x00000dd3       0x34 /usr/lib/gcc/arm-none-eabi/13.2.1/../../../arm-none-eabi/lib/thumb/v7e-m+fp/hard/libg_nano.a(libc_a-mlock.o)
 .ARM.attributes
                0x00000e07       0x34 /usr/lib/gcc/arm-none-eabi/13.2.1/../../../arm-none-eabi/lib/thumb/v7e-m+fp/hard/libg_nano.a(libc_a-nano-vfprintf.o)
 .ARM.attributes
                0x00000e3b       0x34 /usr/lib/gcc/arm-none-eabi/13.2.1/../../../arm-none-eabi/lib/thumb/v7e-m+fp/hard/libg_nano.a(libc_a-wbuf.o)
 .ARM.attributes
                0x00000e6f       0x34 /usr/lib/gcc/arm-none-eabi/13.2.1/../../../arm-none-eabi/lib/thumb/v7e-m+fp/hard/libg_nano.a(libc_a-sbrkr.o)
 .ARM.attributes
                0x00000ea3       0x34 /usr/lib/gcc/arm-none-eabi/13.2.1/../../../arm-none-eabi/lib/thumb/v7e-m+fp/hard/libg_nano.a(libc_a-stdio.o)
 .ARM.attributes
                0x00000ed7       0x34 /usr/lib/gcc/arm-none-eabi/13.2.1/../../../arm-none-eabi/lib/thumb/v7e-m+fp/hard/libg_nano.a(libc_a-msizer.o)
 .ARM.attributes
                0x00000f0b       0x34 /usr/lib/gcc/arm-none-eabi/13.2.1/../../../arm-none-eabi/lib/thumb/v7e-m+fp/hard/libg_nano.a(libc_a-fvwrite.o)
 .ARM.attributes
                0x00000f3f       0x34 /usr/lib/gcc/arm-none-eabi/13.2.1/../../../arm-none-eabi/lib/thumb/v7e-m+fp/hard/libg_nano.a(libc_a-signal.o)
 .ARM.attributes
                0x00000f73       0x34 /usr/lib/gcc/arm-none-eabi/13.2.1/../../../arm-none-eabi/lib/thumb/v7e-m+fp/hard/libg_nano.a(libc_a-closer.o)
 .ARM.attributes
                0x00000fa7       0x34 /usr/lib/gcc/arm-none-eabi/13.2.1/../../../arm-none-eabi/lib/thumb/v7e-m+fp/hard/libg_nano.a(libc_a-wsetup.o)
 .ARM.attributes
                0x00000fdb       0x34 /usr/lib/gcc/arm-none-eabi/13.2.1/../../../arm-none-eabi/lib/thumb/v7e-m+fp/hard/libg_nano.a(libc_a-readr.o)
 .ARM.attributes
                0x0000100f       0x34 /usr/lib/gcc/arm-none-eabi/13.2.1/../../../arm-none-eabi/lib/thumb/v7e-m+fp/hard/libg_nano.a(libc_a-reent.o)
 .ARM.attributes
                0x00001043       0x34 /usr/lib/gcc/arm-none-eabi/13.2.1/../../../arm-none-eabi/lib/thumb/v7e-m+fp/hard/libg_nano.a(libc_a-makebuf.o)
 .ARM.attributes