Archive member included to satisfy reference by file (symbol)

/usr/lib/gcc/arm-none-eabi/13.2.1/../../../arm-none-eabi/lib/thumb/v7e-m+fp/hard/libc_nano.a(libc_a-init.o)
                              /usr/lib/gcc/arm-none-eabi/13.2.1/../../../arm-none-eabi/lib/thumb/v7e-m+fp/hard/crt0.o (__libc_init_array)
/usr/lib/gcc/arm-none-eabi/13.2.1/../../../arm-none-eabi/lib/thumb/v7e-m+fp/hard/libc_nano.a(libc_a-memset.o)
                              /usr/lib/gcc/arm-none-eabi/13.2.1/../../../arm-none-eabi/lib/thumb/v7e-m+fp/hard/crt0.o (memset)
/usr/lib/gcc/arm-none-eabi/13.2.1/../../../arm-none-eabi/lib/thumb/v7e-m+fp/hard/libc_nano.a(libc_a-errno.o)
                              build/debug/syscalls.o (__errno)
/usr/lib/gcc/arm-none-eabi/13.2.1/../../../arm-none-eabi/lib/thumb/v7e-m+fp/hard/libc_nano.a(libc_a-exit.o)
                              /usr/lib/gcc/arm-none-eabi/13.2.1/../../../arm-none-eabi/lib/thumb/v7e-m+fp/hard/crt0.o (exit)
/usr/lib/gcc/arm-none-eabi/13.2.1/../../../arm-none-eabi/lib/thumb/v7e-m+fp/hard/libc_nano.a(libc_a-atexit.o)
                              /usr/lib/gcc/arm-none-eabi/13.2.1/../../../arm-none-eabi/lib/thumb/v7e-m+fp/hard/crt0.o (atexit)
/usr/lib/gcc/arm-none-eabi/13.2.1/../../../arm-none-eabi/lib/thumb/v7e-m+fp/hard/libc_nano.a(libc_a-fini.o)
                              /usr/lib/gcc/arm-none-eabi/13.2.1/../../../arm-none-eabi/lib/thumb/v7e-m+fp/hard/crt0.o (__libc_fini_array)
/usr/lib/gcc/arm-none-eabi/13.2.1/../../../arm-none-eabi/lib/thumb/v7e-m+fp/hard/libc_nano.a(libc_a-impure.o)
                              /usr/lib/gcc/arm-none-eabi/13.2.1/../../../arm-none-eabi/lib/thumb/v7e-m+fp/hard/libc_nano.a(libc_a-errno.o) (_impure_ptr)
/usr/lib/gcc/arm-none-eabi/13.2.1/../../../arm-none-eabi/lib/thumb/v7e-m+fp/hard/libc_nano.a(libc_a-findfp.o)
                              /usr/lib/gcc/arm-none-eabi/13.2.1/../../../arm-none-eabi/lib/thumb/v7e-m+fp/hard/libc_nano.a(libc_a-exit.o) (__stdio_exit_handler)
/usr/lib/gcc/arm-none-eabi/13.2.1/../../../arm-none-eabi/lib/thumb/v7e-m+fp/hard/libc_nano.a(libc_a-fflush.o)
                              /usr/lib/gcc/arm-none-eabi/13.2.1/../../../arm-none-eabi/lib/thumb/v7e-m+fp/hard/libc_nano.a(libc_a-findfp.o) (_fflush_r)
/usr/lib/gcc/arm-none-eabi/13.2.1/../../../arm-none-eabi/lib/thumb/v7e-m+fp/hard/libc_nano.a(libc_a-mallocr.o)
                              /usr/lib/gcc/arm-none-eabi/13.2.1/../../../arm-none-eabi/lib/thumb/v7e-m+fp/hard/libc_nano.a(libc_a-findfp.o) (_malloc_r)
/usr/lib/gcc/arm-none-eabi/13.2.1/../../../arm-none-eabi/lib/thumb/v7e-m+fp/hard/libc_nano.a(libc_a-freer.o)
                              /usr/lib/gcc/arm-none-eabi/13.2.1/../../../arm-none-eabi/lib/thumb/v7e-m+fp/hard/libc_nano.a(libc_a-fflush.o) (_free_r)
/usr/lib/gcc/arm-none-eabi/13.2.1/../../../arm-none-eabi/lib/thumb/v7e-m+fp/hard/libc_nano.a(libc_a-fwalk.o)
                              /usr/lib/gcc/arm-none-eabi/13.2.1/../../../arm-none-eabi/lib/thumb/v7e-m+fp/hard/libc_nano.a(libc_a-findfp.o) (_fwalk_sglue)
/usr/lib/gcc/arm-none-eabi/13.2.1/../../../arm-none-eabi/lib/thumb/v7e-m+fp/hard/libc_nano.a(libc_a-__atexit.o)
                              /usr/lib/gcc/arm-none-eabi/13.2.1/../../../arm-none-eabi/lib/thumb/v7e-m+fp/hard/libc_nano.a(libc_a-atexit.o) (__register_exitproc)
/usr/lib/gcc/arm-none-eabi/13.2.1/../../../arm-none-eabi/lib/thumb/v7e-m+fp/hard/libc_nano.a(libc_a-mlock.o)
                              /usr/lib/gcc/arm-none-eabi/13.2.1/../../../arm-none-eabi/lib/thumb/v7e-m+fp/hard/libc_nano.a(libc_a-mallocr.o) (__malloc_lock)
/usr/lib/gcc/arm-none-eabi/13.2.1/../../../arm-none-eabi/lib/thumb/v7e-m+fp/hard/libc_nano.a(libc_a-sbrkr.o)
                              /usr/lib/gcc/arm-none-eabi/13.2.1/../../../arm-none-eabi/lib/thumb/v7e-m+fp/hard/libc_nano.a(libc_a-mallocr.o) (_sbrk_r)
/usr/lib/gcc/arm-none-eabi/13.2.1/../../../arm-none-eabi/lib/thumb/v7e-m+fp/hard/libc_nano.a(libc_a-stdio.o)
                              /usr/lib/gcc/arm-none-eabi/13.2.1/../../../arm-none-eabi/lib/thumb/v7e-m+fp/hard/libc_nano.a(libc_a-findfp.o) (__sread)
/usr/lib/gcc/arm-none-eabi/13.2.1/../../../arm-none-eabi/lib/thumb/v7e-m+fp/hard/libc_nano.a(libc_a-closer.o)
                              /usr/lib/gcc/arm-none-eabi/13.2.1/../../../arm-none-eabi/lib/thumb/v7e-m+fp/hard/libc_nano.a(libc_a-stdio.o) (_close_r)
/usr/lib/gcc/arm-none-eabi/13.2.1/../../../arm-none-eabi/lib/thumb/v7e-m+fp/hard/libc_nano.a(libc_a-__call_atexit.o)
                              /usr/lib/gcc/arm-none-eabi/13.2.1/../../../arm-none-eabi/lib/thumb/v7e-m+fp/hard/libc_nano.a(libc_a-__atexit.o) (__call_exitprocs)
/usr/lib/gcc/arm-none-eabi/13.2.1/../../../arm-none-eabi/lib/thumb/v7e-m+fp/hard/libc_nano.a(libc_a-readr.o)
                              /usr/lib/gcc/arm-none-eabi/13.2.1/../../../arm-none-eabi/lib/thumb/v7e-m+fp/hard/libc_nano.a(libc_a-stdio.o) (_read_r)
/usr/lib/gcc/arm-none-eabi/13.2.1/../../../arm-none-eabi/lib/thumb/v7e-m+fp/hard/libc_nano.a(libc_a-reent.o)
[...]
Memory Configuration

Name             Origin             Length             Attributes
RAM              0x20000000         0x00008000         xrw
FLASH            0x08000000         0x00020000         xr
*default*        0x00000000         0xffffffff

Linker script and memory map

LOAD /usr/lib/gcc/arm-none-eabi/13.2.1/thumb/v7e-m+fp/hard/crti.o
LOAD /usr/lib/gcc/arm-none-eabi/13.2.1/thumb/v7e-m+fp/hard/crtbegin.o
LOAD /usr/lib/gcc/arm-none-eabi/13.2.1/../../../arm-none-eabi/lib/thumb/v7e-m+fp/hard/crt0.o
LOAD build/debug/fdcan.o
LOAD build/debug/gpio.o
LOAD build/debug/main.o
LOAD build/debug/stm32g4xx_hal.o
LOAD build/debug/stm32g4xx_hal_cortex.o
LOAD build/debug/stm32g4xx_hal_dma.o
LOAD build/debug/stm32g4xx_hal_dma_ex.o
LOAD build/debug/stm32g4xx_hal_exti.o
LOAD build/debug/stm32g4xx_hal_fdcan.o
LOAD build/debug/stm32g4xx_hal_flash.o
LOAD build/debug/stm32g4xx_hal_flash_ex.o
LOAD build/debug/stm32g4xx_hal_flash_ramfunc.o
LOAD build/debug/stm32g4xx_hal_gpio.o
LOAD build/debug/stm32g4xx_hal_msp.o
LOAD build/debug/stm32g4xx_hal_pwr.o
LOAD build/debug/stm32g4xx_hal_pwr_ex.o
LOAD build/debug/stm32g4xx_hal_rcc.o
LOAD build/debug/stm32g4xx_hal_rcc_ex.o
LOAD build/debug/stm32g4xx_hal_uart.o
LOAD build/debug/stm32g4xx_hal_uart_ex.o
LOAD build/debug/stm32g4xx_it.o
LOAD build/debug/syscalls.o
LOAD build/debug/sysmem.o
LOAD build/debug/system_stm32g4xx.o
LOAD build/debug/usart.o
LOAD build/debug/startup_stm32g431xx.o
LOAD /usr/lib/gcc/arm-none-eabi/13.2.1/../../../arm-none-eabi/lib/thumb/v7e-m+fp/hard/libc_nano.a
LOAD /usr/lib/gcc/arm-none-eabi/13.2.1/../../../arm-none-eabi/lib/thumb/v7e-m+fp/hard/libm.a
LOAD /usr/lib/gcc/arm-none-eabi/13.2.1/../../../arm-none-eabi/lib/thumb/v7e-m+fp/hard/libnosys.a
START GROUP
LOAD /usr/lib/gcc/arm-none-eabi/13.2.1/thumb/v7e-m+fp/hard/libgcc.a
LOAD /usr/lib/gcc/arm-none-eabi/13.2.1/../../../arm-none-eabi/lib/thumb/v7e-m+fp/hard/libc_nano.a
END GROUP
START GROUP
LOAD /usr/lib/gcc/arm-none-eabi/13.2.1/thumb/v7e-m+fp/hard/libgcc.a
LOAD /usr/lib/gcc/arm-none-eabi/13.2.1/../../../arm-none-eabi/lib/thumb/v7e-m+fp/hard/libc_nano.a
END GROUP
LOAD /usr/lib/gcc/arm-none-eabi/13.2.1/thumb/v7e-m+fp/hard/crtend.o
LOAD /usr/lib/gcc/arm-none-eabi/13.2.1/thumb/v7e-m+fp/hard/crtn.o
                0x20008000                        _estack = (ORIGIN (RAM) + LENGTH (RAM))
                0x00000200                        _Min_Heap_Size = 0x200
                0x00000400                        _Min_Stack_Size = 0x400

.isr_vector     0x08000000      0x1d8
                0x08000000                        . = ALIGN (0x4)
 *(.isr_vector)
 .isr_vector    0x08000000      0x1d8 build/debug/startup_stm32g431xx.o
                0x08000000                g_pfnVectors
                0x080001d8                        . = ALIGN (0x4)

.text           0x080001d8     0x2168
                0x080001d8                        . = ALIGN (0x4)
 *(.text)
 .text          0x080001d8       0x88 /usr/lib/gcc/arm-none-eabi/13.2.1/thumb/v7e-m+fp/hard/crtbegin.o
 .text          0x08000260       0x50 /usr/lib/gcc/arm-none-eabi/13.2.1/../../../arm-none-eabi/lib/thumb/v7e-m+fp/hard/libc_nano.a(libc_a-init.o)
                0x08000260                __libc_init_array
 .text          0x080002b0       0xa4 /usr/lib/gcc/arm-none-eabi/13.2.1/../../../arm-none-eabi/lib/thumb/v7e-m+fp/hard/libc_nano.a(libc_a-memset.o)
                0x080002b0                memset
 .text          0x08000354       0x30 /usr/lib/gcc/arm-none-eabi/13.2.1/thumb/v7e-m+fp/hard/libgcc.a(_aeabi_uldivmod.o)
                0x08000354                __aeabi_uldivmod
 .text          0x08000384      0x2bc /usr/lib/gcc/arm-none-eabi/13.2.1/thumb/v7e-m+fp/hard/libgcc.a(_udivmoddi4.o)
                0x08000384                __udivmoddi4
 .text          0x08000640        0x4 /usr/lib/gcc/arm-none-eabi/13.2.1/thumb/v7e-m+fp/hard/libgcc.a(_dvmd_tls.o)
                0x08000640                __aeabi_ldiv0
                0x08000640                __aeabi_idiv0
 *(.text*)
 .text.MX_FDCAN1_Init
                0x08000644       0x48 build/debug/fdcan.o
                0x08000644                MX_FDCAN1_Init
 .text.HAL_FDCAN_MspInit
                0x0800068c       0x90 build/debug/fdcan.o
                0x0800068c                HAL_FDCAN_MspInit
 .text.MX_GPIO_Init
                0x0800071c       0x30 build/debug/gpio.o
                0x0800071c                MX_GPIO_Init
 .text.Error_Handler
                0x0800074c        0x4 build/debug/main.o
                0x0800074c                Error_Handler
 .text.SystemClock_Config
                0x08000750       0x6e build/debug/main.o
                0x08000750                SystemClock_Config
 .text.main     0x080007be       0x1c build/debug/main.o
                0x080007be                main
 *fill*         0x080007da        0x2 
 .text.HAL_InitTick
                0x080007dc       0x50 build/debug/stm32g4xx_hal.o
                0x080007dc                HAL_InitTick
 .text.HAL_Init
                0x0800082c       0x1e build/debug/stm32g4xx_hal.o
                0x0800082c                HAL_Init
 *fill*         0x0800084a        0x2 
 .text.HAL_IncTick
                0x0800084c       0x18 build/debug/stm32g4xx_hal.o
                0x0800084c                HAL_IncTick
 .text.HAL_GetTick
                0x08000864        0xc build/debug/stm32g4xx_hal.o
                0x08000864                HAL_GetTick
 .text.__NVIC_SetPriority
                0x08000870       0x28 build/debug/stm32g4xx_hal_cortex.o
 .text.NVIC_EncodePriority
                0x08000898       0x3e build/debug/stm32g4xx_hal_cortex.o
 *fill*         0x080008d6        0x2 
 .text.HAL_NVIC_SetPriorityGrouping
                0x080008d8       0x24 build/debug/stm32g4xx_hal_cortex.o
                0x080008d8                HAL_NVIC_SetPriorityGrouping
 .text.HAL_NVIC_SetPriority
                0x080008fc       0x20 build/debug/stm32g4xx_hal_cortex.o
                0x080008fc                HAL_NVIC_SetPriority
 .text.HAL_SYSTICK_Config
                0x0800091c       0x28 build/debug/stm32g4xx_hal_cortex.o
                0x0800091c                HAL_SYSTICK_Config
 .text.FDCAN_CalcultateRamBlockAddresses
                0x08000944       0x68 build/debug/stm32g4xx_hal_fdcan.o
 .text.HAL_FDCAN_Init
                0x080009ac      0x1d4 build/debug/stm32g4xx_hal_fdcan.o
                0x080009ac                HAL_FDCAN_Init
 .text.HAL_GPIO_Init
                0x08000b80      0x1d4 build/debug/stm32g4xx_hal_gpio.o
                0x08000b80                HAL_GPIO_Init
 .text.HAL_MspInit
                0x08000d54       0x38 build/debug/stm32g4xx_hal_msp.o
                0x08000d54                HAL_MspInit
 .text.HAL_PWREx_ControlVoltageScaling
                0x08000d8c      0x10c build/debug/stm32g4xx_hal_pwr_ex.o
                0x08000d8c                HAL_PWREx_ControlVoltageScaling
 .text.HAL_PWREx_DisableUCPDDeadBattery
                0x08000e98       0x10 build/debug/stm32g4xx_hal_pwr_ex.o
                0x08000e98                HAL_PWREx_DisableUCPDDeadBattery
 .text.RCC_GetSysClockFreqFromPLLSource
                0x08000ea8       0x58 build/debug/stm32g4xx_hal_rcc.o
 .text.HAL_RCC_OscConfig
                0x08000f00      0x4e4 build/debug/stm32g4xx_hal_rcc.o
                0x08000f00                HAL_RCC_OscConfig
 .text.HAL_RCC_GetSysClockFreq
                0x080013e4       0x88 build/debug/stm32g4xx_hal_rcc.o
                0x080013e4                HAL_RCC_GetSysClockFreq
 .text.HAL_RCC_ClockConfig
                0x0800146c      0x1f8 build/debug/stm32g4xx_hal_rcc.o
                0x0800146c                HAL_RCC_ClockConfig
 .text.HAL_RCC_GetHCLKFreq
                0x08001664        0xc build/debug/stm32g4xx_hal_rcc.o
                0x08001664                HAL_RCC_GetHCLKFreq
 .text.HAL_RCC_GetPCLK1Freq
                0x08001670       0x24 build/debug/stm32g4xx_hal_rcc.o
                0x08001670                HAL_RCC_GetPCLK1Freq
 .text.HAL_RCC_GetPCLK2Freq
                0x08001694       0x24 build/debug/stm32g4xx_hal_rcc.o
                0x08001694                HAL_RCC_GetPCLK2Freq
 .text.HAL_RCCEx_PeriphCLKConfig
                0x080016b8      0x2e4 build/debug/stm32g4xx_hal_rcc_ex.o
                0x080016b8                HAL_RCCEx_PeriphCLKConfig
 .text.UART_EndRxTransfer
                0x0800199c       0x56 build/debug/stm32g4xx_hal_uart.o
 *fill*         0x080019f2        0x2 
 .text.UART_SetConfig
                0x080019f4      0x344 build/debug/stm32g4xx_hal_uart.o
                0x080019f4                UART_SetConfig
 .text.UART_AdvFeatureConfig
                0x08001d38       0xca build/debug/stm32g4xx_hal_uart.o
                0x08001d38                UART_AdvFeatureConfig
 .text.UART_WaitOnFlagUntilTimeout
                0x08001e02       0x9e build/debug/stm32g4xx_hal_uart.o
                0x08001e02                UART_WaitOnFlagUntilTimeout
 .text.UART_CheckIdleState
                0x08001ea0       0xca build/debug/stm32g4xx_hal_uart.o
                0x08001ea0                UART_CheckIdleState
 .text.HAL_UART_Init
                0x08001f6a       0x66 build/debug/stm32g4xx_hal_uart.o
                0x08001f6a                HAL_UART_Init
 .text.UARTEx_SetNbDataToProcess
                0x08001fd0       0x4c build/debug/stm32g4xx_hal_uart_ex.o
 .text.HAL_UARTEx_DisableFifoMode
                0x0800201c       0x3e build/debug/stm32g4xx_hal_uart_ex.o
                0x0800201c                HAL_UARTEx_DisableFifoMode
 .text.HAL_UARTEx_SetTxFifoThreshold
                0x0800205a       0x4a build/debug/stm32g4xx_hal_uart_ex.o
                0x0800205a                HAL_UARTEx_SetTxFifoThreshold
 .text.HAL_UARTEx_SetRxFifoThreshold
                0x080020a4       0x4a build/debug/stm32g4xx_hal_uart_ex.o
                0x080020a4                HAL_UARTEx_SetRxFifoThreshold
 .text.NMI_Handler
                0x080020ee        0x2 build/debug/stm32g4xx_it.o
                0x080020ee                NMI_Handler
 .text.HardFault_Handler
                0x080020f0        0x2 build/debug/stm32g4xx_it.o
                0x080020f0                HardFault_Handler
 .text.MemManage_Handler
                0x080020f2        0x2 build/debug/stm32g4xx_it.o
                0x080020f2                MemManage_Handler
 .text.BusFault_Handler
                0x080020f4        0x2 build/debug/stm32g4xx_it.o
                0x080020f4                BusFault_Handler
 .text.UsageFault_Handler
                0x080020f6        0x2 build/debug/stm32g4xx_it.o
                0x080020f6                UsageFault_Handler
 .text.SVC_Handler
                0x080020f8        0x2 build/debug/stm32g4xx_it.o
                0x080020f8                SVC_Handler
 .text.DebugMon_Handler
                0x080020fa        0x2 build/debug/stm32g4xx_it.o
                0x080020fa                DebugMon_Handler
 .text.PendSV_Handler
                0x080020fc        0x2 build/debug/stm32g4xx_it.o
                0x080020fc                PendSV_Handler
 .text.SysTick_Handler
                0x080020fe        0x8 build/debug/stm32g4xx_it.o
                0x080020fe                SysTick_Handler
 *fill*         0x08002106        0x2 
 .text.SystemInit
                0x08002108       0x14 build/debug/system_stm32g4xx.o
                0x08002108                SystemInit
 .text.MX_USART1_UART_Init
                0x0800211c       0x68 build/debug/usart.o
                0x0800211c                MX_USART1_UART_Init
 .text.MX_USART2_UART_Init
                0x08002184       0x68 build/debug/usart.o
                0x08002184                MX_USART2_UART_Init
 .text.HAL_UART_MspInit
                0x080021ec       0xe8 build/debug/usart.o
                0x080021ec                HAL_UART_MspInit
 .text.Reset_Handler
                0x080022d4       0x50 build/debug/startup_stm32g431xx.o
                0x080022d4                Reset_Handler
 .text.Default_Handler
                0x08002324        0x2 build/debug/startup_stm32g431xx.o
                0x08002324                RTC_Alarm_IRQHandler
                0x08002324                EXTI2_IRQHandler
                0x08002324                TIM8_TRG_COM_IRQHandler
                0x08002324                TIM8_CC_IRQHandler
                0x08002324                TIM1_CC_IRQHandler
                0x08002324                USB_HP_IRQHandler
                0x08002324                CORDIC_IRQHandler
                0x08002324                EXTI3_IRQHandler
                0x08002324                I2C3_ER_IRQHandler
                0x08002324                EXTI0_IRQHandler
                0x08002324                I2C2_EV_IRQHandler
                0x08002324                FPU_IRQHandler
                0x08002324                FDCAN1_IT1_IRQHandler
                0x08002324                TIM1_UP_TIM16_IRQHandler
                0x08002324                ADC1_2_IRQHandler
                0x08002324                SPI1_IRQHandler
                0x08002324                TIM6_DAC_IRQHandler
                0x08002324                TIM8_UP_IRQHandler
                0x08002324                DMA2_Channel2_IRQHandler
                0x08002324                DMA1_Channel4_IRQHandler
                0x08002324                USART3_IRQHandler
                0x08002324                TIM4_IRQHandler
                0x08002324                DMA2_Channel1_IRQHandler
                0x08002324                I2C1_EV_IRQHandler
                0x08002324                DMA1_Channel6_IRQHandler
                0x08002324                UART4_IRQHandler
                0x08002324                DMA2_Channel4_IRQHandler
                0x08002324                TIM3_IRQHandler
                0x08002324                RCC_IRQHandler
                0x08002324                DMA1_Channel1_IRQHandler
                0x08002324                Default_Handler
                0x08002324                RTC_TAMP_LSECSS_IRQHandler
                0x08002324                FMAC_IRQHandler
                0x08002324                EXTI15_10_IRQHandler
                0x08002324                TIM7_IRQHandler
                0x08002324                UCPD1_IRQHandler
                0x08002324                I2C3_EV_IRQHandler
                0x08002324                EXTI9_5_IRQHandler
                0x08002324                RTC_WKUP_IRQHandler
                0x08002324                PVD_PVM_IRQHandler
                0x08002324                SPI2_IRQHandler
                0x08002324                DMA2_Channel5_IRQHandler
                0x08002324                CRS_IRQHandler
                0x08002324                DMA1_Channel5_IRQHandler
                0x08002324                USB_LP_IRQHandler
                0x08002324                EXTI4_IRQHandler
                0x08002324                RNG_IRQHandler
                0x08002324                TIM1_TRG_COM_TIM17_IRQHandler
                0x08002324                DMA1_Channel3_IRQHandler
                0x08002324                WWDG_IRQHandler
                0x08002324                LPUART1_IRQHandler
                0x08002324                DMA2_Channel6_IRQHandler
                0x08002324                FDCAN1_IT0_IRQHandler
                0x08002324                TIM2_IRQHandler
                0x08002324                COMP1_2_3_IRQHandler
                0x08002324                EXTI1_IRQHandler
                0x08002324                USART2_IRQHandler
                0x08002324                I2C2_ER_IRQHandler
                0x08002324                DMA1_Channel2_IRQHandler
                0x08002324                TIM8_BRK_IRQHandler
                0x08002324                FLASH_IRQHandler
                0x08002324                USART1_IRQHandler
                0x08002324                SPI3_IRQHandler
                0x08002324                I2C1_ER_IRQHandler
                0x08002324                LPTIM1_IRQHandler
                0x08002324                DMAMUX_OVR_IRQHandler
                0x08002324                USBWakeUp_IRQHandler
                0x08002324                SAI1_IRQHandler
                0x08002324                DMA2_Channel3_IRQHandler
                0x08002324                COMP4_IRQHandler
                0x08002324                TIM1_BRK_TIM15_IRQHandler
 *(.glue_7)
 .glue_7        0x08002326        0x0 linker stubs
 *(.glue_7t)
 .glue_7t       0x08002326        0x0 linker stubs
 *(.eh_frame)
 *fill*         0x08002326        0x2 
 .eh_frame      0x08002328        0x0 /usr/lib/gcc/arm-none-eabi/13.2.1/thumb/v7e-m+fp/hard/crtbegin.o
 *(.init)
 .init          0x08002328        0x4 /usr/lib/gcc/arm-none-eabi/13.2.1/thumb/v7e-m+fp/hard/crti.o
                0x08002328                _init
 .init          0x0800232c        0x8 /usr/lib/gcc/arm-none-eabi/13.2.1/thumb/v7e-m+fp/hard/crtn.o
 *(.fini)
 .fini          0x08002334        0x4 /usr/lib/gcc/arm-none-eabi/13.2.1/thumb/v7e-m+fp/hard/crti.o
                0x08002334                _fini
 .fini          0x08002338        0x8 /usr/lib/gcc/arm-none-eabi/13.2.1/thumb/v7e-m+fp/hard/crtn.o
                0x08002340                        . = ALIGN (0x4)
                0x08002340                        _etext = .

.vfp11_veneer   0x08002340        0x0
 .vfp11_veneer  0x08002340        0x0 linker stubs

.v4_bx          0x08002340        0x0
 .v4_bx         0x08002340        0x0 linker stubs

.iplt           0x08002340        0x0
 .iplt          0x08002340        0x0 /usr/lib/gcc/arm-none-eabi/13.2.1/thumb/v7e-m+fp/hard/crtbegin.o

.rodata         0x08002340       0x40
                0x08002340                        . = ALIGN (0x4)
 *(.rodata)
 *(.rodata*)
 .rodata.UARTPrescTable
                0x08002340       0x18 build/debug/stm32g4xx_hal_uart.o
                0x08002340                UARTPrescTable
 .rodata.denominator.0
                0x08002358        0x8 build/debug/stm32g4xx_hal_uart_ex.o
 .rodata.numerator.1
                0x08002360        0x8 build/debug/stm32g4xx_hal_uart_ex.o
 .rodata.APBPrescTable
                0x08002368        0x8 build/debug/system_stm32g4xx.o
                0x08002368                APBPrescTable
 .rodata.AHBPrescTable
                0x08002370       0x10 build/debug/system_stm32g4xx.o
                0x08002370                AHBPrescTable
                0x08002380                        . = ALIGN (0x4)

.ARM.extab      0x08002380        0x0
                0x08002380                        . = ALIGN (0x4)
 *(.ARM.extab* .gnu.linkonce.armextab.*)
                0x08002380                        . = ALIGN (0x4)

.ARM            0x08002380        0x8
                0x08002380                        . = ALIGN (0x4)
                0x08002380                        __exidx_start = .
 *(.ARM.exidx*)
 .ARM.exidx     0x08002380        0x8 /usr/lib/gcc/arm-none-eabi/13.2.1/thumb/v7e-m+fp/hard/libgcc.a(_udivmoddi4.o)
                0x08002388                        __exidx_end = .
                0x08002388                        . = ALIGN (0x4)

.preinit_array  0x08002388        0x0
                0x08002388                        . = ALIGN (0x4)
                0x08002388                        PROVIDE (__preinit_array_start = .)
 *(.preinit_array*)
                0x08002388                        PROVIDE (__preinit_array_end = .)
                0x08002388                        . = ALIGN (0x4)

.init_array     0x08002388        0x4
                0x08002388                        . = ALIGN (0x4)
                0x08002388                        PROVIDE (__init_array_start = .)
 *(SORT_BY_NAME(.init_array.*))
 *(.init_array*)
 .init_array    0x08002388        0x4 /usr/lib/gcc/arm-none-eabi/13.2.1/thumb/v7e-m+fp/hard/crtbegin.o
                0x0800238c                        PROVIDE (__init_array_end = .)
                0x0800238c                        . = ALIGN (0x4)

.fini_array     0x0800238c        0x4
                0x0800238c                        . = ALIGN (0x4)
                0x0800238c                        PROVIDE (__fini_array_start = .)
 *(SORT_BY_NAME(.fini_array.*))
 *(.fini_array*)
 .fini_array    0x0800238c        0x4 /usr/lib/gcc/arm-none-eabi/13.2.1/thumb/v7e-m+fp/hard/crtbegin.o
                0x08002390                        PROVIDE (__fini_array_end = .)
                0x08002390                        . = ALIGN (0x4)
                0x08002390                        _sidata = LOADADDR (.data)

.rel.dyn        0x08002390        0x0
 .rel.iplt      0x08002390        0x0 /usr/lib/gcc/arm-none-eabi/13.2.1/thumb/v7e-m+fp/hard/crtbegin.o

.data           0x20000000        0xc load address 0x08002390
                0x20000000                        . = ALIGN (0x4)
                0x20000000                        _sdata = .
 *(.data)
 *(.data*)
 .data.uwTickFreq
                0x20000000        0x4 build/debug/stm32g4xx_hal.o
                0x20000000                uwTickFreq
 .data.uwTickPrio
                0x20000004        0x4 build/debug/stm32g4xx_hal.o
                0x20000004                uwTickPrio
 .data.SystemCoreClock
                0x20000008        0x4 build/debug/system_stm32g4xx.o
                0x20000008                SystemCoreClock
 *(.RamFunc)
 *(.RamFunc*)
                0x2000000c                        . = ALIGN (0x4)
                0x2000000c                        _edata = .

.tm_clone_table
                0x2000000c        0x0 load address 0x0800239c
 .tm_clone_table
                0x2000000c        0x0 /usr/lib/gcc/arm-none-eabi/13.2.1/thumb/v7e-m+fp/hard/crtbegin.o
 .tm_clone_table
                0x2000000c        0x0 /usr/lib/gcc/arm-none-eabi/13.2.1/thumb/v7e-m+fp/hard/crtend.o

.igot.plt       0x2000000c        0x0 load address 0x0800239c
 .igot.plt      0x2000000c        0x0 /usr/lib/gcc/arm-none-eabi/13.2.1/thumb/v7e-m+fp/hard/crtbegin.o
                0x2000000c                        . = ALIGN (0x4)

.bss            0x2000000c      0x1ac load address 0x0800239c
                0x2000000c                        _sbss = .
                0x2000000c                        __bss_start__ = _sbss
 *(.bss)
 .bss           0x2000000c       0x1c /usr/lib/gcc/arm-none-eabi/13.2.1/thumb/v7e-m+fp/hard/crtbegin.o
 *(.bss*)
 .bss.hfdcan1   0x20000028       0x64 build/debug/fdcan.o
                0x20000028                hfdcan1
 .bss.uwTick    0x2000008c        0x4 build/debug/stm32g4xx_hal.o
                0x2000008c                uwTick
 .bss.huart2    0x20000090       0x94 build/debug/usart.o
                0x20000090                huart2
 .bss.huart1    0x20000124       0x94 build/debug/usart.o
                0x20000124                huart1
 *(COMMON)
                0x200001b8                        . = ALIGN (0x4)
                0x200001b8                        _ebss = .
                0x200001b8                        __bss_end__ = _ebss

._user_heap_stack
                0x200001b8      0x600 load address 0x0800239c
                0x200001b8                        . = ALIGN (0x8)
                [!provide]                        PROVIDE (end = .)
                0x200001b8                        PROVIDE (_end = .)
                0x200003b8                        . = (. + _Min_Heap_Size)
 *fill*         0x200001b8      0x200 
                0x200007b8                        . = (. + _Min_Stack_Size)
 *fill*         0x200003b8      0x400 
                0x200007b8                        . = ALIGN (0x8)

/DISCARD/
 libc.a(*)
 libm.a(*)
 libgcc.a(*)
OUTPUT(build/debug/BLDC_FOC.elf elf32-littlearm)
LOAD linker stubs
LOAD /usr/lib/gcc/arm-none-eabi/13.2.1/../../../arm-none-eabi/lib/thumb/v7e-m+fp/hard/libc.a
LOAD /usr/lib/gcc/arm-none-eabi/13.2.1/../../../arm-none-eabi/lib/thumb/v7e-m+fp/hard/libm.a
LOAD /usr/lib/gcc/arm-none-eabi/13.2.1/thumb/v7e-m+fp/hard/libgcc.a

.ARM.attributes
                0x00000000       0x30
 .ARM.attributes
                0x00000000       0x22 /usr/lib/gcc/arm-none-eabi/13.2.1/thumb/v7e-m+fp/hard/crti.o
 .ARM.attributes
                0x00000022       0x34 /usr/lib/gcc/arm-none-eabi/13.2.1/thumb/v7e-m+fp/hard/crtbegin.o
 .ARM.attributes
                0x00000056       0x34 build/debug/fdcan.o
 .ARM.attributes
                0x0000008a       0x34 build/debug/gpio.o
 .ARM.attributes
                0x000000be       0x34 build/debug/main.o
 .ARM.attributes
                0x000000f2       0x34 build/debug/stm32g4xx_hal.o
 .ARM.attributes
                0x00000126       0x34 build/debug/stm32g4xx_hal_cortex.o
 .ARM.attributes
                0x0000015a       0x34 build/debug/stm32g4xx_hal_fdcan.o
 .ARM.attributes
                0x0000018e       0x34 build/debug/stm32g4xx_hal_gpio.o
 .ARM.attributes
                0x000001c2       0x34 build/debug/stm32g4xx_hal_msp.o
 .ARM.attributes
                0x000001f6       0x34 build/debug/stm32g4xx_hal_pwr_ex.o
 .ARM.attributes
                0x0000022a       0x34 build/debug/stm32g4xx_hal_rcc.o
 .ARM.attributes
                0x0000025e       0x34 build/debug/stm32g4xx_hal_rcc_ex.o
 .ARM.attributes
                0x00000292       0x34 build/debug/stm32g4xx_hal_uart.o
 .ARM.attributes
                0x000002c6       0x34 build/debug/stm32g4xx_hal_uart_ex.o
 .ARM.attributes
                0x000002fa       0x34 build/debug/stm32g4xx_it.o
 .ARM.attributes
                0x0000032e       0x34 build/debug/system_stm32g4xx.o
 .ARM.attributes
                0x00000362       0x34 build/debug/usart.o
 .ARM.attributes
                0x00000396       0x21 build/debug/startup_stm32g431xx.o
 .ARM.attributes
                0x000003b7       0x34 /usr/lib/gcc/arm-none-eabi/13.2.1/../../../arm-none-eabi/lib/thumb/v7e-m+fp/hard/libc_nano.a(libc_a-init.o)
 .ARM.attributes
                0x000003eb       0x34 /usr/lib/gcc/arm-none-eabi/13.2.1/../../../arm-none-eabi/lib/thumb/v7e-m+fp/hard/libc_nano.a(libc_a-memset.o)
 .ARM.attributes
                0x0000041f       0x22 /usr/lib/gcc/arm-none-eabi/13.2.1/thumb/v7e-m+fp/hard/libgcc.a(_aeabi_uldivmod.o)
 .ARM.attributes
                0x00000441       0x34 /usr/lib/gcc/arm-none-eabi/13.2.1/thumb/v7e-m+fp/hard/libgcc.a(_udivmoddi4.o)
 .ARM.attributes
                0x00000475       0x22 /usr/lib/gcc/arm-none-eabi/13.2.1/thumb/v7e-m+fp/hard/libgcc.a(_dvmd_tls.o)
 .ARM.attributes
                0x00000497       0x34 /usr/lib/gcc/arm-none-eabi/13.2.1/thumb/v7e-m+fp/hard/crtend.o
 .ARM.attributes
                0x000004cb       0x22 /usr/lib/gcc/arm-none-eabi/13.2.1/thumb/v7e-m+fp/hard/crtn.o

.comment        0x00000000       0x26
 .comment       0x00000000       0x26 /usr/lib/gcc/arm-none-eabi/13.2.1/thumb/v7e-m+fp/hard/crtbegin.o
                                 0x27 (size before relaxing)
 .comment       0x00000026       0x27 build/debug/fdcan.o
 .comment       0x00000026       0x27 build/debug/gpio.o
 .comment       0x00000026       0x27 build/debug/main.o
 .comment       0x00000026       0x27 build/debug/stm32g4xx_hal.o
 .comment       0x00000026       0x27 build/debug/stm32g4xx_hal_cortex.o
 .comment       0x00000026       0x27 build/debug/stm32g4xx_hal_fdcan.o
 .comment       0x00000026       0x27 build/debug/stm32g4xx_hal_gpio.o
 .comment       0x00000026       0x27 build/debug/stm32g4xx_hal_msp.o
 .comment       0x00000026       0x27 build/debug/stm32g4xx_hal_pwr_ex.o
 .comment       0x00000026       0x27 build/debug/stm32g4xx_hal_rcc.o
 .comment       0x00000026       0x27 build/debug/stm32g4xx_hal_rcc_ex.o
 .comment       0x00000026       0x27 build/debug/stm32g4xx_hal_uart.o
 .comment       0x00000026       0x27 build/debug/stm32g4xx_hal_uart_ex.o
 .comment       0x00000026       0x27 build/debug/stm32g4xx_it.o
 .comment       0x00000026       0x27 build/debug/system_stm32g4xx.o
 .comment       0x00000026       0x27 build/debug/usart.o
 .comment       0x00000026       0x27 /usr/lib/gcc/arm-none-eabi/13.2.1/../../../arm-none-eabi/lib/thumb/v7e-m+fp/hard/libc_nano.a(libc_a-init.o)
 .comment       0x00000026       0x27 /usr/lib/gcc/arm-none-eabi/13.2.1/../../../arm-none-eabi/lib/thumb/v7e-m+fp/hard/libc_nano.a(libc_a-memset.o)
 .comment       0x00000026       0x27 /usr/lib/gcc/arm-none-eabi/13.2.1/thumb/v7e-m+fp/hard/libgcc.a(_udivmoddi4.o)
 .comment       0x00000026       0x27 /usr/lib/gcc/arm-none-eabi/13.2.1/thumb/v7e-m+fp/hard/crtend.o

.debug_info     0x00000000    0x10c7c
 .debug_info    0x00000000      0xb9f build/debug/fdcan.o
 .debug_info    0x00000b9f      0x2c1 build/debug/gpio.o
 .debug_info    0x00000e60      0x378 build/debug/main.o
 .debug_info    0x000011d8      0xb88 build/debug/stm32g4xx_hal.o
 .debug_info    0x00001d60      0xf84 build/debug/stm32g4xx_hal_cortex.o
 .debug_info    0x00002ce4     0x1bf5 build/debug/stm32g4xx_hal_fdcan.o
 .debug_info    0x000048d9      0x77d build/debug/stm32g4xx_hal_gpio.o
 .debug_info    0x00005056      0x2d7 build/debug/stm32g4xx_hal_msp.o
 .debug_info    0x0000532d      0x9a5 build/debug/stm32g4xx_hal_pwr_ex.o
 .debug_info    0x00005cd2      0xdc9 build/debug/stm32g4xx_hal_rcc.o
 .debug_info    0x00006a9b      0xddc build/debug/stm32g4xx_hal_rcc_ex.o
 .debug_info    0x00007877     0x61da build/debug/stm32g4xx_hal_uart.o
 .debug_info    0x0000da51     0x1225 build/debug/stm32g4xx_hal_uart_ex.o
 .debug_info    0x0000ec76      0x11d build/debug/stm32g4xx_it.o
 .debug_info    0x0000ed93      0x589 build/debug/system_stm32g4xx.o
 .debug_info    0x0000f31c      0xf9b build/debug/usart.o
 .debug_info    0x000102b7       0x30 build/debug/startup_stm32g431xx.o
 .debug_info    0x000102e7      0x10b /usr/lib/gcc/arm-none-eabi/13.2.1/../../../arm-none-eabi/lib/thumb/v7e-m+fp/hard/libc_nano.a(libc_a-init.o)
 .debug_info    0x000103f2      0x135 /usr/lib/gcc/arm-none-eabi/13.2.1/../../../arm-none-eabi/lib/thumb/v7e-m+fp/hard/libc_nano.a(libc_a-memset.o)
 .debug_info    0x00010527       0x24 /usr/lib/gcc/arm-none-eabi/13.2.1/thumb/v7e-m+fp/hard/libgcc.a(_aeabi_uldivmod.o)
 .debug_info    0x0001054b      0x6f5 /usr/lib/gcc/arm-none-eabi/13.2.1/thumb/v7e-m+fp/hard/libgcc.a(_udivmoddi4.o)
 .debug_info    0x00010c40       0x3c /usr/lib/gcc/arm-none-eabi/13.2.1/thumb/v7e-m+fp/hard/libgcc.a(_dvmd_tls.o)

.debug_abbrev   0x00000000     0x23e8
 .debug_abbrev  0x00000000      0x1e2 build/debug/fdcan.o
 .debug_abbrev  0x000001e2       0xc4 build/debug/gpio.o
 .debug_abbrev  0x000002a6      0x17e build/debug/main.o
 .debug_abbrev  0x00000424      0x27d build/debug/stm32g4xx_hal.o
 .debug_abbrev  0x000006a1      0x390 build/debug/stm32g4xx_hal_cortex.o
 .debug_abbrev  0x00000a31      0x1f9 build/debug/stm32g4xx_hal_fdcan.o
 .debug_abbrev  0x00000c2a      0x1f9 build/debug/stm32g4xx_hal_gpio.o
 .debug_abbrev  0x00000e23       0xd7 build/debug/stm32g4xx_hal_msp.o
 .debug_abbrev  0x00000efa      0x249 build/debug/stm32g4xx_hal_pwr_ex.o
 .debug_abbrev  0x00001143      0x2ab build/debug/stm32g4xx_hal_rcc.o
 .debug_abbrev  0x000013ee      0x27f build/debug/stm32g4xx_hal_rcc_ex.o
 .debug_abbrev  0x0000166d      0x32e build/debug/stm32g4xx_hal_uart.o
 .debug_abbrev  0x0000199b      0x343 build/debug/stm32g4xx_hal_uart_ex.o
 .debug_abbrev  0x00001cde       0x7c build/debug/stm32g4xx_it.o
 .debug_abbrev  0x00001d5a      0x11f build/debug/system_stm32g4xx.o
 .debug_abbrev  0x00001e79      0x227 build/debug/usart.o
 .debug_abbrev  0x000020a0       0x24 build/debug/startup_stm32g431xx.o
 .debug_abbrev  0x000020c4       0xc9 /usr/lib/gcc/arm-none-eabi/13.2.1/../../../arm-none-eabi/lib/thumb/v7e-m+fp/hard/libc_nano.a(libc_a-init.o)
 .debug_abbrev  0x0000218d       0xb7 /usr/lib/gcc/arm-none-eabi/13.2.1/../../../arm-none-eabi/lib/thumb/v7e-m+fp/hard/libc_nano.a(libc_a-memset.o)
 .debug_abbrev  0x00002244       0x14 /usr/lib/gcc/arm-none-eabi/13.2.1/thumb/v7e-m+fp/hard/libgcc.a(_aeabi_uldivmod.o)
 .debug_abbrev  0x00002258      0x16a /usr/lib/gcc/arm-none-eabi/13.2.1/thumb/v7e-m+fp/hard/libgcc.a(_udivmoddi4.o)
 .debug_abbrev  0x000023c2       0x26 /usr/lib/gcc/arm-none-eabi/13.2.1/thumb/v7e-m+fp/hard/libgcc.a(_dvmd_tls.o)

.debug_loclists
                0x00000000     0x7f9d
 .debug_loclists
                0x00000000       0x55 build/debug/fdcan.o
 .debug_loclists
                0x00000055      0x14d build/debug/stm32g4xx_hal.o
 .debug_loclists
                0x000001a2      0x545 build/debug/stm32g4xx_hal_cortex.o
 .debug_loclists
                0x000006e7      0xfa1 build/debug/stm32g4xx_hal_fdcan.o
 .debug_loclists
                0x00001688      0x291 build/debug/stm32g4xx_hal_gpio.o
 .debug_loclists
                0x00001919      0x703 build/debug/stm32g4xx_hal_pwr_ex.o
 .debug_loclists
                0x0000201c      0x5aa build/debug/stm32g4xx_hal_rcc.o
 .debug_loclists
                0x000025c6      0xd93 build/debug/stm32g4xx_hal_rcc_ex.o
 .debug_loclists
                0x00003359     0x3733 build/debug/stm32g4xx_hal_uart.o
 .debug_loclists
                0x00006a8c      0x835 build/debug/stm32g4xx_hal_uart_ex.o
 .debug_loclists
                0x000072c1       0x65 build/debug/system_stm32g4xx.o
 .debug_loclists
                0x00007326       0x6c build/debug/usart.o
 .debug_loclists
                0x00007392       0x65 /usr/lib/gcc/arm-none-eabi/13.2.1/../../../arm-none-eabi/lib/thumb/v7e-m+fp/hard/libc_nano.a(libc_a-init.o)
 .debug_loclists
                0x000073f7      0x1c2 /usr/lib/gcc/arm-none-eabi/13.2.1/../../../arm-none-eabi/lib/thumb/v7e-m+fp/hard/libc_nano.a(libc_a-memset.o)
 .debug_loclists
                0x000075b9      0x9e4 /usr/lib/gcc/arm-none-eabi/13.2.1/thumb/v7e-m+fp/hard/libgcc.a(_udivmoddi4.o)

.debug_aranges  0x00000000      0xc38
 .debug_aranges
                0x00000000       0x30 build/debug/fdcan.o
 .debug_aranges
                0x00000030       0x20 build/debug/gpio.o
 .debug_aranges
                0x00000050       0x30 build/debug/main.o
 .debug_aranges
                0x00000080      0x148 build/debug/stm32g4xx_hal.o
 .debug_aranges
                0x000001c8       0xf0 build/debug/stm32g4xx_hal_cortex.o
 .debug_aranges
                0x000002b8      0x208 build/debug/stm32g4xx_hal_fdcan.o
 .debug_aranges
                0x000004c0       0x58 build/debug/stm32g4xx_hal_gpio.o
 .debug_aranges
                0x00000518       0x20 build/debug/stm32g4xx_hal_msp.o
 .debug_aranges
                0x00000538      0x140 build/debug/stm32g4xx_hal_pwr_ex.o
 .debug_aranges
                0x00000678       0x98 build/debug/stm32g4xx_hal_rcc.o
 .debug_aranges
                0x00000710       0xb0 build/debug/stm32g4xx_hal_rcc_ex.o
 .debug_aranges
                0x000007c0      0x248 build/debug/stm32g4xx_hal_uart.o
 .debug_aranges
                0x00000a08       0xa8 build/debug/stm32g4xx_hal_uart_ex.o
 .debug_aranges
                0x00000ab0       0x60 build/debug/stm32g4xx_it.o
 .debug_aranges
                0x00000b10       0x28 build/debug/system_stm32g4xx.o
 .debug_aranges
                0x00000b38       0x38 build/debug/usart.o
 .debug_aranges
                0x00000b70       0x28 build/debug/startup_stm32g431xx.o
 .debug_aranges
                0x00000b98       0x20 /usr/lib/gcc/arm-none-eabi/13.2.1/../../../arm-none-eabi/lib/thumb/v7e-m+fp/hard/libc_nano.a(libc_a-init.o)
 .debug_aranges
                0x00000bb8       0x20 /usr/lib/gcc/arm-none-eabi/13.2.1/../../../arm-none-eabi/lib/thumb/v7e-m+fp/hard/libc_nano.a(libc_a-memset.o)
 .debug_aranges
                0x00000bd8       0x20 /usr/lib/gcc/arm-none-eabi/13.2.1/thumb/v7e-m+fp/hard/libgcc.a(_aeabi_uldivmod.o)
 .debug_aranges
                0x00000bf8       0x20 /usr/lib/gcc/arm-none-eabi/13.2.1/thumb/v7e-m+fp/hard/libgcc.a(_udivmoddi4.o)
 .debug_aranges
                0x00000c18       0x20 /usr/lib/gcc/arm-none-eabi/13.2.1/thumb/v7e-m+fp/hard/libgcc.a(_dvmd_tls.o)

.debug_rnglists
                0x00000000      0x944
 .debug_rnglists
                0x00000000       0x20 build/debug/fdcan.o
 .debug_rnglists
                0x00000020       0x13 build/debug/gpio.o
 .debug_rnglists
                0x00000033       0x1f build/debug/main.o
 .debug_rnglists
                0x00000052       0xf1 build/debug/stm32g4xx_hal.o
 .debug_rnglists
                0x00000143       0xaf build/debug/stm32g4xx_hal_cortex.o
 .debug_rnglists
                0x000001f2      0x189 build/debug/stm32g4xx_hal_fdcan.o
 .debug_rnglists
                0x0000037b       0x3f build/debug/stm32g4xx_hal_gpio.o
 .debug_rnglists
                0x000003ba       0x13 build/debug/stm32g4xx_hal_msp.o
 .debug_rnglists
                0x000003cd       0xf1 build/debug/stm32g4xx_hal_pwr_ex.o
 .debug_rnglists
                0x000004be       0x81 build/debug/stm32g4xx_hal_rcc.o
 .debug_rnglists
                0x0000053f       0x92 build/debug/stm32g4xx_hal_rcc_ex.o
 .debug_rnglists
                0x000005d1      0x1cb build/debug/stm32g4xx_hal_uart.o
 .debug_rnglists
                0x0000079c       0x88 build/debug/stm32g4xx_hal_uart_ex.o
 .debug_rnglists
                0x00000824       0x43 build/debug/stm32g4xx_it.o
 .debug_rnglists
                0x00000867       0x1a build/debug/system_stm32g4xx.o
 .debug_rnglists
                0x00000881       0x26 build/debug/usart.o
 .debug_rnglists
                0x000008a7       0x19 build/debug/startup_stm32g431xx.o
 .debug_rnglists
                0x000008c0       0x84 /usr/lib/gcc/arm-none-eabi/13.2.1/thumb/v7e-m+fp/hard/libgcc.a(_udivmoddi4.o)

.debug_line     0x00000000     0xc442
 .debug_line    0x00000000      0x2e6 build/debug/fdcan.o
 .debug_line    0x000002e6       0xc4 build/debug/gpio.o
 .debug_line    0x000003aa      0x243 build/debug/main.o
 .debug_line    0x000005ed      0x64c build/debug/stm32g4xx_hal.o
 .debug_line    0x00000c39      0x77a build/debug/stm32g4xx_hal_cortex.o
 .debug_line    0x000013b3     0x197f build/debug/stm32g4xx_hal_fdcan.o
 .debug_line    0x00002d32      0x627 build/debug/stm32g4xx_hal_gpio.o
 .debug_line    0x00003359      0x10d build/debug/stm32g4xx_hal_msp.o
 .debug_line    0x00003466      0x9af build/debug/stm32g4xx_hal_pwr_ex.o
 .debug_line    0x00003e15      0xe0c build/debug/stm32g4xx_hal_rcc.o
 .debug_line    0x00004c21      0xf99 build/debug/stm32g4xx_hal_rcc_ex.o
 .debug_line    0x00005bba     0x4df3 build/debug/stm32g4xx_hal_uart.o
 .debug_line    0x0000a9ad      0xa25 build/debug/stm32g4xx_hal_uart_ex.o
 .debug_line    0x0000b3d2      0x13d build/debug/stm32g4xx_it.o
 .debug_line    0x0000b50f      0x1bb build/debug/system_stm32g4xx.o
 .debug_line    0x0000b6ca      0x421 build/debug/usart.o
 .debug_line    0x0000baeb       0x77 build/debug/startup_stm32g431xx.o
 .debug_line    0x0000bb62      0x11e /usr/lib/gcc/arm-none-eabi/13.2.1/../../../arm-none-eabi/lib/thumb/v7e-m+fp/hard/libc_nano.a(libc_a-init.o)
 .debug_line    0x0000bc80      0x1b6 /usr/lib/gcc/arm-none-eabi/13.2.1/../../../arm-none-eabi/lib/thumb/v7e-m+fp/hard/libc_nano.a(libc_a-memset.o)
 .debug_line    0x0000be36       0x4e /usr/lib/gcc/arm-none-eabi/13.2.1/thumb/v7e-m+fp/hard/libgcc.a(_aeabi_uldivmod.o)
 .debug_line    0x0000be84      0x574 /usr/lib/gcc/arm-none-eabi/13.2.1/thumb/v7e-m+fp/hard/libgcc.a(_udivmoddi4.o)
 .debug_line    0x0000c3f8       0x4a /usr/lib/gcc/arm-none-eabi/13.2.1/thumb/v7e-m+fp/hard/libgcc.a(_dvmd_tls.o)

.debug_str      0x00000000     0x4a56
 .debug_str     0x00000000     0x4a56 build/debug/fdcan.o
                                0x8f8 (size before relaxing)
 .debug_str     0x00004a56      0x2f0 build/debug/gpio.o
 .debug_str     0x00004a56      0x3bf build/debug/main.o
 .debug_str     0x00004a56      0xc5b build/debug/stm32g4xx_hal.o
 .debug_str     0x00004a56      0xb9d build/debug/stm32g4xx_hal_cortex.o
 .debug_str     0x00004a56     0x1207 build/debug/stm32g4xx_hal_fdcan.o
 .debug_str     0x00004a56      0x524 build/debug/stm32g4xx_hal_gpio.o
 .debug_str     0x00004a56      0x31d build/debug/stm32g4xx_hal_msp.o
 .debug_str     0x00004a56      0x7c7 build/debug/stm32g4xx_hal_pwr_ex.o
 .debug_str     0x00004a56      0x814 build/debug/stm32g4xx_hal_rcc.o
 .debug_str     0x00004a56      0x9fa build/debug/stm32g4xx_hal_rcc_ex.o
 .debug_str     0x00004a56     0x11f9 build/debug/stm32g4xx_hal_uart.o
 .debug_str     0x00004a56      0xb38 build/debug/stm32g4xx_hal_uart_ex.o
 .debug_str     0x00004a56      0x225 build/debug/stm32g4xx_it.o
 .debug_str     0x00004a56      0x3ac build/debug/system_stm32g4xx.o
 .debug_str     0x00004a56      0xb78 build/debug/usart.o
 .debug_str     0x00004a56       0x72 build/debug/startup_stm32g431xx.o
 .debug_str     0x00004a56      0x1fa /usr/lib/gcc/arm-none-eabi/13.2.1/../../../arm-none-eabi/lib/thumb/v7e-m+fp/hard/libc_nano.a(libc_a-init.o)
 .debug_str     0x00004a56      0x1ad /usr/lib/gcc/arm-none-eabi/13.2.1/../../../arm-none-eabi/lib/thumb/v7e-m+fp/hard/libc_nano.a(libc_a-memset.o)
 .debug_str     0x00004a56       0xa3 /usr/lib/gcc/arm-none-eabi/13.2.1/thumb/v7e-m+fp/hard/libgcc.a(_aeabi_uldivmod.o)
 .debug_str     0x00004a56      0x685 /usr/lib/gcc/arm-none-eabi/13.2.1/thumb/v7e-m+fp/hard/libgcc.a(_udivmoddi4.o)
 .debug_str     0x00004a56       0xc3 /usr/lib/gcc/arm-none-eabi/13.2.1/thumb/v7e-m+fp/hard/libgcc.a(_dvmd_tls.o)

.debug_frame    0x00000000     0x1b3c
 .debug_frame   0x00000000       0x60 build/debug/fdcan.o
 .debug_frame   0x00000060       0x28 build/debug/gpio.o
 .debug_frame   0x00000088       0x58 build/debug/main.o
 .debug_frame   0x000000e0      0x2a4 build/debug/stm32g4xx_hal.o
 .debug_frame   0x00000384      0x204 build/debug/stm32g4xx_hal_cortex.o
 .debug_frame   0x00000588      0x4bc build/debug/stm32g4xx_hal_fdcan.o
 .debug_frame   0x00000a44       0xd0 build/debug/stm32g4xx_hal_gpio.o
 .debug_frame   0x00000b14       0x2c build/debug/stm32g4xx_hal_msp.o
 .debug_frame   0x00000b40      0x268 build/debug/stm32g4xx_hal_pwr_ex.o
 .debug_frame   0x00000da8      0x198 build/debug/stm32g4xx_hal_rcc.o
 .debug_frame   0x00000f40      0x1a0 build/debug/stm32g4xx_hal_rcc_ex.o
 .debug_frame   0x000010e0      0x67c build/debug/stm32g4xx_hal_uart.o
 .debug_frame   0x0000175c      0x1d8 build/debug/stm32g4xx_hal_uart_ex.o
 .debug_frame   0x00001934       0xa8 build/debug/stm32g4xx_it.o
 .debug_frame   0x000019dc       0x30 build/debug/system_stm32g4xx.o
 .debug_frame   0x00001a0c       0x78 build/debug/usart.o
 .debug_frame   0x00001a84       0x2c /usr/lib/gcc/arm-none-eabi/13.2.1/../../../arm-none-eabi/lib/thumb/v7e-m+fp/hard/libc_nano.a(libc_a-init.o)
 .debug_frame   0x00001ab0       0x2c /usr/lib/gcc/arm-none-eabi/13.2.1/../../../arm-none-eabi/lib/thumb/v7e-m+fp/hard/libc_nano.a(libc_a-memset.o)
 .debug_frame   0x00001adc       0x2c /usr/lib/gcc/arm-none-eabi/13.2.1/thumb/v7e-m+fp/hard/libgcc.a(_aeabi_uldivmod.o)
 .debug_frame   0x00001b08       0x34 /usr/lib/gcc/arm-none-eabi/13.2.1/thumb/v7e-m+fp/hard/libgcc.a(_udivmoddi4.o)

.debug_line_str
                0x00000000       0xfb
 .debug_line_str
                0x00000000       0xfb build/debug/startup_stm32g431xx.o
                                 0x58 (size before relaxing)
 .debug_line_str
                0x000000fb       0x97 /usr/lib/gcc/arm-none-eabi/13.2.1/thumb/v7e-m+fp/hard/libgcc.a(_aeabi_uldivmod.o)
 .debug_line_str
                0x000000fb       0x9b /usr/lib/gcc/arm-none-eabi/13.2.1/thumb/v7e-m+fp/hard/libgcc.a(_dvmd_tls.o)

Cross Reference Table

Symbol                                            File
ADC1_2_IRQHandler                                 build/debug/startup_stm32g431xx.o
AHBPrescTable                                     build/debug/system_stm32g4xx.o
                                                  build/debug/stm32g4xx_hal_rcc.o
APBPrescTable                                     build/debug/system_stm32g4xx.o
                                                  build/debug/stm32g4xx_hal_rcc.o
BusFault_Handler                                  build/debug/stm32g4xx_it.o
COMP1_2_3_IRQHandler                              build/debug/startup_stm32g431xx.o
COMP4_IRQHandler                                  build/debug/startup_stm32g431xx.o
CORDIC_IRQHandler                                 build/debug/startup_stm32g431xx.o
CRS_IRQHandler                                    build/debug/startup_stm32g431xx.o
DMA1_Channel1_IRQHandler                          build/debug/startup_stm32g431xx.o
DMA1_Channel2_IRQHandler                          build/debug/startup_stm32g431xx.o
DMA1_Channel3_IRQHandler                          build/debug/startup_stm32g431xx.o
DMA1_Channel4_IRQHandler                          build/debug/startup_stm32g431xx.o
DMA1_Channel5_IRQHandler                          build/debug/startup_stm32g431xx.o
DMA1_Channel6_IRQHandler                          build/debug/startup_stm32g431xx.o
DMA2_Channel1_IRQHandler                          build/debug/startup_stm32g431xx.o
DMA2_Channel2_IRQHandler                          build/debug/startup_stm32g431xx.o
DMA2_Channel3_IRQHandler                          build/debug/startup_stm32g431xx.o
DMA2_Channel4_IRQHandler                          build/debug/startup_stm32g431xx.o
DMA2_Channel5_IRQHandler                          build/debug/startup_stm32g431xx.o
DMA2_Channel6_IRQHandler                          build/debug/startup_stm32g431xx.o
DMAMUX_OVR_IRQHandler                             build/debug/startup_stm32g431xx.o
DebugMon_Handler                                  build/debug/stm32g4xx_it.o
Default_Handler                                   build/debug/startup_stm32g431xx.o
EXTI0_IRQHandler                                  build/debug/startup_stm32g431xx.o
EXTI15_10_IRQHandler                              build/debug/startup_stm32g431xx.o
EXTI1_IRQHandler                                  build/debug/startup_stm32g431xx.o
EXTI2_IRQHandler                                  build/debug/startup_stm32g431xx.o
EXTI3_IRQHandler                                  build/debug/startup_stm32g431xx.o
EXTI4_IRQHandler                                  build/debug/startup_stm32g431xx.o
EXTI9_5_IRQHandler                                build/debug/startup_stm32g431xx.o
Error_Handler                                     build/debug/main.o
                                                  build/debug/usart.o
                                                  build/debug/fdcan.o
FDCAN1_IT0_IRQHandler                             build/debug/startup_stm32g431xx.o
FDCAN1_IT1_IRQHandler                             build/debug/startup_stm32g431xx.o
FLASH_FlushCaches                                 build/debug/stm32g4xx_hal_flash_ex.o
                                                  build/debug/stm32g4xx_hal_flash.o
FLASH_IRQHandler                                  build/debug/startup_stm32g431xx.o
FLASH_PageErase                                   build/debug/stm32g4xx_hal_flash_ex.o
                                                  build/debug/stm32g4xx_hal_flash.o
FLASH_WaitForLastOperation                        build/debug/stm32g4xx_hal_flash.o
                                                  build/debug/stm32g4xx_hal_flash_ex.o
FMAC_IRQHandler                                   build/debug/startup_stm32g431xx.o
FPU_IRQHandler                                    build/debug/startup_stm32g431xx.o
HAL_DBGMCU_DisableDBGSleepMode                    build/debug/stm32g4xx_hal.o
HAL_DBGMCU_DisableDBGStandbyMode                  build/debug/stm32g4xx_hal.o
HAL_DBGMCU_DisableDBGStopMode                     build/debug/stm32g4xx_hal.o
HAL_DBGMCU_EnableDBGSleepMode                     build/debug/stm32g4xx_hal.o
HAL_DBGMCU_EnableDBGStandbyMode                   build/debug/stm32g4xx_hal.o
HAL_DBGMCU_EnableDBGStopMode                      build/debug/stm32g4xx_hal.o
HAL_DMAEx_ConfigMuxRequestGenerator               build/debug/stm32g4xx_hal_dma_ex.o
HAL_DMAEx_ConfigMuxSync                           build/debug/stm32g4xx_hal_dma_ex.o
HAL_DMAEx_DisableMuxRequestGenerator              build/debug/stm32g4xx_hal_dma_ex.o
HAL_DMAEx_EnableMuxRequestGenerator               build/debug/stm32g4xx_hal_dma_ex.o
HAL_DMAEx_MUX_IRQHandler                          build/debug/stm32g4xx_hal_dma_ex.o
HAL_DMA_Abort                                     build/debug/stm32g4xx_hal_dma.o
                                                  build/debug/stm32g4xx_hal_uart.o
HAL_DMA_Abort_IT                                  build/debug/stm32g4xx_hal_dma.o
                                                  build/debug/stm32g4xx_hal_uart.o
HAL_DMA_DeInit                                    build/debug/stm32g4xx_hal_dma.o
HAL_DMA_GetError                                  build/debug/stm32g4xx_hal_dma.o
                                                  build/debug/stm32g4xx_hal_uart.o
HAL_DMA_GetState                                  build/debug/stm32g4xx_hal_dma.o
HAL_DMA_IRQHandler                                build/debug/stm32g4xx_hal_dma.o
HAL_DMA_Init                                      build/debug/stm32g4xx_hal_dma.o
HAL_DMA_PollForTransfer                           build/debug/stm32g4xx_hal_dma.o
HAL_DMA_RegisterCallback                          build/debug/stm32g4xx_hal_dma.o
HAL_DMA_Start                                     build/debug/stm32g4xx_hal_dma.o
HAL_DMA_Start_IT                                  build/debug/stm32g4xx_hal_dma.o
                                                  build/debug/stm32g4xx_hal_uart.o
HAL_DMA_UnRegisterCallback                        build/debug/stm32g4xx_hal_dma.o
HAL_DeInit                                        build/debug/stm32g4xx_hal.o
HAL_Delay                                         build/debug/stm32g4xx_hal.o
HAL_EXTI_ClearConfigLine                          build/debug/stm32g4xx_hal_exti.o
HAL_EXTI_ClearPending                             build/debug/stm32g4xx_hal_exti.o
HAL_EXTI_GenerateSWI                              build/debug/stm32g4xx_hal_exti.o
HAL_EXTI_GetConfigLine                            build/debug/stm32g4xx_hal_exti.o
HAL_EXTI_GetHandle                                build/debug/stm32g4xx_hal_exti.o
HAL_EXTI_GetPending                               build/debug/stm32g4xx_hal_exti.o
HAL_EXTI_IRQHandler                               build/debug/stm32g4xx_hal_exti.o
HAL_EXTI_RegisterCallback                         build/debug/stm32g4xx_hal_exti.o
HAL_EXTI_SetConfigLine                            build/debug/stm32g4xx_hal_exti.o
HAL_FDCAN_AbortTxRequest                          build/debug/stm32g4xx_hal_fdcan.o
HAL_FDCAN_ActivateNotification                    build/debug/stm32g4xx_hal_fdcan.o
HAL_FDCAN_AddMessageToTxFifoQ                     build/debug/stm32g4xx_hal_fdcan.o
HAL_FDCAN_ConfigExtendedIdMask                    build/debug/stm32g4xx_hal_fdcan.o
HAL_FDCAN_ConfigFilter                            build/debug/stm32g4xx_hal_fdcan.o
HAL_FDCAN_ConfigGlobalFilter                      build/debug/stm32g4xx_hal_fdcan.o
HAL_FDCAN_ConfigInterruptLines                    build/debug/stm32g4xx_hal_fdcan.o
HAL_FDCAN_ConfigRamWatchdog                       build/debug/stm32g4xx_hal_fdcan.o
HAL_FDCAN_ConfigRxFifoOverwrite                   build/debug/stm32g4xx_hal_fdcan.o
HAL_FDCAN_ConfigTimeoutCounter                    build/debug/stm32g4xx_hal_fdcan.o
HAL_FDCAN_ConfigTimestampCounter                  build/debug/stm32g4xx_hal_fdcan.o
HAL_FDCAN_ConfigTxDelayCompensation               build/debug/stm32g4xx_hal_fdcan.o
HAL_FDCAN_DeInit                                  build/debug/stm32g4xx_hal_fdcan.o
HAL_FDCAN_DeactivateNotification                  build/debug/stm32g4xx_hal_fdcan.o
HAL_FDCAN_DisableEdgeFiltering                    build/debug/stm32g4xx_hal_fdcan.o
HAL_FDCAN_DisableISOMode                          build/debug/stm32g4xx_hal_fdcan.o
HAL_FDCAN_DisableTimeoutCounter                   build/debug/stm32g4xx_hal_fdcan.o
HAL_FDCAN_DisableTimestampCounter                 build/debug/stm32g4xx_hal_fdcan.o
HAL_FDCAN_DisableTxDelayCompensation              build/debug/stm32g4xx_hal_fdcan.o
HAL_FDCAN_EnableEdgeFiltering                     build/debug/stm32g4xx_hal_fdcan.o
HAL_FDCAN_EnableISOMode                           build/debug/stm32g4xx_hal_fdcan.o
HAL_FDCAN_EnableTimeoutCounter                    build/debug/stm32g4xx_hal_fdcan.o
HAL_FDCAN_EnableTimestampCounter                  build/debug/stm32g4xx_hal_fdcan.o
HAL_FDCAN_EnableTxDelayCompensation               build/debug/stm32g4xx_hal_fdcan.o
HAL_FDCAN_EnterPowerDownMode                      build/debug/stm32g4xx_hal_fdcan.o
HAL_FDCAN_ErrorCallback                           build/debug/stm32g4xx_hal_fdcan.o
HAL_FDCAN_ErrorStatusCallback                     build/debug/stm32g4xx_hal_fdcan.o
HAL_FDCAN_ExitPowerDownMode                       build/debug/stm32g4xx_hal_fdcan.o
HAL_FDCAN_ExitRestrictedOperationMode             build/debug/stm32g4xx_hal_fdcan.o
HAL_FDCAN_GetError                                build/debug/stm32g4xx_hal_fdcan.o
HAL_FDCAN_GetErrorCounters                        build/debug/stm32g4xx_hal_fdcan.o
HAL_FDCAN_GetHighPriorityMessageStatus            build/debug/stm32g4xx_hal_fdcan.o
HAL_FDCAN_GetLatestTxFifoQRequestBuffer           build/debug/stm32g4xx_hal_fdcan.o
HAL_FDCAN_GetProtocolStatus                       build/debug/stm32g4xx_hal_fdcan.o
HAL_FDCAN_GetRxFifoFillLevel                      build/debug/stm32g4xx_hal_fdcan.o
HAL_FDCAN_GetRxMessage                            build/debug/stm32g4xx_hal_fdcan.o
HAL_FDCAN_GetState                                build/debug/stm32g4xx_hal_fdcan.o
HAL_FDCAN_GetTimeoutCounter                       build/debug/stm32g4xx_hal_fdcan.o
HAL_FDCAN_GetTimestampCounter                     build/debug/stm32g4xx_hal_fdcan.o
HAL_FDCAN_GetTxEvent                              build/debug/stm32g4xx_hal_fdcan.o
HAL_FDCAN_GetTxFifoFreeLevel                      build/debug/stm32g4xx_hal_fdcan.o
HAL_FDCAN_HighPriorityMessageCallback             build/debug/stm32g4xx_hal_fdcan.o
HAL_FDCAN_IRQHandler                              build/debug/stm32g4xx_hal_fdcan.o
HAL_FDCAN_Init                                    build/debug/stm32g4xx_hal_fdcan.o
                                                  build/debug/fdcan.o
HAL_FDCAN_IsRestrictedOperationMode               build/debug/stm32g4xx_hal_fdcan.o
HAL_FDCAN_IsTxBufferMessagePending                build/debug/stm32g4xx_hal_fdcan.o
HAL_FDCAN_MspDeInit                               build/debug/fdcan.o
HAL_FDCAN_MspInit                                 build/debug/fdcan.o
HAL_FDCAN_ResetTimeoutCounter                     build/debug/stm32g4xx_hal_fdcan.o
HAL_FDCAN_ResetTimestampCounter                   build/debug/stm32g4xx_hal_fdcan.o
HAL_FDCAN_RxFifo0Callback                         build/debug/stm32g4xx_hal_fdcan.o
HAL_FDCAN_RxFifo1Callback                         build/debug/stm32g4xx_hal_fdcan.o
HAL_FDCAN_Start                                   build/debug/stm32g4xx_hal_fdcan.o
HAL_FDCAN_Stop                                    build/debug/stm32g4xx_hal_fdcan.o
HAL_FDCAN_TimeoutOccurredCallback                 build/debug/stm32g4xx_hal_fdcan.o
HAL_FDCAN_TimestampWraparoundCallback             build/debug/stm32g4xx_hal_fdcan.o
HAL_FDCAN_TxBufferAbortCallback                   build/debug/stm32g4xx_hal_fdcan.o
HAL_FDCAN_TxBufferCompleteCallback                build/debug/stm32g4xx_hal_fdcan.o
HAL_FDCAN_TxEventFifoCallback                     build/debug/stm32g4xx_hal_fdcan.o
HAL_FDCAN_TxFifoEmptyCallback                     build/debug/stm32g4xx_hal_fdcan.o
HAL_FLASHEx_DisableDebugger                       build/debug/stm32g4xx_hal_flash_ex.o
HAL_FLASHEx_DisableRunPowerDown                   build/debug/stm32g4xx_hal_flash_ramfunc.o
HAL_FLASHEx_EnableDebugger                        build/debug/stm32g4xx_hal_flash_ex.o
HAL_FLASHEx_EnableRunPowerDown                    build/debug/stm32g4xx_hal_flash_ramfunc.o
HAL_FLASHEx_EnableSecMemProtection                build/debug/stm32g4xx_hal_flash_ex.o
HAL_FLASHEx_Erase                                 build/debug/stm32g4xx_hal_flash_ex.o
HAL_FLASHEx_Erase_IT                              build/debug/stm32g4xx_hal_flash_ex.o
HAL_FLASHEx_OBGetConfig                           build/debug/stm32g4xx_hal_flash_ex.o
HAL_FLASHEx_OBProgram                             build/debug/stm32g4xx_hal_flash_ex.o
HAL_FLASH_EndOfOperationCallback                  build/debug/stm32g4xx_hal_flash.o
HAL_FLASH_GetError                                build/debug/stm32g4xx_hal_flash.o
HAL_FLASH_IRQHandler                              build/debug/stm32g4xx_hal_flash.o
HAL_FLASH_Lock                                    build/debug/stm32g4xx_hal_flash.o
HAL_FLASH_OB_Launch                               build/debug/stm32g4xx_hal_flash.o
HAL_FLASH_OB_Lock                                 build/debug/stm32g4xx_hal_flash.o
HAL_FLASH_OB_Unlock                               build/debug/stm32g4xx_hal_flash.o
HAL_FLASH_OperationErrorCallback                  build/debug/stm32g4xx_hal_flash.o
HAL_FLASH_Program                                 build/debug/stm32g4xx_hal_flash.o
HAL_FLASH_Program_IT                              build/debug/stm32g4xx_hal_flash.o
HAL_FLASH_Unlock                                  build/debug/stm32g4xx_hal_flash.o
HAL_GPIO_DeInit                                   build/debug/stm32g4xx_hal_gpio.o
                                                  build/debug/usart.o
                                                  build/debug/fdcan.o
HAL_GPIO_EXTI_Callback                            build/debug/stm32g4xx_hal_gpio.o
HAL_GPIO_EXTI_IRQHandler                          build/debug/stm32g4xx_hal_gpio.o
HAL_GPIO_Init                                     build/debug/stm32g4xx_hal_gpio.o
                                                  build/debug/usart.o
                                                  build/debug/stm32g4xx_hal_rcc_ex.o
                                                  build/debug/stm32g4xx_hal_rcc.o
                                                  build/debug/fdcan.o
HAL_GPIO_LockPin                                  build/debug/stm32g4xx_hal_gpio.o
HAL_GPIO_ReadPin                                  build/debug/stm32g4xx_hal_gpio.o
HAL_GPIO_TogglePin                                build/debug/stm32g4xx_hal_gpio.o
HAL_GPIO_WritePin                                 build/debug/stm32g4xx_hal_gpio.o
HAL_GetDEVID                                      build/debug/stm32g4xx_hal.o
HAL_GetHalVersion                                 build/debug/stm32g4xx_hal.o
HAL_GetREVID                                      build/debug/stm32g4xx_hal.o
HAL_GetTick                                       build/debug/stm32g4xx_hal.o
                                                  build/debug/stm32g4xx_hal_uart_ex.o
                                                  build/debug/stm32g4xx_hal_uart.o
                                                  build/debug/stm32g4xx_hal_rcc_ex.o
                                                  build/debug/stm32g4xx_hal_rcc.o
                                                  build/debug/stm32g4xx_hal_flash.o
                                                  build/debug/stm32g4xx_hal_fdcan.o
                                                  build/debug/stm32g4xx_hal_dma.o
HAL_GetTickFreq                                   build/debug/stm32g4xx_hal.o
HAL_GetTickPrio                                   build/debug/stm32g4xx_hal.o
HAL_GetUIDw0                                      build/debug/stm32g4xx_hal.o
HAL_GetUIDw1                                      build/debug/stm32g4xx_hal.o
HAL_GetUIDw2                                      build/debug/stm32g4xx_hal.o
HAL_HalfDuplex_EnableReceiver                     build/debug/stm32g4xx_hal_uart.o
HAL_HalfDuplex_EnableTransmitter                  build/debug/stm32g4xx_hal_uart.o
HAL_HalfDuplex_Init                               build/debug/stm32g4xx_hal_uart.o
HAL_IncTick                                       build/debug/stm32g4xx_hal.o
                                                  build/debug/stm32g4xx_it.o
HAL_Init                                          build/debug/stm32g4xx_hal.o
                                                  build/debug/main.o
HAL_InitTick                                      build/debug/stm32g4xx_hal.o
                                                  build/debug/stm32g4xx_hal_rcc.o
HAL_LIN_Init                                      build/debug/stm32g4xx_hal_uart.o
HAL_LIN_SendBreak                                 build/debug/stm32g4xx_hal_uart.o
HAL_MPU_ConfigRegion                              build/debug/stm32g4xx_hal_cortex.o
HAL_MPU_Disable                                   build/debug/stm32g4xx_hal_cortex.o
HAL_MPU_DisableRegion                             build/debug/stm32g4xx_hal_cortex.o
HAL_MPU_Enable                                    build/debug/stm32g4xx_hal_cortex.o
HAL_MPU_EnableRegion                              build/debug/stm32g4xx_hal_cortex.o
HAL_MspDeInit                                     build/debug/stm32g4xx_hal.o
HAL_MspInit                                       build/debug/stm32g4xx_hal_msp.o
                                                  build/debug/stm32g4xx_hal.o
HAL_MultiProcessorEx_AddressLength_Set            build/debug/stm32g4xx_hal_uart_ex.o
HAL_MultiProcessor_DisableMuteMode                build/debug/stm32g4xx_hal_uart.o
HAL_MultiProcessor_EnableMuteMode                 build/debug/stm32g4xx_hal_uart.o
HAL_MultiProcessor_EnterMuteMode                  build/debug/stm32g4xx_hal_uart.o
HAL_MultiProcessor_Init                           build/debug/stm32g4xx_hal_uart.o
HAL_NVIC_ClearPendingIRQ                          build/debug/stm32g4xx_hal_cortex.o
HAL_NVIC_DisableIRQ                               build/debug/stm32g4xx_hal_cortex.o
HAL_NVIC_EnableIRQ                                build/debug/stm32g4xx_hal_cortex.o
HAL_NVIC_GetActive                                build/debug/stm32g4xx_hal_cortex.o
HAL_NVIC_GetPendingIRQ                            build/debug/stm32g4xx_hal_cortex.o
HAL_NVIC_GetPriority                              build/debug/stm32g4xx_hal_cortex.o
HAL_NVIC_GetPriorityGrouping                      build/debug/stm32g4xx_hal_cortex.o
HAL_NVIC_SetPendingIRQ                            build/debug/stm32g4xx_hal_cortex.o
HAL_NVIC_SetPriority                              build/debug/stm32g4xx_hal_cortex.o
                                                  build/debug/stm32g4xx_hal.o
HAL_NVIC_SetPriorityGrouping                      build/debug/stm32g4xx_hal_cortex.o
                                                  build/debug/stm32g4xx_hal.o
HAL_NVIC_SystemReset                              build/debug/stm32g4xx_hal_cortex.o
HAL_PWREx_ConfigPVM                               build/debug/stm32g4xx_hal_pwr_ex.o
HAL_PWREx_ControlVoltageScaling                   build/debug/stm32g4xx_hal_pwr_ex.o
                                                  build/debug/main.o
HAL_PWREx_DisableBatteryCharging                  build/debug/stm32g4xx_hal_pwr_ex.o
HAL_PWREx_DisableGPIOPullDown                     build/debug/stm32g4xx_hal_pwr_ex.o
HAL_PWREx_DisableGPIOPullUp                       build/debug/stm32g4xx_hal_pwr_ex.o
HAL_PWREx_DisableInternalWakeUpLine               build/debug/stm32g4xx_hal_pwr_ex.o
HAL_PWREx_DisableLowPowerRunMode                  build/debug/stm32g4xx_hal_pwr_ex.o
                                                  build/debug/stm32g4xx_hal_pwr.o
HAL_PWREx_DisablePVM1                             build/debug/stm32g4xx_hal_pwr_ex.o
HAL_PWREx_DisablePVM2                             build/debug/stm32g4xx_hal_pwr_ex.o
HAL_PWREx_DisablePVM3                             build/debug/stm32g4xx_hal_pwr_ex.o
HAL_PWREx_DisablePVM4                             build/debug/stm32g4xx_hal_pwr_ex.o
HAL_PWREx_DisablePullUpPullDownConfig             build/debug/stm32g4xx_hal_pwr_ex.o
HAL_PWREx_DisableSRAM2ContentRetention            build/debug/stm32g4xx_hal_pwr_ex.o
HAL_PWREx_DisableUCPDDeadBattery                  build/debug/stm32g4xx_hal_pwr_ex.o
                                                  build/debug/stm32g4xx_hal_msp.o
HAL_PWREx_DisableUCPDStandbyMode                  build/debug/stm32g4xx_hal_pwr_ex.o
HAL_PWREx_EnableBatteryCharging                   build/debug/stm32g4xx_hal_pwr_ex.o
HAL_PWREx_EnableGPIOPullDown                      build/debug/stm32g4xx_hal_pwr_ex.o
HAL_PWREx_EnableGPIOPullUp                        build/debug/stm32g4xx_hal_pwr_ex.o
HAL_PWREx_EnableInternalWakeUpLine                build/debug/stm32g4xx_hal_pwr_ex.o
HAL_PWREx_EnableLowPowerRunMode                   build/debug/stm32g4xx_hal_pwr_ex.o
                                                  build/debug/stm32g4xx_hal_pwr.o
HAL_PWREx_EnablePVM1                              build/debug/stm32g4xx_hal_pwr_ex.o
HAL_PWREx_EnablePVM2                              build/debug/stm32g4xx_hal_pwr_ex.o
HAL_PWREx_EnablePVM3                              build/debug/stm32g4xx_hal_pwr_ex.o
HAL_PWREx_EnablePVM4                              build/debug/stm32g4xx_hal_pwr_ex.o
HAL_PWREx_EnablePullUpPullDownConfig              build/debug/stm32g4xx_hal_pwr_ex.o
HAL_PWREx_EnableSRAM2ContentRetention             build/debug/stm32g4xx_hal_pwr_ex.o
HAL_PWREx_EnableUCPDDeadBattery                   build/debug/stm32g4xx_hal_pwr_ex.o
HAL_PWREx_EnableUCPDStandbyMode                   build/debug/stm32g4xx_hal_pwr_ex.o
HAL_PWREx_EnterSHUTDOWNMode                       build/debug/stm32g4xx_hal_pwr_ex.o
HAL_PWREx_EnterSTOP0Mode                          build/debug/stm32g4xx_hal_pwr_ex.o
                                                  build/debug/stm32g4xx_hal_pwr.o
HAL_PWREx_EnterSTOP1Mode                          build/debug/stm32g4xx_hal_pwr_ex.o
                                                  build/debug/stm32g4xx_hal_pwr.o
HAL_PWREx_GetVoltageRange                         build/debug/stm32g4xx_hal_pwr_ex.o
HAL_PWREx_PVD_PVM_IRQHandler                      build/debug/stm32g4xx_hal_pwr_ex.o
HAL_PWREx_PVM1Callback                            build/debug/stm32g4xx_hal_pwr_ex.o
HAL_PWREx_PVM2Callback                            build/debug/stm32g4xx_hal_pwr_ex.o
HAL_PWREx_PVM3Callback                            build/debug/stm32g4xx_hal_pwr_ex.o
HAL_PWREx_PVM4Callback                            build/debug/stm32g4xx_hal_pwr_ex.o
HAL_PWR_ConfigPVD                                 build/debug/stm32g4xx_hal_pwr.o
HAL_PWR_DeInit                                    build/debug/stm32g4xx_hal_pwr.o
HAL_PWR_DisableBkUpAccess                         build/debug/stm32g4xx_hal_pwr.o
                                                  build/debug/stm32g4xx_hal_rcc_ex.o
HAL_PWR_DisablePVD                                build/debug/stm32g4xx_hal_pwr.o
HAL_PWR_DisableSEVOnPend                          build/debug/stm32g4xx_hal_pwr.o
HAL_PWR_DisableSleepOnExit                        build/debug/stm32g4xx_hal_pwr.o
HAL_PWR_DisableWakeUpPin                          build/debug/stm32g4xx_hal_pwr.o
HAL_PWR_EnableBkUpAccess                          build/debug/stm32g4xx_hal_pwr.o
                                                  build/debug/stm32g4xx_hal_rcc_ex.o
HAL_PWR_EnablePVD                                 build/debug/stm32g4xx_hal_pwr.o
HAL_PWR_EnableSEVOnPend                           build/debug/stm32g4xx_hal_pwr.o
HAL_PWR_EnableSleepOnExit                         build/debug/stm32g4xx_hal_pwr.o
HAL_PWR_EnableWakeUpPin                           build/debug/stm32g4xx_hal_pwr.o
HAL_PWR_EnterSLEEPMode                            build/debug/stm32g4xx_hal_pwr.o
HAL_PWR_EnterSTANDBYMode                          build/debug/stm32g4xx_hal_pwr.o
HAL_PWR_EnterSTOPMode                             build/debug/stm32g4xx_hal_pwr.o
HAL_PWR_PVDCallback                               build/debug/stm32g4xx_hal_pwr.o
                                                  build/debug/stm32g4xx_hal_pwr_ex.o
HAL_RCCEx_CRSConfig                               build/debug/stm32g4xx_hal_rcc_ex.o
HAL_RCCEx_CRSGetSynchronizationInfo               build/debug/stm32g4xx_hal_rcc_ex.o
HAL_RCCEx_CRSSoftwareSynchronizationGenerate      build/debug/stm32g4xx_hal_rcc_ex.o
HAL_RCCEx_CRSWaitSynchronization                  build/debug/stm32g4xx_hal_rcc_ex.o
HAL_RCCEx_CRS_ErrorCallback                       build/debug/stm32g4xx_hal_rcc_ex.o
HAL_RCCEx_CRS_ExpectedSyncCallback                build/debug/stm32g4xx_hal_rcc_ex.o
HAL_RCCEx_CRS_IRQHandler                          build/debug/stm32g4xx_hal_rcc_ex.o
HAL_RCCEx_CRS_SyncOkCallback                      build/debug/stm32g4xx_hal_rcc_ex.o
HAL_RCCEx_CRS_SyncWarnCallback                    build/debug/stm32g4xx_hal_rcc_ex.o
HAL_RCCEx_DisableLSCO                             build/debug/stm32g4xx_hal_rcc_ex.o
HAL_RCCEx_DisableLSECSS                           build/debug/stm32g4xx_hal_rcc_ex.o
HAL_RCCEx_EnableLSCO                              build/debug/stm32g4xx_hal_rcc_ex.o
HAL_RCCEx_EnableLSECSS                            build/debug/stm32g4xx_hal_rcc_ex.o
HAL_RCCEx_EnableLSECSS_IT                         build/debug/stm32g4xx_hal_rcc_ex.o
HAL_RCCEx_GetPeriphCLKConfig                      build/debug/stm32g4xx_hal_rcc_ex.o
HAL_RCCEx_GetPeriphCLKFreq                        build/debug/stm32g4xx_hal_rcc_ex.o
HAL_RCCEx_LSECSS_Callback                         build/debug/stm32g4xx_hal_rcc_ex.o
HAL_RCCEx_LSECSS_IRQHandler                       build/debug/stm32g4xx_hal_rcc_ex.o
HAL_RCCEx_PeriphCLKConfig                         build/debug/stm32g4xx_hal_rcc_ex.o
                                                  build/debug/usart.o
                                                  build/debug/fdcan.o
HAL_RCC_CSSCallback                               build/debug/stm32g4xx_hal_rcc.o
HAL_RCC_ClockConfig                               build/debug/stm32g4xx_hal_rcc.o
                                                  build/debug/main.o
HAL_RCC_DeInit                                    build/debug/stm32g4xx_hal_rcc.o
HAL_RCC_DisableLSECSS                             build/debug/stm32g4xx_hal_rcc.o
HAL_RCC_EnableCSS                                 build/debug/stm32g4xx_hal_rcc.o
HAL_RCC_EnableLSECSS                              build/debug/stm32g4xx_hal_rcc.o
HAL_RCC_GetClockConfig                            build/debug/stm32g4xx_hal_rcc.o
HAL_RCC_GetHCLKFreq                               build/debug/stm32g4xx_hal_rcc.o
HAL_RCC_GetOscConfig                              build/debug/stm32g4xx_hal_rcc.o
HAL_RCC_GetPCLK1Freq                              build/debug/stm32g4xx_hal_rcc.o
                                                  build/debug/stm32g4xx_hal_uart.o
                                                  build/debug/stm32g4xx_hal_rcc_ex.o
HAL_RCC_GetPCLK2Freq                              build/debug/stm32g4xx_hal_rcc.o
                                                  build/debug/stm32g4xx_hal_uart.o
                                                  build/debug/stm32g4xx_hal_rcc_ex.o
HAL_RCC_GetSysClockFreq                           build/debug/stm32g4xx_hal_rcc.o
                                                  build/debug/stm32g4xx_hal_uart.o
                                                  build/debug/stm32g4xx_hal_rcc_ex.o
HAL_RCC_MCOConfig                                 build/debug/stm32g4xx_hal_rcc.o
HAL_RCC_NMI_IRQHandler                            build/debug/stm32g4xx_hal_rcc.o
HAL_RCC_OscConfig                                 build/debug/stm32g4xx_hal_rcc.o
                                                  build/debug/main.o
HAL_RS485Ex_Init                                  build/debug/stm32g4xx_hal_uart_ex.o
HAL_ResumeTick                                    build/debug/stm32g4xx_hal.o
HAL_SYSCFG_CCMSRAMErase                           build/debug/stm32g4xx_hal.o
HAL_SYSCFG_CCMSRAM_WriteProtectionEnable          build/debug/stm32g4xx_hal.o
HAL_SYSCFG_DisableIOSwitchBooster                 build/debug/stm32g4xx_hal.o
HAL_SYSCFG_DisableIOSwitchVDD                     build/debug/stm32g4xx_hal.o
HAL_SYSCFG_DisableMemorySwappingBank              build/debug/stm32g4xx_hal.o
HAL_SYSCFG_DisableVREFBUF                         build/debug/stm32g4xx_hal.o
HAL_SYSCFG_EnableIOSwitchBooster                  build/debug/stm32g4xx_hal.o
HAL_SYSCFG_EnableIOSwitchVDD                      build/debug/stm32g4xx_hal.o
HAL_SYSCFG_EnableMemorySwappingBank               build/debug/stm32g4xx_hal.o
HAL_SYSCFG_EnableVREFBUF                          build/debug/stm32g4xx_hal.o
HAL_SYSCFG_VREFBUF_HighImpedanceConfig            build/debug/stm32g4xx_hal.o
HAL_SYSCFG_VREFBUF_TrimmingConfig                 build/debug/stm32g4xx_hal.o
HAL_SYSCFG_VREFBUF_VoltageScalingConfig           build/debug/stm32g4xx_hal.o
HAL_SYSTICK_CLKSourceConfig                       build/debug/stm32g4xx_hal_cortex.o
HAL_SYSTICK_Callback                              build/debug/stm32g4xx_hal_cortex.o
HAL_SYSTICK_Config                                build/debug/stm32g4xx_hal_cortex.o
                                                  build/debug/stm32g4xx_hal.o
HAL_SYSTICK_IRQHandler                            build/debug/stm32g4xx_hal_cortex.o
HAL_SetTickFreq                                   build/debug/stm32g4xx_hal.o
HAL_SuspendTick                                   build/debug/stm32g4xx_hal.o
HAL_UARTEx_DisableFifoMode                        build/debug/stm32g4xx_hal_uart_ex.o
                                                  build/debug/usart.o
HAL_UARTEx_DisableStopMode                        build/debug/stm32g4xx_hal_uart_ex.o
HAL_UARTEx_EnableFifoMode                         build/debug/stm32g4xx_hal_uart_ex.o
HAL_UARTEx_EnableStopMode                         build/debug/stm32g4xx_hal_uart_ex.o
HAL_UARTEx_GetRxEventType                         build/debug/stm32g4xx_hal_uart_ex.o
HAL_UARTEx_ReceiveToIdle                          build/debug/stm32g4xx_hal_uart_ex.o
HAL_UARTEx_ReceiveToIdle_DMA                      build/debug/stm32g4xx_hal_uart_ex.o
HAL_UARTEx_ReceiveToIdle_IT                       build/debug/stm32g4xx_hal_uart_ex.o
HAL_UARTEx_RxEventCallback                        build/debug/stm32g4xx_hal_uart.o
HAL_UARTEx_RxFifoFullCallback                     build/debug/stm32g4xx_hal_uart_ex.o
                                                  build/debug/stm32g4xx_hal_uart.o
HAL_UARTEx_SetRxFifoThreshold                     build/debug/stm32g4xx_hal_uart_ex.o
                                                  build/debug/usart.o
HAL_UARTEx_SetTxFifoThreshold                     build/debug/stm32g4xx_hal_uart_ex.o
                                                  build/debug/usart.o
HAL_UARTEx_StopModeWakeUpSourceConfig             build/debug/stm32g4xx_hal_uart_ex.o
HAL_UARTEx_TxFifoEmptyCallback                    build/debug/stm32g4xx_hal_uart_ex.o
                                                  build/debug/stm32g4xx_hal_uart.o
HAL_UARTEx_WakeupCallback                         build/debug/stm32g4xx_hal_uart_ex.o
                                                  build/debug/stm32g4xx_hal_uart.o
HAL_UART_Abort                                    build/debug/stm32g4xx_hal_uart.o
HAL_UART_AbortCpltCallback                        build/debug/stm32g4xx_hal_uart.o
HAL_UART_AbortReceive                             build/debug/stm32g4xx_hal_uart.o
HAL_UART_AbortReceiveCpltCallback                 build/debug/stm32g4xx_hal_uart.o
HAL_UART_AbortReceive_IT                          build/debug/stm32g4xx_hal_uart.o
HAL_UART_AbortTransmit                            build/debug/stm32g4xx_hal_uart.o
HAL_UART_AbortTransmitCpltCallback                build/debug/stm32g4xx_hal_uart.o
HAL_UART_AbortTransmit_IT                         build/debug/stm32g4xx_hal_uart.o
HAL_UART_Abort_IT                                 build/debug/stm32g4xx_hal_uart.o
HAL_UART_DMAPause                                 build/debug/stm32g4xx_hal_uart.o
HAL_UART_DMAResume                                build/debug/stm32g4xx_hal_uart.o
HAL_UART_DMAStop                                  build/debug/stm32g4xx_hal_uart.o
HAL_UART_DeInit                                   build/debug/stm32g4xx_hal_uart.o
HAL_UART_DisableReceiverTimeout                   build/debug/stm32g4xx_hal_uart.o
HAL_UART_EnableReceiverTimeout                    build/debug/stm32g4xx_hal_uart.o
HAL_UART_ErrorCallback                            build/debug/stm32g4xx_hal_uart.o
HAL_UART_GetError                                 build/debug/stm32g4xx_hal_uart.o
HAL_UART_GetState                                 build/debug/stm32g4xx_hal_uart.o
HAL_UART_IRQHandler                               build/debug/stm32g4xx_hal_uart.o
HAL_UART_Init                                     build/debug/stm32g4xx_hal_uart.o
                                                  build/debug/usart.o
HAL_UART_MspDeInit                                build/debug/usart.o
                                                  build/debug/stm32g4xx_hal_uart.o
HAL_UART_MspInit                                  build/debug/usart.o
                                                  build/debug/stm32g4xx_hal_uart.o
                                                  build/debug/stm32g4xx_hal_uart_ex.o
HAL_UART_Receive                                  build/debug/stm32g4xx_hal_uart.o
HAL_UART_Receive_DMA                              build/debug/stm32g4xx_hal_uart.o
HAL_UART_Receive_IT                               build/debug/stm32g4xx_hal_uart.o
HAL_UART_ReceiverTimeout_Config                   build/debug/stm32g4xx_hal_uart.o
HAL_UART_RxCpltCallback                           build/debug/stm32g4xx_hal_uart.o
HAL_UART_RxHalfCpltCallback                       build/debug/stm32g4xx_hal_uart.o
HAL_UART_Transmit                                 build/debug/stm32g4xx_hal_uart.o
HAL_UART_Transmit_DMA                             build/debug/stm32g4xx_hal_uart.o
HAL_UART_Transmit_IT                              build/debug/stm32g4xx_hal_uart.o
HAL_UART_TxCpltCallback                           build/debug/stm32g4xx_hal_uart.o
HAL_UART_TxHalfCpltCallback                       build/debug/stm32g4xx_hal_uart.o
HardFault_Handler                                 build/debug/stm32g4xx_it.o
I2C1_ER_IRQHandler                                build/debug/startup_stm32g431xx.o
I2C1_EV_IRQHandler                                build/debug/startup_stm32g431xx.o
I2C2_ER_IRQHandler                                build/debug/startup_stm32g431xx.o
I2C2_EV_IRQHandler                                build/debug/startup_stm32g431xx.o
I2C3_ER_IRQHandler                                build/debug/startup_stm32g431xx.o
I2C3_EV_IRQHandler                                build/debug/startup_stm32g431xx.o
LPTIM1_IRQHandler                                 build/debug/startup_stm32g431xx.o
LPUART1_IRQHandler                                build/debug/startup_stm32g431xx.o
MX_FDCAN1_Init                                    build/debug/fdcan.o
                                                  build/debug/main.o
MX_GPIO_Init                                      build/debug/gpio.o
                                                  build/debug/main.o
MX_USART1_UART_Init                               build/debug/usart.o
                                                  build/debug/main.o
MX_USART2_UART_Init                               build/debug/usart.o
                                                  build/debug/main.o
MemManage_Handler                                 build/debug/stm32g4xx_it.o
NMI_Handler                                       build/debug/stm32g4xx_it.o
PVD_PVM_IRQHandler                                build/debug/startup_stm32g431xx.o
PendSV_Handler                                    build/debug/stm32g4xx_it.o
RCC_IRQHandler                                    build/debug/startup_stm32g431xx.o
RNG_IRQHandler                                    build/debug/startup_stm32g431xx.o
RTC_Alarm_IRQHandler                              build/debug/startup_stm32g431xx.o
RTC_TAMP_LSECSS_IRQHandler                        build/debug/startup_stm32g431xx.o
RTC_WKUP_IRQHandler                               build/debug/startup_stm32g431xx.o
Reset_Handler                                     build/debug/startup_stm32g431xx.o
SAI1_IRQHandler                                   build/debug/startup_stm32g431xx.o
SPI1_IRQHandler                                   build/debug/startup_stm32g431xx.o
SPI2_IRQHandler                                   build/debug/startup_stm32g431xx.o
SPI3_IRQHandler                                   build/debug/startup_stm32g431xx.o
SVC_Handler                                       build/debug/stm32g4xx_it.o
SysTick_Handler                                   build/debug/stm32g4xx_it.o
SystemClock_Config                                build/debug/main.o
SystemCoreClock                                   build/debug/system_stm32g4xx.o
                                                  build/debug/stm32g4xx_hal_rcc.o
                                                  build/debug/stm32g4xx_hal_pwr_ex.o
                                                  build/debug/stm32g4xx_hal.o
SystemCoreClockUpdate                             build/debug/system_stm32g4xx.o
SystemInit                                        build/debug/system_stm32g4xx.o
                                                  build/debug/startup_stm32g431xx.o
TIM1_BRK_TIM15_IRQHandler                         build/debug/startup_stm32g431xx.o
TIM1_CC_IRQHandler                                build/debug/startup_stm32g431xx.o
TIM1_TRG_COM_TIM17_IRQHandler                     build/debug/startup_stm32g431xx.o
TIM1_UP_TIM16_IRQHandler                          build/debug/startup_stm32g431xx.o
TIM2_IRQHandler                                   build/debug/startup_stm32g431xx.o
TIM3_IRQHandler                                   build/debug/startup_stm32g431xx.o
TIM4_IRQHandler                                   build/debug/startup_stm32g431xx.o
TIM6_DAC_IRQHandler                               build/debug/startup_stm32g431xx.o
TIM7_IRQHandler                                   build/debug/startup_stm32g431xx.o
TIM8_BRK_IRQHandler                               build/debug/startup_stm32g431xx.o
TIM8_CC_IRQHandler                                build/debug/startup_stm32g431xx.o
TIM8_TRG_COM_IRQHandler                           build/debug/startup_stm32g431xx.o
TIM8_UP_IRQHandler                                build/debug/startup_stm32g431xx.o
UART4_IRQHandler                                  build/debug/startup_stm32g431xx.o
UARTPrescTable                                    build/debug/stm32g4xx_hal_uart.o
UART_AdvFeatureConfig                             build/debug/stm32g4xx_hal_uart.o
                                                  build/debug/stm32g4xx_hal_uart_ex.o
UART_CheckIdleState                               build/debug/stm32g4xx_hal_uart.o
                                                  build/debug/stm32g4xx_hal_uart_ex.o
UART_SetConfig                                    build/debug/stm32g4xx_hal_uart.o
                                                  build/debug/stm32g4xx_hal_uart_ex.o
UART_Start_Receive_DMA                            build/debug/stm32g4xx_hal_uart.o
                                                  build/debug/stm32g4xx_hal_uart_ex.o
UART_Start_Receive_IT                             build/debug/stm32g4xx_hal_uart.o
                                                  build/debug/stm32g4xx_hal_uart_ex.o
UART_WaitOnFlagUntilTimeout                       build/debug/stm32g4xx_hal_uart.o
                                                  build/debug/stm32g4xx_hal_uart_ex.o
UCPD1_IRQHandler                                  build/debug/startup_stm32g431xx.o
USART1_IRQHandler                                 build/debug/startup_stm32g431xx.o
USART2_IRQHandler                                 build/debug/startup_stm32g431xx.o
USART3_IRQHandler                                 build/debug/startup_stm32g431xx.o
USBWakeUp_IRQHandler                              build/debug/startup_stm32g431xx.o
USB_HP_IRQHandler                                 build/debug/startup_stm32g431xx.o
USB_LP_IRQHandler                                 build/debug/startup_stm32g431xx.o
UsageFault_Handler                                build/debug/stm32g4xx_it.o
WWDG_IRQHandler                                   build/debug/startup_stm32g431xx.o
_ITM_deregisterTMCloneTable                       /usr/lib/gcc/arm-none-eabi/13.2.1/thumb/v7e-m+fp/hard/crtbegin.o
_ITM_registerTMCloneTable                         /usr/lib/gcc/arm-none-eabi/13.2.1/thumb/v7e-m+fp/hard/crtbegin.o
_Min_Stack_Size                                   build/debug/sysmem.o
__TMC_END__                                       /usr/lib/gcc/arm-none-eabi/13.2.1/thumb/v7e-m+fp/hard/crtend.o
                                                  /usr/lib/gcc/arm-none-eabi/13.2.1/thumb/v7e-m+fp/hard/crtbegin.o
__aeabi_idiv0                                     /usr/lib/gcc/arm-none-eabi/13.2.1/thumb/v7e-m+fp/hard/libgcc.a(_dvmd_tls.o)
__aeabi_ldiv0                                     /usr/lib/gcc/arm-none-eabi/13.2.1/thumb/v7e-m+fp/hard/libgcc.a(_dvmd_tls.o)
                                                  /usr/lib/gcc/arm-none-eabi/13.2.1/thumb/v7e-m+fp/hard/libgcc.a(_aeabi_uldivmod.o)
__aeabi_uldivmod                                  /usr/lib/gcc/arm-none-eabi/13.2.1/thumb/v7e-m+fp/hard/libgcc.a(_aeabi_uldivmod.o)
                                                  build/debug/stm32g4xx_hal_uart.o
__atexit                                          /usr/lib/gcc/arm-none-eabi/13.2.1/../../../arm-none-eabi/lib/thumb/v7e-m+fp/hard/libc_nano.a(libc_a-__call_atexit.o)
                                                  /usr/lib/gcc/arm-none-eabi/13.2.1/../../../arm-none-eabi/lib/thumb/v7e-m+fp/hard/libc_nano.a(libc_a-__atexit.o)
__atexit0                                         /usr/lib/gcc/arm-none-eabi/13.2.1/../../../arm-none-eabi/lib/thumb/v7e-m+fp/hard/libc_nano.a(libc_a-__atexit.o)
__atexit_dummy                                    /usr/lib/gcc/arm-none-eabi/13.2.1/../../../arm-none-eabi/lib/thumb/v7e-m+fp/hard/libc_nano.a(libc_a-__atexit.o)
__bss_end__                                       /usr/lib/gcc/arm-none-eabi/13.2.1/../../../arm-none-eabi/lib/thumb/v7e-m+fp/hard/crt0.o
__bss_start__                                     /usr/lib/gcc/arm-none-eabi/13.2.1/../../../arm-none-eabi/lib/thumb/v7e-m+fp/hard/crt0.o
__call_exitprocs                                  /usr/lib/gcc/arm-none-eabi/13.2.1/../../../arm-none-eabi/lib/thumb/v7e-m+fp/hard/libc_nano.a(libc_a-__call_atexit.o)
                                                  /usr/lib/gcc/arm-none-eabi/13.2.1/../../../arm-none-eabi/lib/thumb/v7e-m+fp/hard/libc_nano.a(libc_a-__atexit.o)
                                                  /usr/lib/gcc/arm-none-eabi/13.2.1/../../../arm-none-eabi/lib/thumb/v7e-m+fp/hard/libc_nano.a(libc_a-exit.o)
__deregister_frame_info                           /usr/lib/gcc/arm-none-eabi/13.2.1/thumb/v7e-m+fp/hard/crtbegin.o
__dso_handle                                      /usr/lib/gcc/arm-none-eabi/13.2.1/thumb/v7e-m+fp/hard/crtbegin.o
__env                                             build/debug/syscalls.o
__errno                                           /usr/lib/gcc/arm-none-eabi/13.2.1/../../../arm-none-eabi/lib/thumb/v7e-m+fp/hard/libc_nano.a(libc_a-errno.o)
                                                  build/debug/sysmem.o
                                                  build/debug/syscalls.o
__fini_array_end                                  /usr/lib/gcc/arm-none-eabi/13.2.1/../../../arm-none-eabi/lib/thumb/v7e-m+fp/hard/libc_nano.a(libc_a-fini.o)
__fini_array_start                                /usr/lib/gcc/arm-none-eabi/13.2.1/../../../arm-none-eabi/lib/thumb/v7e-m+fp/hard/libc_nano.a(libc_a-fini.o)
__fp_lock_all                                     /usr/lib/gcc/arm-none-eabi/13.2.1/../../../arm-none-eabi/lib/thumb/v7e-m+fp/hard/libc_nano.a(libc_a-findfp.o)
__fp_unlock_all                                   /usr/lib/gcc/arm-none-eabi/13.2.1/../../../arm-none-eabi/lib/thumb/v7e-m+fp/hard/libc_nano.a(libc_a-findfp.o)
__init_array_end                                  /usr/lib/gcc/arm-none-eabi/13.2.1/../../../arm-none-eabi/lib/thumb/v7e-m+fp/hard/libc_nano.a(libc_a-init.o)
__init_array_start                                /usr/lib/gcc/arm-none-eabi/13.2.1/../../../arm-none-eabi/lib/thumb/v7e-m+fp/hard/libc_nano.a(libc_a-init.o)
__io_getchar                                      build/debug/syscalls.o
__io_putchar                                      build/debug/syscalls.o
__libc_fini_array                                 /usr/lib/gcc/arm-none-eabi/13.2.1/../../../arm-none-eabi/lib/thumb/v7e-m+fp/hard/libc_nano.a(libc_a-fini.o)
                                                  /usr/lib/gcc/arm-none-eabi/13.2.1/../../../arm-none-eabi/lib/thumb/v7e-m+fp/hard/crt0.o
__libc_init_array                                 /usr/lib/gcc/arm-none-eabi/13.2.1/../../../arm-none-eabi/lib/thumb/v7e-m+fp/hard/libc_nano.a(libc_a-init.o)
                                                  build/debug/startup_stm32g431xx.o
                                                  /usr/lib/gcc/arm-none-eabi/13.2.1/../../../arm-none-eabi/lib/thumb/v7e-m+fp/hard/crt0.o
__malloc_free_list                                /usr/lib/gcc/arm-none-eabi/13.2.1/../../../arm-none-eabi/lib/thumb/v7e-m+fp/hard/libc_nano.a(libc_a-mallocr.o)
                                                  /usr/lib/gcc/arm-none-eabi/13.2.1/../../../arm-none-eabi/lib/thumb/v7e-m+fp/hard/libc_nano.a(libc_a-freer.o)
__malloc_lock                                     /usr/lib/gcc/arm-none-eabi/13.2.1/../../../arm-none-eabi/lib/thumb/v7e-m+fp/hard/libc_nano.a(libc_a-mlock.o)
                                                  /usr/lib/gcc/arm-none-eabi/13.2.1/../../../arm-none-eabi/lib/thumb/v7e-m+fp/hard/libc_nano.a(libc_a-freer.o)
                                                  /usr/lib/gcc/arm-none-eabi/13.2.1/../../../arm-none-eabi/lib/thumb/v7e-m+fp/hard/libc_nano.a(libc_a-mallocr.o)
__malloc_sbrk_start                               /usr/lib/gcc/arm-none-eabi/13.2.1/../../../arm-none-eabi/lib/thumb/v7e-m+fp/hard/libc_nano.a(libc_a-mallocr.o)
__malloc_unlock                                   /usr/lib/gcc/arm-none-eabi/13.2.1/../../../arm-none-eabi/lib/thumb/v7e-m+fp/hard/libc_nano.a(libc_a-mlock.o)
                                                  /usr/lib/gcc/arm-none-eabi/13.2.1/../../../arm-none-eabi/lib/thumb/v7e-m+fp/hard/libc_nano.a(libc_a-freer.o)
                                                  /usr/lib/gcc/arm-none-eabi/13.2.1/../../../arm-none-eabi/lib/thumb/v7e-m+fp/hard/libc_nano.a(libc_a-mallocr.o)
__on_exit_args                                    /usr/lib/gcc/arm-none-eabi/13.2.1/../../../arm-none-eabi/lib/thumb/v7e-m+fp/hard/libc_nano.a(libc_a-__atexit.o)
__preinit_array_end                               /usr/lib/gcc/arm-none-eabi/13.2.1/../../../arm-none-eabi/lib/thumb/v7e-m+fp/hard/libc_nano.a(libc_a-init.o)
__preinit_array_start                             /usr/lib/gcc/arm-none-eabi/13.2.1/../../../arm-none-eabi/lib/thumb/v7e-m+fp/hard/libc_nano.a(libc_a-init.o)
__register_exitproc                               /usr/lib/gcc/arm-none-eabi/13.2.1/../../../arm-none-eabi/lib/thumb/v7e-m+fp/hard/libc_nano.a(libc_a-__atexit.o)
                                                  /usr/lib/gcc/arm-none-eabi/13.2.1/../../../arm-none-eabi/lib/thumb/v7e-m+fp/hard/libc_nano.a(libc_a-atexit.o)
__register_frame_info                             /usr/lib/gcc/arm-none-eabi/13.2.1/thumb/v7e-m+fp/hard/crtbegin.o
__sclose                                          /usr/lib/gcc/arm-none-eabi/13.2.1/../../../arm-none-eabi/lib/thumb/v7e-m+fp/hard/libc_nano.a(libc_a-stdio.o)
                                                  /usr/lib/gcc/arm-none-eabi/13.2.1/../../../arm-none-eabi/lib/thumb/v7e-m+fp/hard/libc_nano.a(libc_a-findfp.o)
__seofread                                        /usr/lib/gcc/arm-none-eabi/13.2.1/../../../arm-none-eabi/lib/thumb/v7e-m+fp/hard/libc_nano.a(libc_a-stdio.o)
__sf                                              /usr/lib/gcc/arm-none-eabi/13.2.1/../../../arm-none-eabi/lib/thumb/v7e-m+fp/hard/libc_nano.a(libc_a-findfp.o)
                                                  /usr/lib/gcc/arm-none-eabi/13.2.1/../../../arm-none-eabi/lib/thumb/v7e-m+fp/hard/libc_nano.a(libc_a-impure.o)
__sflush_r                                        /usr/lib/gcc/arm-none-eabi/13.2.1/../../../arm-none-eabi/lib/thumb/v7e-m+fp/hard/libc_nano.a(libc_a-fflush.o)
__sfp                                             /usr/lib/gcc/arm-none-eabi/13.2.1/../../../arm-none-eabi/lib/thumb/v7e-m+fp/hard/libc_nano.a(libc_a-findfp.o)
__sfp_lock_acquire                                /usr/lib/gcc/arm-none-eabi/13.2.1/../../../arm-none-eabi/lib/thumb/v7e-m+fp/hard/libc_nano.a(libc_a-findfp.o)
__sfp_lock_release                                /usr/lib/gcc/arm-none-eabi/13.2.1/../../../arm-none-eabi/lib/thumb/v7e-m+fp/hard/libc_nano.a(libc_a-findfp.o)
__sglue                                           /usr/lib/gcc/arm-none-eabi/13.2.1/../../../arm-none-eabi/lib/thumb/v7e-m+fp/hard/libc_nano.a(libc_a-findfp.o)
                                                  /usr/lib/gcc/arm-none-eabi/13.2.1/../../../arm-none-eabi/lib/thumb/v7e-m+fp/hard/libc_nano.a(libc_a-fflush.o)
__sinit                                           /usr/lib/gcc/arm-none-eabi/13.2.1/../../../arm-none-eabi/lib/thumb/v7e-m+fp/hard/libc_nano.a(libc_a-findfp.o)
                                                  /usr/lib/gcc/arm-none-eabi/13.2.1/../../../arm-none-eabi/lib/thumb/v7e-m+fp/hard/libc_nano.a(libc_a-fflush.o)
__sread                                           /usr/lib/gcc/arm-none-eabi/13.2.1/../../../arm-none-eabi/lib/thumb/v7e-m+fp/hard/libc_nano.a(libc_a-stdio.o)
                                                  /usr/lib/gcc/arm-none-eabi/13.2.1/../../../arm-none-eabi/lib/thumb/v7e-m+fp/hard/libc_nano.a(libc_a-findfp.o)
__sseek                                           /usr/lib/gcc/arm-none-eabi/13.2.1/../../../arm-none-eabi/lib/thumb/v7e-m+fp/hard/libc_nano.a(libc_a-stdio.o)
                                                  /usr/lib/gcc/arm-none-eabi/13.2.1/../../../arm-none-eabi/lib/thumb/v7e-m+fp/hard/libc_nano.a(libc_a-findfp.o)
__stack                                           /usr/lib/gcc/arm-none-eabi/13.2.1/../../../arm-none-eabi/lib/thumb/v7e-m+fp/hard/crt0.o
__stdio_exit_handler                              /usr/lib/gcc/arm-none-eabi/13.2.1/../../../arm-none-eabi/lib/thumb/v7e-m+fp/hard/libc_nano.a(libc_a-findfp.o)
                                                  /usr/lib/gcc/arm-none-eabi/13.2.1/../../../arm-none-eabi/lib/thumb/v7e-m+fp/hard/libc_nano.a(libc_a-exit.o)
__swrite                                          /usr/lib/gcc/arm-none-eabi/13.2.1/../../../arm-none-eabi/lib/thumb/v7e-m+fp/hard/libc_nano.a(libc_a-stdio.o)
                                                  /usr/lib/gcc/arm-none-eabi/13.2.1/../../../arm-none-eabi/lib/thumb/v7e-m+fp/hard/libc_nano.a(libc_a-findfp.o)